INFO     planner time limit: 300s
INFO     planner memory limit: 4096 MB

INFO     Running translator.
INFO     translator stdin: None
INFO     translator time limit: 299s
INFO     translator memory limit: 4096 MB
INFO     translator command line string: /usr/bin/python3 /home/buser/planopt/planopt-hs25/demo/fast-downward/builds/release/bin/translate/translate.py /home/buser/KRP_Project/Spider_Axioms/domain.pddl /home/buser/KRP_Project/Spider_Axioms/instances/opt_p07.pddl --sas-file output.sas
Parsing...
Parsing: [0.010s CPU, 0.005s wall-clock]
Normalizing task... [0.000s CPU, 0.000s wall-clock]
Instantiating...
Generating Datalog program... [0.000s CPU, 0.001s wall-clock]
Normalizing Datalog program...
Trivial rules: Converted to facts.
Normalizing Datalog program: [0.000s CPU, 0.005s wall-clock]
Preparing model... [0.000s CPU, 0.002s wall-clock]
Generated 85 rules.
Computing model... [0.030s CPU, 0.024s wall-clock]
2385 relevant atoms
2457 auxiliary atoms
4842 final queue length
8384 total queue pushes
Completing instantiation... [0.050s CPU, 0.054s wall-clock]
Instantiating: [0.080s CPU, 0.085s wall-clock]
Computing fact groups...
Finding invariants...
13 initial candidates
Finding invariants: [0.000s CPU, 0.002s wall-clock]
Checking invariant weight... [0.000s CPU, 0.000s wall-clock]
Instantiating groups... [0.010s CPU, 0.000s wall-clock]
Collecting mutex groups... [0.000s CPU, 0.000s wall-clock]
Choosing groups...
92 uncovered facts
Choosing groups: [0.000s CPU, 0.000s wall-clock]
Building translation key... [0.000s CPU, 0.000s wall-clock]
Computing fact groups: [0.010s CPU, 0.004s wall-clock]
Building STRIPS to SAS dictionary... [0.000s CPU, 0.000s wall-clock]
Building dictionary for full mutex groups... [0.000s CPU, 0.000s wall-clock]
Building mutex information...
Building mutex information: [0.000s CPU, 0.000s wall-clock]
Translating task...
Processing axioms...
Simplifying axioms... [0.000s CPU, 0.001s wall-clock]
Translator axioms removed by simplifying: 18
Processing axioms: [0.010s CPU, 0.008s wall-clock]
Translating task: [0.100s CPU, 0.100s wall-clock]
1879 effect conditions simplified
0 implied preconditions added
Detecting unreachable propositions...
0 operators removed
0 axioms removed
13 propositions removed
Detecting unreachable propositions: [0.040s CPU, 0.037s wall-clock]
Reordering and filtering variables...
104 of 105 variables necessary.
0 of 13 mutex groups necessary.
1516 of 1516 operators necessary.
325 of 325 axiom rules necessary.
Reordering and filtering variables: [0.010s CPU, 0.018s wall-clock]
Translator variables: 104
Translator derived variables: 48
Translator facts: 328
Translator goal facts: 17
Translator mutex groups: 0
Translator total mutex groups size: 0
Translator operators: 1516
Translator axioms: 325
Translator task size: 18814
Translator peak memory: 41172 KB
Writing output... [0.020s CPU, 0.015s wall-clock]
Done! [0.270s CPU, 0.271s wall-clock]
translate exit code: 0

INFO     Running search (release).
INFO     search stdin: output.sas
INFO     search time limit: 299s
INFO     search memory limit: 4096 MB
INFO     search command line string: /home/buser/planopt/planopt-hs25/demo/fast-downward/builds/release/bin/downward --search 'astar(blind())' --internal-plan-file /home/buser/KRP_Project/runs/axioms_opt_p07_blind.plan < output.sas
[t=0.000000s, 14580 KB] reading input...
[t=0.020060s, 15388 KB] done reading input!
[t=0.020060s, 15644 KB] Initializing blind search heuristic...
[t=0.020060s, 15644 KB] Building successor generator...done!
[t=0.024002s, 15780 KB] peak memory difference for successor generator creation: 136 KB
[t=0.024002s, 15780 KB] time for successor generation creation: 0.003942s
[t=0.024002s, 15780 KB] Variables: 104
[t=0.024002s, 15780 KB] FactPairs: 328
[t=0.024002s, 15780 KB] Bytes per state: 20
[t=0.024002s, 15780 KB] Conducting best first search with reopening closed nodes, (real) bound = 2147483647
[t=0.024002s, 15780 KB] New best heuristic value for blind: 0
[t=0.024002s, 15780 KB] g=0, 1 evaluated, 0 expanded
[t=0.024002s, 15780 KB] f = 0, 1 evaluated, 0 expanded
[t=0.024002s, 15780 KB] Initial heuristic value for blind: 0
[t=0.024002s, 15780 KB] pruning method: none
[t=0.024002s, 15780 KB] f = 1, 5 evaluated, 1 expanded
[t=0.024002s, 15780 KB] f = 2, 18 evaluated, 10 expanded
[t=0.024002s, 15780 KB] f = 3, 51 evaluated, 34 expanded
[t=0.024002s, 15780 KB] f = 4, 95 evaluated, 69 expanded
[t=0.024002s, 15780 KB] f = 5, 161 evaluated, 124 expanded
[t=0.024002s, 15780 KB] f = 6, 260 evaluated, 209 expanded
[t=0.024002s, 15780 KB] f = 7, 369 evaluated, 303 expanded
[t=0.024002s, 15780 KB] f = 8, 529 evaluated, 419 expanded
[t=0.027964s, 15780 KB] f = 9, 779 evaluated, 623 expanded
[t=0.027964s, 15780 KB] f = 10, 1081 evaluated, 925 expanded
[t=0.027964s, 15780 KB] f = 11, 1319 evaluated, 1209 expanded
[t=0.027964s, 15780 KB] f = 12, 1475 evaluated, 1397 expanded
[t=0.031980s, 15780 KB] f = 13, 1624 evaluated, 1523 expanded
[t=0.031980s, 15780 KB] f = 14, 1797 evaluated, 1658 expanded
[t=0.031980s, 15780 KB] f = 15, 2038 evaluated, 1827 expanded
[t=0.031980s, 15888 KB] f = 16, 2365 evaluated, 2079 expanded
[t=0.035965s, 15888 KB] Solution found!
[t=0.035965s, 15888 KB] Actual search time: 0.011963s
move-to-card card-d1-s0-v0 card-d1-s0-v1 card-d0-s0-v1 pile-2 (1)
start-dealing  (1)
deal-card card-d0-s1-v0 card-d1-s1-v0 deal-0 card-d0-s1-v1 pile-0 (0)
deal-card card-d1-s1-v0 card-d1-s1-v2 deal-0 card-d1-s0-v1 pile-1 (0)
deal-card card-d1-s1-v2 deal-0 deal-0 card-d1-s0-v0 pile-2 (0)
finish-dealing deal-0 deal-1 (0)
move-to-card card-d0-s1-v1 card-d1-s1-v1 card-d1-s1-v2 pile-2 (1)
start-collecting-deck card-d0-s1-v0 (1)
collect-card card-d0-s1-v0 card-d0-s1-v1 pile-2 (0)
collect-card card-d0-s1-v1 card-d1-s1-v2 pile-2 (0)
finish-collecting-deck card-d1-s1-v2 card-d1-s0-v0 pile-2 (0)
start-collecting-deck card-d1-s0-v0 (1)
collect-card card-d1-s0-v0 card-d0-s0-v1 pile-2 (0)
collect-card card-d0-s0-v1 card-d0-s0-v2 pile-2 (0)
finish-collecting-deck card-d0-s0-v2 pile-2 pile-2 (0)
move-to-card card-d1-s1-v0 card-d1-s0-v1 card-d1-s1-v1 pile-0 (1)
move-to-tableau card-d1-s1-v1 pile-0 pile-2 (1)
move-to-tableau card-d1-s0-v1 pile-1 pile-0 (1)
move-to-tableau card-d1-s1-v0 card-d1-s1-v1 pile-1 (1)
start-dealing  (1)
deal-card card-d0-s0-v0 card-d1-s0-v2 deal-1 card-d1-s0-v1 pile-0 (0)
deal-card card-d1-s0-v2 card-d0-s1-v2 deal-1 card-d1-s1-v0 pile-1 (0)
deal-card card-d0-s1-v2 deal-1 deal-1 card-d1-s1-v1 pile-2 (0)
finish-dealing deal-1 deal-2 (0)
move-to-card card-d1-s0-v1 pile-0 card-d1-s0-v2 pile-1 (1)
start-collecting-deck card-d0-s0-v0 (1)
collect-card card-d0-s0-v0 card-d1-s0-v1 pile-1 (0)
collect-card card-d1-s0-v1 card-d1-s0-v2 pile-1 (0)
finish-collecting-deck card-d1-s0-v2 card-d1-s1-v0 pile-1 (0)
move-to-tableau card-d0-s1-v2 card-d1-s1-v1 pile-0 (1)
move-to-card card-d1-s1-v0 pile-1 card-d1-s1-v1 pile-2 (1)
move-to-card card-d1-s1-v1 pile-2 card-d0-s1-v2 pile-0 (1)
start-collecting-deck card-d1-s1-v0 (1)
collect-card card-d1-s1-v0 card-d1-s1-v1 pile-0 (0)
collect-card card-d1-s1-v1 card-d0-s1-v2 pile-0 (0)
finish-collecting-deck card-d0-s1-v2 pile-0 pile-0 (0)
[t=0.035965s, 15888 KB] Plan length: 36 step(s).
[t=0.035965s, 15888 KB] Plan cost: 16
[t=0.035965s, 15888 KB] Expanded 2432 state(s).
[t=0.035965s, 15888 KB] Reopened 0 state(s).
[t=0.035965s, 15888 KB] Evaluated 2783 state(s).
[t=0.035965s, 15888 KB] Evaluations: 2783
[t=0.035965s, 15888 KB] Generated 3740 state(s).
[t=0.035965s, 15888 KB] Dead ends: 0 state(s).
[t=0.035965s, 15888 KB] Expanded until last jump: 2079 state(s).
[t=0.035965s, 15888 KB] Reopened until last jump: 0 state(s).
[t=0.035965s, 15888 KB] Evaluated until last jump: 2365 state(s).
[t=0.035965s, 15888 KB] Generated until last jump: 3087 state(s).
[t=0.035965s, 15888 KB] Number of registered states: 2783
[t=0.035965s, 15888 KB] Int hash set load factor: 2783/4096 = 0.679443
[t=0.035965s, 15888 KB] Int hash set resizes: 12
[t=0.035965s, 15888 KB] Search time: 0.011963s
[t=0.035965s, 15888 KB] Total time: 0.035965s
Solution found.
Peak memory: 15888 KB
Remove intermediate file output.sas
search exit code: 0

INFO     Planner time: 0.48s
