INFO     planner time limit: 300s
INFO     planner memory limit: 4096 MB

INFO     Running translator.
INFO     translator stdin: None
INFO     translator time limit: 299s
INFO     translator memory limit: 4096 MB
INFO     translator command line string: /usr/bin/python3 /home/buser/planopt/planopt-hs25/demo/fast-downward/builds/release/bin/translate/translate.py /home/buser/KRP_Project/Spider_Axioms/domain.pddl /home/buser/KRP_Project/Spider_Axioms/instances/opt_p07.pddl --sas-file output.sas
Parsing...
Parsing: [0.000s CPU, 0.004s wall-clock]
Normalizing task... [0.000s CPU, 0.000s wall-clock]
Instantiating...
Generating Datalog program... [0.000s CPU, 0.000s wall-clock]
Normalizing Datalog program...
Trivial rules: Converted to facts.
Normalizing Datalog program: [0.000s CPU, 0.003s wall-clock]
Preparing model... [0.000s CPU, 0.001s wall-clock]
Generated 85 rules.
Computing model... [0.020s CPU, 0.026s wall-clock]
2385 relevant atoms
2457 auxiliary atoms
4842 final queue length
8384 total queue pushes
Completing instantiation... [0.060s CPU, 0.058s wall-clock]
Instantiating: [0.090s CPU, 0.090s wall-clock]
Computing fact groups...
Finding invariants...
13 initial candidates
Finding invariants: [0.000s CPU, 0.002s wall-clock]
Checking invariant weight... [0.000s CPU, 0.000s wall-clock]
Instantiating groups... [0.000s CPU, 0.000s wall-clock]
Collecting mutex groups... [0.000s CPU, 0.000s wall-clock]
Choosing groups...
92 uncovered facts
Choosing groups: [0.000s CPU, 0.000s wall-clock]
Building translation key... [0.000s CPU, 0.000s wall-clock]
Computing fact groups: [0.000s CPU, 0.004s wall-clock]
Building STRIPS to SAS dictionary... [0.000s CPU, 0.000s wall-clock]
Building dictionary for full mutex groups... [0.000s CPU, 0.000s wall-clock]
Building mutex information...
Building mutex information: [0.000s CPU, 0.000s wall-clock]
Translating task...
Processing axioms...
Simplifying axioms... [0.000s CPU, 0.002s wall-clock]
Translator axioms removed by simplifying: 18
Processing axioms: [0.010s CPU, 0.012s wall-clock]
Translating task: [0.110s CPU, 0.104s wall-clock]
1879 effect conditions simplified
0 implied preconditions added
Detecting unreachable propositions...
0 operators removed
0 axioms removed
13 propositions removed
Detecting unreachable propositions: [0.030s CPU, 0.030s wall-clock]
Reordering and filtering variables...
104 of 105 variables necessary.
0 of 13 mutex groups necessary.
1516 of 1516 operators necessary.
325 of 325 axiom rules necessary.
Reordering and filtering variables: [0.020s CPU, 0.019s wall-clock]
Translator variables: 104
Translator derived variables: 48
Translator facts: 328
Translator goal facts: 17
Translator mutex groups: 0
Translator total mutex groups size: 0
Translator operators: 1516
Translator axioms: 325
Translator task size: 18814
Translator peak memory: 41172 KB
Writing output... [0.020s CPU, 0.018s wall-clock]
Done! [0.270s CPU, 0.276s wall-clock]
translate exit code: 0

INFO     Running search (release).
INFO     search stdin: output.sas
INFO     search time limit: 299s
INFO     search memory limit: 4096 MB
INFO     search command line string: /home/buser/planopt/planopt-hs25/demo/fast-downward/builds/release/bin/downward --search 'astar(hmax())' --internal-plan-file /home/buser/KRP_Project/runs/axioms_opt_p07_hmax.plan < output.sas
[t=0.000000s, 14580 KB] reading input...
[t=0.011896s, 15388 KB] done reading input!
[t=0.011896s, 16124 KB] Simplifying 5321 unary operators... done! [5321 unary operators]
[t=0.015897s, 16316 KB] time to simplify: 0.004002s
[t=0.015897s, 16556 KB] Initializing HSP max heuristic...
[t=0.015897s, 16556 KB] Building successor generator...done!
[t=0.015897s, 16556 KB] peak memory difference for successor generator creation: 0 KB
[t=0.015897s, 16556 KB] time for successor generation creation: 0.000000s
[t=0.015897s, 16556 KB] Variables: 104
[t=0.015897s, 16556 KB] FactPairs: 328
[t=0.015897s, 16556 KB] Bytes per state: 20
[t=0.015897s, 16556 KB] Conducting best first search with reopening closed nodes, (real) bound = 2147483647
[t=0.015897s, 16556 KB] New best heuristic value for hmax: 3
[t=0.015897s, 16556 KB] g=0, 1 evaluated, 0 expanded
[t=0.015897s, 16556 KB] f = 3, 1 evaluated, 0 expanded
[t=0.015897s, 16556 KB] Initial heuristic value for hmax: 3
[t=0.015897s, 16556 KB] pruning method: none
[t=0.015897s, 16556 KB] New best heuristic value for hmax: 2
[t=0.015897s, 16556 KB] g=1, 5 evaluated, 1 expanded
[t=0.015897s, 16556 KB] f = 4, 8 evaluated, 4 expanded
[t=0.019934s, 16556 KB] f = 5, 30 evaluated, 15 expanded
[t=0.019934s, 16556 KB] New best heuristic value for hmax: 1
[t=0.019934s, 16556 KB] g=4, 31 evaluated, 16 expanded
[t=0.019934s, 16556 KB] f = 6, 64 evaluated, 32 expanded
[t=0.023874s, 16556 KB] f = 7, 109 evaluated, 60 expanded
[t=0.027872s, 16556 KB] f = 8, 176 evaluated, 97 expanded
[t=0.031873s, 16556 KB] f = 9, 255 evaluated, 138 expanded
[t=0.039875s, 16556 KB] f = 10, 388 evaluated, 201 expanded
[t=0.047878s, 16556 KB] f = 11, 569 evaluated, 299 expanded
[t=0.059873s, 16556 KB] f = 12, 757 evaluated, 426 expanded
[t=0.067873s, 16556 KB] f = 13, 900 evaluated, 536 expanded
[t=0.075876s, 16556 KB] f = 14, 1001 evaluated, 608 expanded
[t=0.079874s, 16556 KB] f = 15, 1119 evaluated, 670 expanded
[t=0.087889s, 16556 KB] f = 16, 1329 evaluated, 757 expanded
[t=0.087889s, 16556 KB] New best heuristic value for hmax: 0
[t=0.087889s, 16556 KB] g=16, 1332 evaluated, 758 expanded
[t=0.087889s, 16556 KB] Solution found!
[t=0.087889s, 16556 KB] Actual search time: 0.071992s
move-to-card card-d1-s0-v0 card-d1-s0-v1 card-d0-s0-v1 pile-2 (1)
start-dealing  (1)
deal-card card-d0-s1-v0 card-d1-s1-v0 deal-0 card-d0-s1-v1 pile-0 (0)
deal-card card-d1-s1-v0 card-d1-s1-v2 deal-0 card-d1-s0-v1 pile-1 (0)
deal-card card-d1-s1-v2 deal-0 deal-0 card-d1-s0-v0 pile-2 (0)
finish-dealing deal-0 deal-1 (0)
move-to-card card-d0-s1-v1 card-d1-s1-v1 card-d1-s1-v2 pile-2 (1)
start-collecting-deck card-d0-s1-v0 (1)
collect-card card-d0-s1-v0 card-d0-s1-v1 pile-2 (0)
collect-card card-d0-s1-v1 card-d1-s1-v2 pile-2 (0)
finish-collecting-deck card-d1-s1-v2 card-d1-s0-v0 pile-2 (0)
start-collecting-deck card-d1-s0-v0 (1)
collect-card card-d1-s0-v0 card-d0-s0-v1 pile-2 (0)
collect-card card-d0-s0-v1 card-d0-s0-v2 pile-2 (0)
finish-collecting-deck card-d0-s0-v2 pile-2 pile-2 (0)
move-to-card card-d1-s1-v0 card-d1-s0-v1 card-d1-s1-v1 pile-0 (1)
move-to-tableau card-d1-s1-v1 pile-0 pile-2 (1)
move-to-tableau card-d1-s0-v1 pile-1 pile-0 (1)
move-to-tableau card-d1-s1-v0 card-d1-s1-v1 pile-1 (1)
start-dealing  (1)
deal-card card-d0-s0-v0 card-d1-s0-v2 deal-1 card-d1-s0-v1 pile-0 (0)
deal-card card-d1-s0-v2 card-d0-s1-v2 deal-1 card-d1-s1-v0 pile-1 (0)
deal-card card-d0-s1-v2 deal-1 deal-1 card-d1-s1-v1 pile-2 (0)
finish-dealing deal-1 deal-2 (0)
move-to-card card-d1-s0-v1 pile-0 card-d1-s0-v2 pile-1 (1)
move-to-tableau card-d0-s1-v2 card-d1-s1-v1 pile-0 (1)
start-collecting-deck card-d0-s0-v0 (1)
collect-card card-d0-s0-v0 card-d1-s0-v1 pile-1 (0)
collect-card card-d1-s0-v1 card-d1-s0-v2 pile-1 (0)
finish-collecting-deck card-d1-s0-v2 card-d1-s1-v0 pile-1 (0)
move-to-card card-d1-s1-v0 pile-1 card-d1-s1-v1 pile-2 (1)
move-to-card card-d1-s1-v1 pile-2 card-d0-s1-v2 pile-0 (1)
start-collecting-deck card-d1-s1-v0 (1)
collect-card card-d1-s1-v0 card-d1-s1-v1 pile-0 (0)
collect-card card-d1-s1-v1 card-d0-s1-v2 pile-0 (0)
finish-collecting-deck card-d0-s1-v2 pile-0 pile-0 (0)
[t=0.087889s, 16556 KB] Plan length: 36 step(s).
[t=0.087889s, 16556 KB] Plan cost: 16
[t=0.087889s, 16556 KB] Expanded 762 state(s).
[t=0.087889s, 16556 KB] Reopened 0 state(s).
[t=0.087889s, 16556 KB] Evaluated 1336 state(s).
[t=0.087889s, 16556 KB] Evaluations: 1336
[t=0.087889s, 16556 KB] Generated 1749 state(s).
[t=0.087889s, 16556 KB] Dead ends: 499 state(s).
[t=0.087889s, 16556 KB] Expanded until last jump: 757 state(s).
[t=0.087889s, 16556 KB] Reopened until last jump: 0 state(s).
[t=0.087889s, 16556 KB] Evaluated until last jump: 1329 state(s).
[t=0.087889s, 16556 KB] Generated until last jump: 1738 state(s).
[t=0.087889s, 16556 KB] Number of registered states: 1336
[t=0.087889s, 16556 KB] Int hash set load factor: 1336/2048 = 0.652344
[t=0.087889s, 16556 KB] Int hash set resizes: 11
[t=0.087889s, 16556 KB] Search time: 0.071992s
[t=0.087889s, 16556 KB] Total time: 0.087889s
Solution found.
Peak memory: 16556 KB
Remove intermediate file output.sas
search exit code: 0

INFO     Planner time: 0.55s
