INFO     planner time limit: 300s
INFO     planner memory limit: 4096 MB

INFO     Running translator.
INFO     translator stdin: None
INFO     translator time limit: 299s
INFO     translator memory limit: 4096 MB
INFO     translator command line string: /usr/bin/python3 /home/buser/planopt/planopt-hs25/demo/fast-downward/builds/release/bin/translate/translate.py /home/buser/KRP_Project/Spider_Axioms/domain.pddl /home/buser/KRP_Project/Spider_Axioms/instances/opt_p03.pddl --sas-file output.sas
Parsing...
Parsing: [0.010s CPU, 0.004s wall-clock]
Normalizing task... [0.000s CPU, 0.000s wall-clock]
Instantiating...
Generating Datalog program... [0.000s CPU, 0.001s wall-clock]
Normalizing Datalog program...
Trivial rules: Converted to facts.
Normalizing Datalog program: [0.000s CPU, 0.002s wall-clock]
Preparing model... [0.000s CPU, 0.001s wall-clock]
Generated 85 rules.
Computing model... [0.070s CPU, 0.065s wall-clock]
7206 relevant atoms
5017 auxiliary atoms
12223 final queue length
24101 total queue pushes
Completing instantiation... [0.200s CPU, 0.202s wall-clock]
Instantiating: [0.270s CPU, 0.274s wall-clock]
Computing fact groups...
Finding invariants...
13 initial candidates
Finding invariants: [0.000s CPU, 0.002s wall-clock]
Checking invariant weight... [0.000s CPU, 0.001s wall-clock]
Instantiating groups... [0.000s CPU, 0.001s wall-clock]
Collecting mutex groups... [0.000s CPU, 0.000s wall-clock]
Choosing groups...
169 uncovered facts
Choosing groups: [0.000s CPU, 0.001s wall-clock]
Building translation key... [0.000s CPU, 0.001s wall-clock]
Computing fact groups: [0.010s CPU, 0.007s wall-clock]
Building STRIPS to SAS dictionary... [0.000s CPU, 0.000s wall-clock]
Building dictionary for full mutex groups... [0.000s CPU, 0.000s wall-clock]
Building mutex information...
Building mutex information: [0.000s CPU, 0.000s wall-clock]
Translating task...
Processing axioms...
Simplifying axioms... [0.010s CPU, 0.003s wall-clock]
Translator axioms removed by simplifying: 32
Processing axioms: [0.030s CPU, 0.029s wall-clock]
Translating task: [0.330s CPU, 0.327s wall-clock]
5484 effect conditions simplified
0 implied preconditions added
Detecting unreachable propositions...
0 operators removed
0 axioms removed
21 propositions removed
Detecting unreachable propositions: [0.170s CPU, 0.176s wall-clock]
Reordering and filtering variables...
189 of 190 variables necessary.
0 of 21 mutex groups necessary.
5255 of 5255 operators necessary.
876 of 876 axiom rules necessary.
Reordering and filtering variables: [0.060s CPU, 0.061s wall-clock]
Translator variables: 189
Translator derived variables: 100
Translator facts: 639
Translator goal facts: 26
Translator mutex groups: 0
Translator total mutex groups size: 0
Translator operators: 5255
Translator axioms: 876
Translator task size: 64318
Translator peak memory: 65328 KB
Writing output... [0.060s CPU, 0.058s wall-clock]
Done! [0.920s CPU, 0.921s wall-clock]
translate exit code: 0

INFO     Running search (release).
INFO     search stdin: output.sas
INFO     search time limit: 298s
INFO     search memory limit: 4096 MB
INFO     search command line string: /home/buser/planopt/planopt-hs25/demo/fast-downward/builds/release/bin/downward --search 'astar(blind())' --internal-plan-file /home/buser/KRP_Project/runs/axioms_opt_p03_blind.plan < output.sas
[t=0.000000s, 14580 KB] reading input...
[t=0.039844s, 17136 KB] done reading input!
[t=0.043845s, 17400 KB] Initializing blind search heuristic...
[t=0.043845s, 17400 KB] Building successor generator...done!
[t=0.047956s, 18096 KB] peak memory difference for successor generator creation: 696 KB
[t=0.047956s, 18096 KB] time for successor generation creation: 0.004111s
[t=0.047956s, 18096 KB] Variables: 189
[t=0.047956s, 18096 KB] FactPairs: 639
[t=0.047956s, 18096 KB] Bytes per state: 32
[t=0.047956s, 18096 KB] Conducting best first search with reopening closed nodes, (real) bound = 2147483647
[t=0.047956s, 18096 KB] New best heuristic value for blind: 0
[t=0.047956s, 18096 KB] g=0, 1 evaluated, 0 expanded
[t=0.047956s, 18096 KB] f = 0, 1 evaluated, 0 expanded
[t=0.047956s, 18096 KB] Initial heuristic value for blind: 0
[t=0.047956s, 18096 KB] pruning method: none
[t=0.047956s, 18096 KB] f = 1, 6 evaluated, 1 expanded
[t=0.047956s, 18096 KB] f = 2, 27 evaluated, 11 expanded
[t=0.047956s, 18096 KB] f = 3, 94 evaluated, 52 expanded
[t=0.047956s, 18096 KB] f = 4, 245 evaluated, 150 expanded
[t=0.051937s, 18096 KB] f = 5, 569 evaluated, 337 expanded
[t=0.055844s, 18096 KB] f = 6, 1232 evaluated, 720 expanded
[t=0.059841s, 18096 KB] f = 7, 2580 evaluated, 1528 expanded
[t=0.075861s, 18196 KB] f = 8, 5117 evaluated, 3151 expanded
[t=0.099895s, 18468 KB] f = 9, 9527 evaluated, 6008 expanded
[t=0.135847s, 19000 KB] f = 10, 16945 evaluated, 10817 expanded
[t=0.207840s, 19540 KB] f = 11, 29135 evaluated, 18814 expanded
[t=0.323841s, 20884 KB] f = 12, 48403 evaluated, 31726 expanded
[t=0.507847s, 22888 KB] f = 13, 78011 evaluated, 52075 expanded
[t=0.779842s, 26704 KB] f = 14, 122025 evaluated, 83391 expanded
[t=1.167843s, 29308 KB] f = 15, 184268 evaluated, 129453 expanded
[t=1.715848s, 35784 KB] f = 16, 268800 evaluated, 194003 expanded
[t=2.447825s, 41564 KB] f = 17, 379449 evaluated, 281719 expanded
[t=3.447858s, 53284 KB] f = 18, 518038 evaluated, 396563 expanded
[t=4.583731s, 61284 KB] f = 19, 682684 evaluated, 540190 expanded
[t=5.863697s, 70852 KB] f = 20, 867822 evaluated, 709683 expanded
[t=7.307662s, 89200 KB] f = 21, 1066348 evaluated, 898762 expanded
[t=8.742189s, 99764 KB] f = 22, 1274360 evaluated, 1100653 expanded
[t=10.266129s, 110768 KB] Solution found!
[t=10.266129s, 110768 KB] Actual search time: 10.218173s
move-to-card card-d0-s3-v1 card-d0-s0-v3 card-d0-s3-v2 pile-0 (1)
move-to-card card-d0-s1-v2 card-d0-s2-v4 card-d0-s0-v3 pile-1 (1)
move-to-card card-d0-s2-v3 card-d0-s2-v1 card-d0-s2-v4 pile-3 (1)
move-to-card card-d0-s2-v2 pile-2 card-d0-s2-v3 pile-3 (1)
move-to-tableau card-d0-s2-v4 card-d0-s3-v3 pile-2 (1)
move-to-card card-d0-s3-v2 card-d0-s3-v4 card-d0-s3-v3 pile-3 (1)
start-dealing  (1)
deal-card card-d0-s0-v0 card-d0-s1-v0 deal-0 card-d0-s3-v4 pile-0 (0)
deal-card card-d0-s1-v0 card-d0-s2-v0 deal-0 card-d0-s1-v2 pile-1 (0)
deal-card card-d0-s2-v0 card-d0-s3-v0 deal-0 card-d0-s2-v1 pile-2 (0)
deal-card card-d0-s3-v0 deal-0 deal-0 card-d0-s3-v1 pile-3 (0)
finish-dealing deal-0 deal-1 (0)
start-collecting-deck card-d0-s2-v0 (1)
collect-card card-d0-s2-v0 card-d0-s2-v1 pile-2 (0)
collect-card card-d0-s2-v1 card-d0-s2-v2 pile-2 (0)
collect-card card-d0-s2-v2 card-d0-s2-v3 pile-2 (0)
collect-card card-d0-s2-v3 card-d0-s2-v4 pile-2 (0)
finish-collecting-deck card-d0-s2-v4 pile-2 pile-2 (0)
move-to-tableau card-d0-s1-v0 card-d0-s1-v2 pile-2 (1)
start-dealing  (1)
deal-card card-d0-s1-v3 card-d0-s1-v1 deal-1 card-d0-s0-v0 pile-0 (0)
deal-card card-d0-s1-v1 card-d0-s0-v2 deal-1 card-d0-s1-v2 pile-1 (0)
deal-card card-d0-s0-v2 card-d0-s0-v1 deal-1 card-d0-s1-v0 pile-2 (0)
deal-card card-d0-s0-v1 deal-1 deal-1 card-d0-s3-v0 pile-3 (0)
finish-dealing deal-1 deal-2 (0)
move-to-card card-d0-s1-v2 card-d0-s0-v3 card-d0-s1-v3 pile-0 (1)
move-to-card card-d0-s0-v2 card-d0-s1-v0 card-d0-s0-v3 pile-1 (1)
move-to-card card-d0-s1-v0 pile-2 card-d0-s1-v1 pile-0 (1)
move-to-tableau card-d0-s0-v3 card-d0-s1-v4 pile-2 (1)
move-to-card card-d0-s1-v3 card-d0-s0-v0 card-d0-s1-v4 pile-1 (1)
start-collecting-deck card-d0-s1-v0 (1)
collect-card card-d0-s1-v0 card-d0-s1-v1 pile-1 (0)
collect-card card-d0-s1-v1 card-d0-s1-v2 pile-1 (0)
collect-card card-d0-s1-v2 card-d0-s1-v3 pile-1 (0)
collect-card card-d0-s1-v3 card-d0-s1-v4 pile-1 (0)
finish-collecting-deck card-d0-s1-v4 pile-1 pile-1 (0)
move-to-card card-d0-s0-v0 card-d0-s3-v4 card-d0-s0-v1 pile-3 (1)
move-to-card card-d0-s0-v1 card-d0-s3-v0 card-d0-s0-v2 pile-2 (1)
move-to-card card-d0-s3-v3 pile-3 card-d0-s3-v4 pile-0 (1)
start-collecting-deck card-d0-s3-v0 (1)
collect-card card-d0-s3-v0 card-d0-s3-v1 pile-0 (0)
collect-card card-d0-s3-v1 card-d0-s3-v2 pile-0 (0)
collect-card card-d0-s3-v2 card-d0-s3-v3 pile-0 (0)
collect-card card-d0-s3-v3 card-d0-s3-v4 pile-0 (0)
finish-collecting-deck card-d0-s3-v4 card-d0-s0-v4 pile-0 (0)
move-to-card card-d0-s0-v3 pile-2 card-d0-s0-v4 pile-0 (1)
start-collecting-deck card-d0-s0-v0 (1)
collect-card card-d0-s0-v0 card-d0-s0-v1 pile-0 (0)
collect-card card-d0-s0-v1 card-d0-s0-v2 pile-0 (0)
collect-card card-d0-s0-v2 card-d0-s0-v3 pile-0 (0)
collect-card card-d0-s0-v3 card-d0-s0-v4 pile-0 (0)
finish-collecting-deck card-d0-s0-v4 pile-0 pile-0 (0)
[t=10.266129s, 110768 KB] Plan length: 52 step(s).
[t=10.266129s, 110768 KB] Plan cost: 22
[t=10.266129s, 110768 KB] Expanded 1312563 state(s).
[t=10.266129s, 110768 KB] Reopened 0 state(s).
[t=10.266129s, 110768 KB] Evaluated 1489030 state(s).
[t=10.266129s, 110768 KB] Evaluations: 1489030
[t=10.266129s, 110768 KB] Generated 2072906 state(s).
[t=10.266129s, 110768 KB] Dead ends: 0 state(s).
[t=10.266129s, 110768 KB] Expanded until last jump: 1100653 state(s).
[t=10.266129s, 110768 KB] Reopened until last jump: 0 state(s).
[t=10.266129s, 110768 KB] Evaluated until last jump: 1274360 state(s).
[t=10.266129s, 110768 KB] Generated until last jump: 1773778 state(s).
[t=10.266129s, 110768 KB] Number of registered states: 1489030
[t=10.266129s, 110768 KB] Int hash set load factor: 1489030/2097152 = 0.710025
[t=10.266129s, 110768 KB] Int hash set resizes: 21
[t=10.266129s, 110768 KB] Search time: 10.218173s
[t=10.266129s, 110768 KB] Total time: 10.266129s
Solution found.
Peak memory: 110768 KB
Remove intermediate file output.sas
search exit code: 0

INFO     Planner time: 11.38s
