INFO     planner time limit: 300s
INFO     planner memory limit: 4096 MB

INFO     Running translator.
INFO     translator stdin: None
INFO     translator time limit: 299s
INFO     translator memory limit: 4096 MB
INFO     translator command line string: /usr/bin/python3 /home/buser/planopt/planopt-hs25/demo/fast-downward/builds/release/bin/translate/translate.py /home/buser/KRP_Project/Spider_Axioms/domain.pddl /home/buser/KRP_Project/Spider_Axioms/instances/sat_p05.pddl --sas-file output.sas
Parsing...
Parsing: [0.000s CPU, 0.004s wall-clock]
Normalizing task... [0.000s CPU, 0.000s wall-clock]
Instantiating...
Generating Datalog program... [0.000s CPU, 0.001s wall-clock]
Normalizing Datalog program...
Trivial rules: Converted to facts.
Normalizing Datalog program: [0.000s CPU, 0.001s wall-clock]
Preparing model... [0.000s CPU, 0.001s wall-clock]
Generated 85 rules.
Computing model... [0.220s CPU, 0.218s wall-clock]
54619 relevant atoms
20734 auxiliary atoms
75353 final queue length
172330 total queue pushes
Completing instantiation... [1.480s CPU, 1.482s wall-clock]
Instantiating: [1.710s CPU, 1.714s wall-clock]
Computing fact groups...
Finding invariants...
13 initial candidates
Finding invariants: [0.000s CPU, 0.003s wall-clock]
Checking invariant weight... [0.000s CPU, 0.000s wall-clock]
Instantiating groups... [0.000s CPU, 0.001s wall-clock]
Collecting mutex groups... [0.000s CPU, 0.000s wall-clock]
Choosing groups...
541 uncovered facts
Choosing groups: [0.000s CPU, 0.001s wall-clock]
Building translation key... [0.000s CPU, 0.001s wall-clock]
Computing fact groups: [0.010s CPU, 0.009s wall-clock]
Building STRIPS to SAS dictionary... [0.000s CPU, 0.000s wall-clock]
Building dictionary for full mutex groups... [0.000s CPU, 0.001s wall-clock]
Building mutex information...
Building mutex information: [0.000s CPU, 0.000s wall-clock]
Translating task...
Processing axioms...
Simplifying axioms... [0.010s CPU, 0.016s wall-clock]
Translator axioms removed by simplifying: 128
Processing axioms: [0.140s CPU, 0.137s wall-clock]
Translating task: [1.540s CPU, 1.543s wall-clock]
45980 effect conditions simplified
0 implied preconditions added
Detecting unreachable propositions...
0 operators removed
0 axioms removed
45 propositions removed
Detecting unreachable propositions: [0.800s CPU, 0.795s wall-clock]
Reordering and filtering variables...
585 of 586 variables necessary.
0 of 45 mutex groups necessary.
43663 of 43663 operators necessary.
6924 of 6924 axiom rules necessary.
Reordering and filtering variables: [0.240s CPU, 0.249s wall-clock]
Translator variables: 585
Translator derived variables: 396
Translator facts: 2308
Translator goal facts: 54
Translator mutex groups: 0
Translator total mutex groups size: 0
Translator operators: 43663
Translator axioms: 6924
Translator task size: 529043
Translator peak memory: 291028 KB
Writing output... [0.240s CPU, 0.246s wall-clock]
Done! [4.600s CPU, 4.616s wall-clock]
translate exit code: 0

INFO     Running search (release).
INFO     search stdin: output.sas
INFO     search time limit: 295s
INFO     search memory limit: 4096 MB
INFO     search command line string: /home/buser/planopt/planopt-hs25/demo/fast-downward/builds/release/bin/downward --search --if-unit-cost 'let(hlm,landmark_sum(lm_reasonable_orders_hps(lm_rhw()),pref=false),let(hff,ff(),iterated([lazy_greedy([hff,hlm],preferred=[hff,hlm]),lazy_wastar([hff,hlm],preferred=[hff,hlm],w=5),lazy_wastar([hff,hlm],preferred=[hff,hlm],w=3),lazy_wastar([hff,hlm],preferred=[hff,hlm],w=2),lazy_wastar([hff,hlm],preferred=[hff,hlm],w=1)],repeat_last=true,continue_on_fail=true)))' --if-non-unit-cost 'let(hlm1,landmark_sum(lm_reasonable_orders_hps(lm_rhw()),transform=adapt_costs(one),pref=false),let(hff1,ff(transform=adapt_costs(one)),let(hlm2,landmark_sum(lm_reasonable_orders_hps(lm_rhw()),transform=adapt_costs(plusone),pref=false),let(hff2,ff(transform=adapt_costs(plusone)),iterated([lazy_greedy([hff1,hlm1],preferred=[hff1,hlm1],cost_type=one,reopen_closed=false),lazy_greedy([hff2,hlm2],preferred=[hff2,hlm2],reopen_closed=false),lazy_wastar([hff2,hlm2],preferred=[hff2,hlm2],w=5),lazy_wastar([hff2,hlm2],preferred=[hff2,hlm2],w=3),lazy_wastar([hff2,hlm2],preferred=[hff2,hlm2],w=2),lazy_wastar([hff2,hlm2],preferred=[hff2,hlm2],w=1)],repeat_last=true,continue_on_fail=true)))))' --always --internal-plan-file /home/buser/KRP_Project/runs/axioms_sat_p05_lama.plan < output.sas
[t=0.000000s, 14580 KB] reading input...
[t=0.182850s, 35144 KB] done reading input!
[t=0.186848s, 35480 KB] Initializing landmark sum heuristic...
[t=0.186848s, 35480 KB] Generating landmark graph...
[t=0.186848s, 36144 KB] Building a landmark graph with reasonable orders.
[t=0.190837s, 37072 KB] Initializing Exploration...
[t=0.210801s, 53484 KB] Generating landmarks using the RPG/SAS+ approach
[t=2.742708s, 60752 KB] Landmarks generation time: 2.555861s
[t=2.742708s, 60752 KB] Discovered 420 landmarks, of which 0 are disjunctive and 0 are conjunctive.
[t=2.742708s, 60752 KB] 5813 edges
[t=2.742708s, 60752 KB] approx. reasonable orders
[t=3.134166s, 60752 KB] Landmarks generation time: 2.947318s
[t=3.134166s, 60752 KB] Discovered 420 landmarks, of which 0 are disjunctive and 0 are conjunctive.
[t=3.134166s, 60752 KB] 6007 edges
[t=3.134166s, 60752 KB] Landmark graph generation time: 2.947318s
[t=3.134166s, 60752 KB] Landmark graph contains 420 landmarks, of which 0 are disjunctive and 0 are conjunctive.
[t=3.134166s, 60752 KB] Landmark graph contains 6007 orderings.
[t=3.154142s, 67444 KB] Simplifying 141159 unary operators... done! [141159 unary operators]
[t=3.198093s, 68632 KB] time to simplify: 0.043951s
[t=3.202088s, 72892 KB] Initializing additive heuristic...
[t=3.202088s, 72892 KB] Initializing FF heuristic...
[t=3.206080s, 72892 KB] Initializing landmark sum heuristic...
[t=3.206080s, 72892 KB] Generating landmark graph...
[t=3.210077s, 72892 KB] Building a landmark graph with reasonable orders.
[t=3.210077s, 72892 KB] Initializing Exploration...
[t=3.226058s, 75384 KB] Generating landmarks using the RPG/SAS+ approach
[t=5.759095s, 82328 KB] Landmarks generation time: 2.549018s
[t=5.759095s, 82328 KB] Discovered 420 landmarks, of which 0 are disjunctive and 0 are conjunctive.
[t=5.759095s, 82328 KB] 5813 edges
[t=5.759095s, 82328 KB] approx. reasonable orders
[t=6.150699s, 82328 KB] Landmarks generation time: 2.944619s
[t=6.150699s, 82328 KB] Discovered 420 landmarks, of which 0 are disjunctive and 0 are conjunctive.
[t=6.150699s, 82328 KB] 6007 edges
[t=6.150699s, 82328 KB] Landmark graph generation time: 2.944619s
[t=6.150699s, 82328 KB] Landmark graph contains 420 landmarks, of which 0 are disjunctive and 0 are conjunctive.
[t=6.150699s, 82328 KB] Landmark graph contains 6007 orderings.
[t=6.170685s, 91616 KB] Simplifying 141159 unary operators... done! [141159 unary operators]
[t=6.206651s, 91616 KB] time to simplify: 0.035966s
[t=6.210653s, 96752 KB] Initializing additive heuristic...
[t=6.210653s, 96752 KB] Initializing FF heuristic...
[t=6.210653s, 96752 KB] Building successor generator...done!
[t=6.218641s, 96752 KB] peak memory difference for successor generator creation: 0 KB
[t=6.218641s, 96752 KB] time for successor generation creation: 0.007988s
[t=6.218641s, 96752 KB] Variables: 585
[t=6.218641s, 96752 KB] FactPairs: 2308
[t=6.218641s, 96752 KB] Bytes per state: 96
[t=6.218641s, 96752 KB] Building successor generator...done!
[t=6.222640s, 96752 KB] peak memory difference for successor generator creation: 0 KB
[t=6.222640s, 96752 KB] time for successor generation creation: 0.000000s
[t=6.222640s, 96752 KB] Variables: 585
[t=6.222640s, 96752 KB] FactPairs: 2308
[t=6.222640s, 96752 KB] Bytes per state: 96
[t=6.222640s, 96752 KB] Starting search: lazy_greedy
[t=6.222640s, 96752 KB] Conducting lazy best first search, (real) bound = 2147483647
[t=6.222640s, 96752 KB] New best heuristic value for landmark_sum_heuristic: 208
[t=6.226937s, 96752 KB] New best heuristic value for ff: 138
[t=6.226937s, 96752 KB] g=0, 1 evaluated, 0 expanded
[t=6.226937s, 96752 KB] Initial heuristic value for landmark_sum_heuristic: 208
[t=6.226937s, 96752 KB] Initial heuristic value for ff: 138
[t=6.226937s, 96752 KB] New best heuristic value for landmark_sum_heuristic: 207
[t=6.226937s, 96752 KB] New best heuristic value for ff: 136
[t=6.226937s, 96752 KB] g=1, 2 evaluated, 1 expanded
[t=6.230915s, 96752 KB] New best heuristic value for ff: 133
[t=6.230915s, 96752 KB] g=2, 3 evaluated, 2 expanded
[t=6.234634s, 96752 KB] New best heuristic value for landmark_sum_heuristic: 204
[t=6.234634s, 96752 KB] New best heuristic value for ff: 132
[t=6.234634s, 96752 KB] g=3, 6 evaluated, 5 expanded
[t=6.238627s, 96752 KB] New best heuristic value for ff: 131
[t=6.238627s, 96752 KB] g=4, 8 evaluated, 7 expanded
[t=6.250628s, 96752 KB] New best heuristic value for landmark_sum_heuristic: 201
[t=6.250628s, 96752 KB] g=4, 13 evaluated, 12 expanded
[t=6.266598s, 96752 KB] New best heuristic value for ff: 129
[t=6.266598s, 96752 KB] g=5, 23 evaluated, 22 expanded
[t=6.266598s, 96752 KB] New best heuristic value for ff: 128
[t=6.266598s, 96752 KB] g=6, 25 evaluated, 24 expanded
[t=6.270595s, 96752 KB] New best heuristic value for landmark_sum_heuristic: 200
[t=6.270595s, 96752 KB] g=5, 26 evaluated, 25 expanded
[t=6.291664s, 96752 KB] New best heuristic value for ff: 127
[t=6.291664s, 96752 KB] g=6, 34 evaluated, 33 expanded
[t=6.302566s, 96752 KB] New best heuristic value for ff: 126
[t=6.302566s, 96752 KB] g=9, 40 evaluated, 39 expanded
[t=6.306563s, 96752 KB] New best heuristic value for ff: 122
[t=6.306563s, 96752 KB] g=10, 42 evaluated, 41 expanded
[t=6.310568s, 96752 KB] New best heuristic value for ff: 121
[t=6.310568s, 96752 KB] g=12, 46 evaluated, 45 expanded
[t=6.314558s, 96752 KB] New best heuristic value for ff: 120
[t=6.314558s, 96752 KB] g=13, 48 evaluated, 47 expanded
[t=6.314558s, 96752 KB] New best heuristic value for landmark_sum_heuristic: 198
[t=6.314558s, 96752 KB] g=6, 49 evaluated, 48 expanded
[t=6.322549s, 96752 KB] New best heuristic value for landmark_sum_heuristic: 196
[t=6.322549s, 96752 KB] g=15, 52 evaluated, 51 expanded
[t=6.322549s, 96752 KB] New best heuristic value for landmark_sum_heuristic: 193
[t=6.322549s, 96752 KB] g=16, 53 evaluated, 52 expanded
[t=6.322549s, 96752 KB] New best heuristic value for landmark_sum_heuristic: 192
[t=6.322549s, 96752 KB] g=17, 54 evaluated, 53 expanded
[t=6.330550s, 96752 KB] New best heuristic value for ff: 118
[t=6.330550s, 96752 KB] g=17, 60 evaluated, 59 expanded
[t=6.334541s, 96752 KB] New best heuristic value for ff: 116
[t=6.334541s, 96752 KB] g=19, 62 evaluated, 61 expanded
[t=6.334541s, 96752 KB] New best heuristic value for landmark_sum_heuristic: 191
[t=6.334541s, 96752 KB] g=20, 63 evaluated, 62 expanded
[t=6.338544s, 96752 KB] New best heuristic value for landmark_sum_heuristic: 190
[t=6.338544s, 96752 KB] g=21, 64 evaluated, 63 expanded
[t=6.338544s, 96752 KB] New best heuristic value for landmark_sum_heuristic: 189
[t=6.338544s, 96752 KB] g=22, 65 evaluated, 64 expanded
[t=6.342539s, 96752 KB] New best heuristic value for landmark_sum_heuristic: 188
[t=6.342539s, 96752 KB] g=23, 66 evaluated, 65 expanded
[t=6.342539s, 96752 KB] New best heuristic value for ff: 115
[t=6.342539s, 96752 KB] g=24, 67 evaluated, 66 expanded
[t=6.342539s, 96752 KB] New best heuristic value for landmark_sum_heuristic: 187
[t=6.342539s, 96752 KB] g=25, 68 evaluated, 67 expanded
[t=6.346531s, 96752 KB] New best heuristic value for landmark_sum_heuristic: 186
[t=6.346531s, 96752 KB] New best heuristic value for ff: 114
[t=6.346531s, 96752 KB] g=26, 69 evaluated, 68 expanded
[t=6.346531s, 96752 KB] New best heuristic value for landmark_sum_heuristic: 185
[t=6.346531s, 96752 KB] g=27, 71 evaluated, 70 expanded
[t=6.350524s, 96752 KB] New best heuristic value for ff: 112
[t=6.350524s, 96752 KB] g=28, 72 evaluated, 71 expanded
[t=6.354521s, 96752 KB] New best heuristic value for landmark_sum_heuristic: 183
[t=6.354521s, 96752 KB] New best heuristic value for ff: 111
[t=6.354521s, 96752 KB] g=29, 75 evaluated, 74 expanded
[t=6.354521s, 96752 KB] New best heuristic value for landmark_sum_heuristic: 181
[t=6.354521s, 96752 KB] New best heuristic value for ff: 110
[t=6.354521s, 96752 KB] g=30, 76 evaluated, 75 expanded
[t=6.358517s, 96752 KB] New best heuristic value for landmark_sum_heuristic: 180
[t=6.358517s, 96752 KB] New best heuristic value for ff: 109
[t=6.358517s, 96752 KB] g=31, 77 evaluated, 76 expanded
[t=6.358517s, 96752 KB] New best heuristic value for landmark_sum_heuristic: 179
[t=6.358517s, 96752 KB] g=32, 78 evaluated, 77 expanded
[t=6.362533s, 96752 KB] New best heuristic value for landmark_sum_heuristic: 176
[t=6.362533s, 96752 KB] New best heuristic value for ff: 108
[t=6.362533s, 96752 KB] g=33, 79 evaluated, 78 expanded
[t=6.362533s, 96752 KB] New best heuristic value for ff: 107
[t=6.362533s, 96752 KB] g=34, 80 evaluated, 79 expanded
[t=6.366510s, 96752 KB] New best heuristic value for landmark_sum_heuristic: 175
[t=6.366510s, 96752 KB] g=34, 81 evaluated, 80 expanded
[t=6.374503s, 96752 KB] New best heuristic value for landmark_sum_heuristic: 172
[t=6.374503s, 96752 KB] g=35, 87 evaluated, 86 expanded
[t=6.374503s, 96752 KB] New best heuristic value for ff: 105
[t=6.374503s, 96752 KB] g=36, 88 evaluated, 87 expanded
[t=6.378499s, 96752 KB] New best heuristic value for landmark_sum_heuristic: 171
[t=6.378499s, 96752 KB] New best heuristic value for ff: 104
[t=6.378499s, 96752 KB] g=37, 90 evaluated, 89 expanded
[t=6.382495s, 96752 KB] New best heuristic value for landmark_sum_heuristic: 170
[t=6.382495s, 96752 KB] g=38, 92 evaluated, 91 expanded
[t=6.386492s, 96752 KB] New best heuristic value for landmark_sum_heuristic: 169
[t=6.386492s, 96752 KB] g=39, 95 evaluated, 94 expanded
[t=6.390500s, 96752 KB] New best heuristic value for landmark_sum_heuristic: 168
[t=6.394497s, 96752 KB] g=40, 101 evaluated, 100 expanded
[t=6.406463s, 96752 KB] New best heuristic value for landmark_sum_heuristic: 167
[t=6.406463s, 96752 KB] g=42, 112 evaluated, 111 expanded
[t=6.422856s, 96752 KB] New best heuristic value for ff: 103
[t=6.422856s, 96752 KB] g=40, 124 evaluated, 123 expanded
[t=6.422856s, 96752 KB] New best heuristic value for landmark_sum_heuristic: 165
[t=6.422856s, 96752 KB] New best heuristic value for ff: 102
[t=6.422856s, 96752 KB] g=41, 125 evaluated, 124 expanded
[t=6.430443s, 96752 KB] New best heuristic value for landmark_sum_heuristic: 164
[t=6.430443s, 96752 KB] g=42, 128 evaluated, 127 expanded
[t=6.434453s, 96752 KB] New best heuristic value for landmark_sum_heuristic: 163
[t=6.434453s, 96752 KB] New best heuristic value for ff: 100
[t=6.434453s, 96752 KB] g=42, 130 evaluated, 129 expanded
[t=6.442431s, 96752 KB] New best heuristic value for landmark_sum_heuristic: 162
[t=6.442431s, 96752 KB] g=43, 136 evaluated, 135 expanded
[t=6.446428s, 96752 KB] New best heuristic value for ff: 99
[t=6.446428s, 96752 KB] g=44, 140 evaluated, 139 expanded
[t=6.450429s, 96752 KB] New best heuristic value for landmark_sum_heuristic: 160
[t=6.450429s, 96752 KB] g=46, 142 evaluated, 141 expanded
[t=6.454420s, 96752 KB] New best heuristic value for ff: 98
[t=6.454420s, 96752 KB] g=47, 144 evaluated, 143 expanded
[t=6.470411s, 96752 KB] New best heuristic value for landmark_sum_heuristic: 159
[t=6.470411s, 96752 KB] g=48, 153 evaluated, 152 expanded
[t=6.474403s, 96752 KB] New best heuristic value for ff: 97
[t=6.474403s, 96752 KB] g=47, 156 evaluated, 155 expanded
[t=6.478403s, 96752 KB] New best heuristic value for landmark_sum_heuristic: 157
[t=6.478403s, 96752 KB] New best heuristic value for ff: 95
[t=6.478403s, 96752 KB] g=48, 159 evaluated, 158 expanded
[t=6.486395s, 96752 KB] New best heuristic value for landmark_sum_heuristic: 156
[t=6.486395s, 96752 KB] g=49, 165 evaluated, 164 expanded
[t=6.498389s, 96752 KB] New best heuristic value for landmark_sum_heuristic: 154
[t=6.498389s, 96752 KB] New best heuristic value for ff: 94
[t=6.498389s, 96752 KB] g=50, 173 evaluated, 172 expanded
[t=6.506391s, 96752 KB] New best heuristic value for landmark_sum_heuristic: 153
[t=6.506391s, 96752 KB] g=51, 179 evaluated, 178 expanded
[t=6.514376s, 96752 KB] New best heuristic value for ff: 93
[t=6.514376s, 96752 KB] g=52, 183 evaluated, 182 expanded
[t=6.518364s, 96752 KB] New best heuristic value for landmark_sum_heuristic: 151
[t=6.518364s, 96752 KB] New best heuristic value for ff: 92
[t=6.518364s, 96752 KB] g=52, 187 evaluated, 186 expanded
[t=6.522360s, 96752 KB] New best heuristic value for landmark_sum_heuristic: 148
[t=6.522360s, 96752 KB] New best heuristic value for ff: 90
[t=6.522360s, 96752 KB] g=53, 190 evaluated, 189 expanded
[t=6.534358s, 96752 KB] New best heuristic value for landmark_sum_heuristic: 147
[t=6.534358s, 96752 KB] g=54, 197 evaluated, 196 expanded
[t=6.606284s, 96752 KB] New best heuristic value for landmark_sum_heuristic: 146
[t=6.606284s, 96752 KB] New best heuristic value for ff: 89
[t=6.606284s, 96752 KB] g=56, 248 evaluated, 247 expanded
[t=6.610282s, 96752 KB] New best heuristic value for landmark_sum_heuristic: 145
[t=6.610282s, 96752 KB] g=57, 252 evaluated, 251 expanded
[t=6.618278s, 96752 KB] New best heuristic value for ff: 88
[t=6.618278s, 96752 KB] g=57, 256 evaluated, 255 expanded
[t=6.630272s, 96752 KB] New best heuristic value for landmark_sum_heuristic: 144
[t=6.630272s, 96752 KB] g=58, 264 evaluated, 263 expanded
[t=6.826078s, 96752 KB] New best heuristic value for landmark_sum_heuristic: 142
[t=6.826078s, 96752 KB] New best heuristic value for ff: 87
[t=6.826078s, 96752 KB] g=61, 410 evaluated, 409 expanded
[t=6.830071s, 96752 KB] New best heuristic value for landmark_sum_heuristic: 139
[t=6.830071s, 96752 KB] New best heuristic value for ff: 86
[t=6.830071s, 96752 KB] g=62, 412 evaluated, 411 expanded
[t=6.834065s, 96752 KB] New best heuristic value for landmark_sum_heuristic: 138
[t=6.834065s, 96752 KB] g=63, 416 evaluated, 415 expanded
[t=6.838064s, 96752 KB] New best heuristic value for ff: 84
[t=6.838064s, 96752 KB] g=64, 420 evaluated, 419 expanded
[t=6.850061s, 96752 KB] New best heuristic value for ff: 83
[t=6.850061s, 96752 KB] g=65, 427 evaluated, 426 expanded
[t=6.850061s, 96752 KB] New best heuristic value for landmark_sum_heuristic: 137
[t=6.850061s, 96752 KB] g=65, 429 evaluated, 428 expanded
[t=6.889995s, 96752 KB] New best heuristic value for landmark_sum_heuristic: 136
[t=6.889995s, 96752 KB] New best heuristic value for ff: 82
[t=6.889995s, 96752 KB] g=68, 463 evaluated, 462 expanded
[t=6.894003s, 96752 KB] New best heuristic value for landmark_sum_heuristic: 135
[t=6.894003s, 96752 KB] g=69, 465 evaluated, 464 expanded
[t=6.901988s, 96752 KB] New best heuristic value for ff: 81
[t=6.901988s, 96752 KB] g=69, 472 evaluated, 471 expanded
[t=6.913976s, 96752 KB] New best heuristic value for landmark_sum_heuristic: 134
[t=6.913976s, 96752 KB] g=70, 478 evaluated, 477 expanded
[t=7.010075s, 96752 KB] New best heuristic value for landmark_sum_heuristic: 133
[t=7.010075s, 96752 KB] g=73, 562 evaluated, 561 expanded
[t=7.150683s, 96752 KB] New best heuristic value for ff: 79
[t=7.150683s, 96752 KB] g=71, 687 evaluated, 686 expanded
[t=7.154699s, 96752 KB] New best heuristic value for landmark_sum_heuristic: 132
[t=7.154699s, 96752 KB] g=73, 690 evaluated, 689 expanded
[t=7.154699s, 96752 KB] New best heuristic value for ff: 78
[t=7.154699s, 96752 KB] g=72, 691 evaluated, 690 expanded
[t=7.158719s, 96752 KB] New best heuristic value for landmark_sum_heuristic: 131
[t=7.158719s, 96752 KB] New best heuristic value for ff: 77
[t=7.158719s, 96752 KB] g=73, 693 evaluated, 692 expanded
[t=7.162738s, 96752 KB] New best heuristic value for landmark_sum_heuristic: 130
[t=7.162738s, 96752 KB] g=74, 694 evaluated, 693 expanded
[t=7.162738s, 96752 KB] New best heuristic value for landmark_sum_heuristic: 127
[t=7.162738s, 96752 KB] New best heuristic value for ff: 75
[t=7.162738s, 96752 KB] g=75, 696 evaluated, 695 expanded
[t=7.166752s, 96752 KB] New best heuristic value for landmark_sum_heuristic: 125
[t=7.166752s, 96752 KB] New best heuristic value for ff: 73
[t=7.166752s, 96752 KB] g=76, 697 evaluated, 696 expanded
[t=7.166752s, 96752 KB] New best heuristic value for landmark_sum_heuristic: 122
[t=7.166752s, 96752 KB] New best heuristic value for ff: 72
[t=7.166752s, 96752 KB] g=77, 698 evaluated, 697 expanded
[t=7.170774s, 96752 KB] New best heuristic value for landmark_sum_heuristic: 120
[t=7.170774s, 96752 KB] New best heuristic value for ff: 71
[t=7.170774s, 96752 KB] g=78, 699 evaluated, 698 expanded
[t=7.170774s, 96752 KB] New best heuristic value for landmark_sum_heuristic: 119
[t=7.170774s, 96752 KB] g=79, 700 evaluated, 699 expanded
[t=7.170774s, 96752 KB] New best heuristic value for landmark_sum_heuristic: 118
[t=7.170774s, 96752 KB] g=80, 701 evaluated, 700 expanded
[t=7.174786s, 96752 KB] New best heuristic value for ff: 70
[t=7.174786s, 96752 KB] g=79, 704 evaluated, 703 expanded
[t=7.178802s, 96752 KB] New best heuristic value for landmark_sum_heuristic: 117
[t=7.178802s, 96752 KB] New best heuristic value for ff: 68
[t=7.178802s, 96752 KB] g=80, 707 evaluated, 706 expanded
[t=7.178802s, 96752 KB] New best heuristic value for landmark_sum_heuristic: 115
[t=7.178802s, 96752 KB] New best heuristic value for ff: 67
[t=7.178802s, 96752 KB] g=81, 708 evaluated, 707 expanded
[t=7.182819s, 96752 KB] New best heuristic value for landmark_sum_heuristic: 114
[t=7.182819s, 96752 KB] New best heuristic value for ff: 66
[t=7.182819s, 96752 KB] g=82, 709 evaluated, 708 expanded
[t=7.182819s, 96752 KB] New best heuristic value for landmark_sum_heuristic: 111
[t=7.182819s, 96752 KB] New best heuristic value for ff: 65
[t=7.182819s, 96752 KB] g=83, 710 evaluated, 709 expanded
[t=7.186836s, 96752 KB] New best heuristic value for landmark_sum_heuristic: 109
[t=7.186836s, 96752 KB] New best heuristic value for ff: 64
[t=7.186836s, 96752 KB] g=84, 712 evaluated, 711 expanded
[t=7.190856s, 96752 KB] New best heuristic value for landmark_sum_heuristic: 107
[t=7.190856s, 96752 KB] New best heuristic value for ff: 62
[t=7.190856s, 96752 KB] g=85, 715 evaluated, 714 expanded
[t=7.202906s, 96752 KB] New best heuristic value for landmark_sum_heuristic: 106
[t=7.202906s, 96752 KB] g=86, 722 evaluated, 721 expanded
[t=7.243078s, 96752 KB] New best heuristic value for landmark_sum_heuristic: 105
[t=7.243078s, 96752 KB] New best heuristic value for ff: 60
[t=7.243078s, 96752 KB] g=87, 754 evaluated, 753 expanded
[t=7.251112s, 96752 KB] New best heuristic value for landmark_sum_heuristic: 104
[t=7.251112s, 96752 KB] New best heuristic value for ff: 59
[t=7.251112s, 96752 KB] g=88, 760 evaluated, 759 expanded
[t=7.255131s, 96752 KB] New best heuristic value for landmark_sum_heuristic: 102
[t=7.255131s, 96752 KB] New best heuristic value for ff: 58
[t=7.255131s, 96752 KB] g=89, 762 evaluated, 761 expanded
[t=7.255131s, 96752 KB] New best heuristic value for landmark_sum_heuristic: 100
[t=7.255131s, 96752 KB] New best heuristic value for ff: 57
[t=7.255131s, 96752 KB] g=90, 764 evaluated, 763 expanded
[t=7.259148s, 96752 KB] New best heuristic value for landmark_sum_heuristic: 98
[t=7.259148s, 96752 KB] New best heuristic value for ff: 55
[t=7.259148s, 96752 KB] g=91, 765 evaluated, 764 expanded
[t=7.263165s, 96752 KB] New best heuristic value for landmark_sum_heuristic: 97
[t=7.267197s, 96752 KB] New best heuristic value for ff: 54
[t=7.267197s, 96752 KB] g=92, 770 evaluated, 769 expanded
[t=7.267197s, 96752 KB] New best heuristic value for landmark_sum_heuristic: 95
[t=7.267197s, 96752 KB] New best heuristic value for ff: 53
[t=7.267197s, 96752 KB] g=93, 771 evaluated, 770 expanded
[t=7.267197s, 96752 KB] New best heuristic value for landmark_sum_heuristic: 93
[t=7.267197s, 96752 KB] New best heuristic value for ff: 52
[t=7.267197s, 96752 KB] g=94, 772 evaluated, 771 expanded
[t=7.275219s, 96752 KB] New best heuristic value for landmark_sum_heuristic: 92
[t=7.275219s, 96752 KB] New best heuristic value for ff: 50
[t=7.275219s, 96752 KB] g=95, 777 evaluated, 776 expanded
[t=7.275219s, 96752 KB] New best heuristic value for landmark_sum_heuristic: 90
[t=7.275219s, 96752 KB] New best heuristic value for ff: 49
[t=7.275219s, 96752 KB] g=96, 778 evaluated, 777 expanded
[t=7.279238s, 96752 KB] New best heuristic value for landmark_sum_heuristic: 88
[t=7.279238s, 96752 KB] New best heuristic value for ff: 48
[t=7.279238s, 96752 KB] g=97, 779 evaluated, 778 expanded
[t=7.279238s, 96752 KB] New best heuristic value for landmark_sum_heuristic: 86
[t=7.279238s, 96752 KB] New best heuristic value for ff: 47
[t=7.279238s, 96752 KB] g=98, 780 evaluated, 779 expanded
[t=7.283256s, 96752 KB] New best heuristic value for landmark_sum_heuristic: 84
[t=7.283256s, 96752 KB] New best heuristic value for ff: 46
[t=7.283256s, 96752 KB] g=99, 781 evaluated, 780 expanded
[t=7.283256s, 96752 KB] New best heuristic value for landmark_sum_heuristic: 82
[t=7.283256s, 96752 KB] New best heuristic value for ff: 45
[t=7.283256s, 96752 KB] g=100, 782 evaluated, 781 expanded
[t=7.283256s, 96752 KB] New best heuristic value for landmark_sum_heuristic: 80
[t=7.283256s, 96752 KB] New best heuristic value for ff: 44
[t=7.283256s, 96752 KB] g=101, 783 evaluated, 782 expanded
[t=7.287270s, 96752 KB] New best heuristic value for landmark_sum_heuristic: 78
[t=7.287270s, 96752 KB] New best heuristic value for ff: 43
[t=7.287270s, 96752 KB] g=102, 784 evaluated, 783 expanded
[t=7.287270s, 96752 KB] New best heuristic value for landmark_sum_heuristic: 76
[t=7.287270s, 96752 KB] New best heuristic value for ff: 42
[t=7.287270s, 96752 KB] g=103, 785 evaluated, 784 expanded
[t=7.287270s, 96752 KB] New best heuristic value for landmark_sum_heuristic: 74
[t=7.287270s, 96752 KB] New best heuristic value for ff: 41
[t=7.287270s, 96752 KB] g=104, 786 evaluated, 785 expanded
[t=7.291286s, 96752 KB] New best heuristic value for landmark_sum_heuristic: 72
[t=7.291286s, 96752 KB] New best heuristic value for ff: 40
[t=7.291286s, 96752 KB] g=105, 787 evaluated, 786 expanded
[t=7.291286s, 96752 KB] New best heuristic value for landmark_sum_heuristic: 70
[t=7.291286s, 96752 KB] New best heuristic value for ff: 39
[t=7.291286s, 96752 KB] g=106, 788 evaluated, 787 expanded
[t=7.299328s, 96752 KB] New best heuristic value for landmark_sum_heuristic: 69
[t=7.299328s, 96752 KB] New best heuristic value for ff: 37
[t=7.299328s, 96752 KB] g=107, 792 evaluated, 791 expanded
[t=7.299328s, 96752 KB] New best heuristic value for landmark_sum_heuristic: 67
[t=7.299328s, 96752 KB] New best heuristic value for ff: 36
[t=7.299328s, 96752 KB] g=108, 793 evaluated, 792 expanded
[t=7.299328s, 96752 KB] New best heuristic value for landmark_sum_heuristic: 65
[t=7.299328s, 96752 KB] New best heuristic value for ff: 35
[t=7.299328s, 96752 KB] g=109, 794 evaluated, 793 expanded
[t=7.303341s, 96752 KB] New best heuristic value for landmark_sum_heuristic: 63
[t=7.303341s, 96752 KB] New best heuristic value for ff: 34
[t=7.303341s, 96752 KB] g=110, 795 evaluated, 794 expanded
[t=7.303341s, 96752 KB] New best heuristic value for landmark_sum_heuristic: 61
[t=7.303341s, 96752 KB] New best heuristic value for ff: 33
[t=7.303341s, 96752 KB] g=111, 796 evaluated, 795 expanded
[t=7.303341s, 96752 KB] New best heuristic value for landmark_sum_heuristic: 59
[t=7.303341s, 96752 KB] New best heuristic value for ff: 32
[t=7.303341s, 96752 KB] g=112, 797 evaluated, 796 expanded
[t=7.307358s, 96752 KB] New best heuristic value for landmark_sum_heuristic: 57
[t=7.307358s, 96752 KB] New best heuristic value for ff: 31
[t=7.307358s, 96752 KB] g=113, 798 evaluated, 797 expanded
[t=7.307358s, 96752 KB] New best heuristic value for landmark_sum_heuristic: 55
[t=7.307358s, 96752 KB] New best heuristic value for ff: 30
[t=7.307358s, 96752 KB] g=114, 799 evaluated, 798 expanded
[t=7.307358s, 96752 KB] New best heuristic value for landmark_sum_heuristic: 53
[t=7.307358s, 96752 KB] New best heuristic value for ff: 29
[t=7.307358s, 96752 KB] g=115, 800 evaluated, 799 expanded
[t=7.307358s, 96752 KB] New best heuristic value for landmark_sum_heuristic: 51
[t=7.307358s, 96752 KB] New best heuristic value for ff: 28
[t=7.307358s, 96752 KB] g=116, 801 evaluated, 800 expanded
[t=7.311374s, 96752 KB] New best heuristic value for landmark_sum_heuristic: 49
[t=7.311374s, 96752 KB] New best heuristic value for ff: 27
[t=7.311374s, 96752 KB] g=117, 802 evaluated, 801 expanded
[t=7.311374s, 96752 KB] New best heuristic value for landmark_sum_heuristic: 47
[t=7.311374s, 96752 KB] New best heuristic value for ff: 26
[t=7.311374s, 96752 KB] g=118, 803 evaluated, 802 expanded
[t=7.315391s, 96752 KB] New best heuristic value for landmark_sum_heuristic: 46
[t=7.315391s, 96752 KB] New best heuristic value for ff: 24
[t=7.315391s, 96752 KB] g=119, 806 evaluated, 805 expanded
[t=7.315391s, 96752 KB] New best heuristic value for landmark_sum_heuristic: 44
[t=7.315391s, 96752 KB] New best heuristic value for ff: 23
[t=7.315391s, 96752 KB] g=120, 807 evaluated, 806 expanded
[t=7.315391s, 96752 KB] New best heuristic value for landmark_sum_heuristic: 42
[t=7.315391s, 96752 KB] New best heuristic value for ff: 22
[t=7.315391s, 96752 KB] g=121, 808 evaluated, 807 expanded
[t=7.319407s, 96752 KB] New best heuristic value for landmark_sum_heuristic: 40
[t=7.319407s, 96752 KB] New best heuristic value for ff: 21
[t=7.319407s, 96752 KB] g=122, 809 evaluated, 808 expanded
[t=7.319407s, 96752 KB] New best heuristic value for landmark_sum_heuristic: 38
[t=7.319407s, 96752 KB] New best heuristic value for ff: 20
[t=7.319407s, 96752 KB] g=123, 810 evaluated, 809 expanded
[t=7.319407s, 96752 KB] New best heuristic value for landmark_sum_heuristic: 36
[t=7.319407s, 96752 KB] New best heuristic value for ff: 19
[t=7.319407s, 96752 KB] g=124, 811 evaluated, 810 expanded
[t=7.323426s, 96752 KB] New best heuristic value for landmark_sum_heuristic: 34
[t=7.323426s, 96752 KB] New best heuristic value for ff: 18
[t=7.323426s, 96752 KB] g=125, 812 evaluated, 811 expanded
[t=7.323426s, 96752 KB] New best heuristic value for landmark_sum_heuristic: 32
[t=7.323426s, 96752 KB] New best heuristic value for ff: 17
[t=7.323426s, 96752 KB] g=126, 813 evaluated, 812 expanded
[t=7.323426s, 96752 KB] New best heuristic value for landmark_sum_heuristic: 30
[t=7.323426s, 96752 KB] New best heuristic value for ff: 16
[t=7.323426s, 96752 KB] g=127, 814 evaluated, 813 expanded
[t=7.323426s, 96752 KB] New best heuristic value for landmark_sum_heuristic: 28
[t=7.323426s, 96752 KB] New best heuristic value for ff: 15
[t=7.323426s, 96752 KB] g=128, 815 evaluated, 814 expanded
[t=7.327443s, 96752 KB] New best heuristic value for landmark_sum_heuristic: 26
[t=7.327443s, 96752 KB] New best heuristic value for ff: 14
[t=7.327443s, 96752 KB] g=129, 816 evaluated, 815 expanded
[t=7.327443s, 96752 KB] New best heuristic value for landmark_sum_heuristic: 24
[t=7.327443s, 96752 KB] New best heuristic value for ff: 13
[t=7.327443s, 96752 KB] g=130, 817 evaluated, 816 expanded
[t=7.327443s, 96752 KB] New best heuristic value for landmark_sum_heuristic: 22
[t=7.327443s, 96752 KB] New best heuristic value for ff: 11
[t=7.327443s, 96752 KB] g=131, 819 evaluated, 818 expanded
[t=7.327443s, 96752 KB] New best heuristic value for landmark_sum_heuristic: 20
[t=7.327443s, 96752 KB] New best heuristic value for ff: 10
[t=7.327443s, 96752 KB] g=132, 820 evaluated, 819 expanded
[t=7.331459s, 96752 KB] New best heuristic value for landmark_sum_heuristic: 18
[t=7.331459s, 96752 KB] New best heuristic value for ff: 9
[t=7.331459s, 96752 KB] g=133, 821 evaluated, 820 expanded
[t=7.331459s, 96752 KB] New best heuristic value for landmark_sum_heuristic: 16
[t=7.331459s, 96752 KB] New best heuristic value for ff: 8
[t=7.331459s, 96752 KB] g=134, 822 evaluated, 821 expanded
[t=7.331459s, 96752 KB] New best heuristic value for landmark_sum_heuristic: 14
[t=7.331459s, 96752 KB] New best heuristic value for ff: 7
[t=7.331459s, 96752 KB] g=135, 823 evaluated, 822 expanded
[t=7.331459s, 96752 KB] New best heuristic value for landmark_sum_heuristic: 12
[t=7.331459s, 96752 KB] New best heuristic value for ff: 6
[t=7.331459s, 96752 KB] g=136, 824 evaluated, 823 expanded
[t=7.331459s, 96752 KB] New best heuristic value for landmark_sum_heuristic: 10
[t=7.331459s, 96752 KB] New best heuristic value for ff: 5
[t=7.331459s, 96752 KB] g=137, 825 evaluated, 824 expanded
[t=7.331459s, 96752 KB] New best heuristic value for landmark_sum_heuristic: 8
[t=7.331459s, 96752 KB] New best heuristic value for ff: 4
[t=7.331459s, 96752 KB] g=138, 826 evaluated, 825 expanded
[t=7.335477s, 96752 KB] New best heuristic value for landmark_sum_heuristic: 6
[t=7.335477s, 96752 KB] New best heuristic value for ff: 3
[t=7.335477s, 96752 KB] g=139, 827 evaluated, 826 expanded
[t=7.335477s, 96752 KB] New best heuristic value for landmark_sum_heuristic: 4
[t=7.335477s, 96752 KB] New best heuristic value for ff: 2
[t=7.335477s, 96752 KB] g=140, 828 evaluated, 827 expanded
[t=7.335477s, 96752 KB] New best heuristic value for landmark_sum_heuristic: 2
[t=7.335477s, 96752 KB] New best heuristic value for ff: 1
[t=7.335477s, 96752 KB] g=141, 829 evaluated, 828 expanded
[t=7.335477s, 96752 KB] Solution found!
[t=7.335477s, 96752 KB] Actual search time: 1.112837s
move-to-card card-d0-s3-v9 card-d0-s2-v2 card-d0-s2-v10 pile-2 (1)
move-to-card card-d0-s2-v2 card-d0-s3-v1 card-d0-s1-v3 pile-3 (1)
move-to-card card-d0-s3-v0 card-d0-s2-v4 card-d0-s3-v1 pile-0 (1)
move-to-card card-d0-s1-v5 card-d0-s1-v2 card-d0-s1-v6 pile-1 (1)
start-dealing  (1)
deal-card card-d0-s0-v0 card-d0-s0-v5 deal-0 card-d0-s3-v0 pile-0 (0)
deal-card card-d0-s0-v5 card-d0-s0-v1 deal-0 card-d0-s1-v5 pile-1 (0)
deal-card card-d0-s0-v1 card-d0-s1-v9 deal-0 card-d0-s3-v9 pile-2 (0)
deal-card card-d0-s1-v9 card-d0-s0-v7 deal-0 card-d0-s2-v2 pile-3 (0)
deal-card card-d0-s0-v7 card-d0-s1-v4 deal-0 card-d0-s1-v2 pile-4 (0)
deal-card card-d0-s1-v4 card-d0-s0-v4 deal-0 card-d0-s3-v3 pile-5 (0)
deal-card card-d0-s0-v4 card-d0-s2-v0 deal-0 card-d0-s2-v4 pile-6 (0)
deal-card card-d0-s2-v0 deal-0 deal-0 card-d0-s1-v0 pile-7 (0)
finish-dealing deal-0 deal-1 (0)
move-to-card card-d0-s0-v0 card-d0-s3-v0 card-d0-s0-v1 pile-2 (1)
move-to-card card-d0-s0-v4 card-d0-s2-v4 card-d0-s0-v5 pile-1 (1)
start-dealing  (1)
deal-card card-d0-s3-v6 card-d0-s1-v1 deal-1 card-d0-s3-v0 pile-0 (0)
deal-card card-d0-s1-v1 card-d0-s2-v1 deal-1 card-d0-s0-v4 pile-1 (0)
deal-card card-d0-s2-v1 card-d0-s0-v10 deal-1 card-d0-s0-v0 pile-2 (0)
deal-card card-d0-s0-v10 card-d0-s0-v3 deal-1 card-d0-s1-v9 pile-3 (0)
deal-card card-d0-s0-v3 card-d0-s1-v10 deal-1 card-d0-s0-v7 pile-4 (0)
deal-card card-d0-s1-v10 card-d0-s2-v9 deal-1 card-d0-s1-v4 pile-5 (0)
deal-card card-d0-s2-v9 card-d0-s0-v8 deal-1 card-d0-s2-v4 pile-6 (0)
deal-card card-d0-s0-v8 deal-1 deal-1 card-d0-s2-v0 pile-7 (0)
finish-dealing deal-1 deal-2 (0)
move-to-card card-d0-s2-v9 card-d0-s2-v4 card-d0-s0-v10 pile-3 (1)
move-to-card card-d0-s0-v3 card-d0-s0-v7 card-d0-s2-v4 pile-6 (1)
move-to-card card-d0-s0-v7 card-d0-s1-v2 card-d0-s0-v8 pile-7 (1)
move-to-card card-d0-s1-v1 card-d0-s0-v4 card-d0-s1-v2 pile-4 (1)
move-to-card card-d0-s1-v2 card-d0-s1-v7 card-d0-s0-v3 pile-6 (1)
move-to-card card-d0-s0-v5 card-d0-s1-v5 card-d0-s3-v6 pile-0 (1)
move-to-card card-d0-s1-v6 card-d0-s2-v6 card-d0-s1-v7 pile-4 (1)
move-to-card card-d0-s0-v5 card-d0-s3-v6 card-d0-s2-v6 pile-1 (1)
move-to-card card-d0-s0-v8 card-d0-s2-v0 card-d0-s2-v9 pile-3 (1)
move-to-card card-d0-s2-v0 card-d0-s1-v0 card-d0-s2-v1 pile-2 (1)
move-to-card card-d0-s1-v0 card-d0-s2-v3 card-d0-s1-v1 pile-6 (1)
move-to-card card-d0-s1-v2 card-d0-s0-v3 card-d0-s2-v3 pile-7 (1)
move-to-card card-d0-s0-v3 card-d0-s2-v4 card-d0-s0-v4 pile-1 (1)
move-to-card card-d0-s1-v2 card-d0-s2-v3 card-d0-s0-v3 pile-1 (1)
move-to-card card-d0-s2-v3 card-d0-s0-v9 card-d0-s2-v4 pile-6 (1)
move-to-card card-d0-s0-v8 card-d0-s2-v9 card-d0-s0-v9 pile-7 (1)
move-to-card card-d0-s1-v2 card-d0-s0-v3 card-d0-s2-v3 pile-6 (1)
move-to-card card-d0-s0-v5 card-d0-s2-v6 card-d0-s3-v6 pile-0 (1)
move-to-card card-d0-s1-v2 card-d0-s2-v3 card-d0-s0-v3 pile-0 (1)
move-to-card card-d0-s2-v5 pile-6 card-d0-s2-v6 pile-1 (1)
move-to-tableau card-d0-s1-v10 card-d0-s1-v4 pile-6 (1)
move-to-card card-d0-s1-v4 card-d0-s3-v3 card-d0-s1-v5 pile-4 (1)
move-to-card card-d0-s3-v3 card-d0-s3-v2 card-d0-s1-v4 pile-4 (1)
move-to-card card-d0-s3-v2 card-d0-s3-v7 card-d0-s3-v3 pile-4 (1)
move-to-card card-d0-s2-v6 card-d0-s2-v8 card-d0-s0-v7 pile-7 (1)
move-to-card card-d0-s2-v8 card-d0-s3-v4 card-d0-s2-v9 pile-3 (1)
move-to-card card-d0-s3-v3 card-d0-s1-v4 card-d0-s3-v4 pile-1 (1)
move-to-card card-d0-s2-v6 card-d0-s0-v7 card-d0-s3-v7 pile-5 (1)
move-to-card card-d0-s2-v9 card-d0-s0-v10 card-d0-s1-v10 pile-6 (1)
move-to-card card-d0-s0-v9 pile-7 card-d0-s0-v10 pile-3 (1)
move-to-card card-d0-s1-v2 card-d0-s0-v3 card-d0-s2-v3 pile-5 (1)
move-to-tableau card-d0-s0-v5 card-d0-s3-v6 pile-7 (1)
move-to-card card-d0-s1-v2 card-d0-s2-v3 card-d0-s0-v3 pile-7 (1)
move-to-card card-d0-s2-v6 card-d0-s3-v7 card-d0-s0-v7 pile-3 (1)
move-to-card card-d0-s3-v6 card-d0-s3-v0 card-d0-s3-v7 pile-5 (1)
move-to-card card-d0-s3-v1 card-d0-s0-v6 card-d0-s3-v2 pile-1 (1)
move-to-card card-d0-s1-v2 card-d0-s0-v3 card-d0-s2-v3 pile-3 (1)
move-to-card card-d0-s0-v5 pile-7 card-d0-s0-v6 pile-0 (1)
move-to-card card-d0-s1-v2 card-d0-s2-v3 card-d0-s0-v3 pile-0 (1)
move-to-tableau card-d0-s2-v6 card-d0-s0-v7 pile-7 (1)
move-to-card card-d0-s1-v2 card-d0-s0-v3 card-d0-s2-v3 pile-7 (1)
move-to-card card-d0-s0-v6 pile-0 card-d0-s0-v7 pile-3 (1)
move-to-tableau card-d0-s2-v9 card-d0-s1-v10 pile-0 (1)
move-to-card card-d0-s1-v7 pile-4 card-d0-s2-v8 pile-0 (1)
move-to-tableau card-d0-s0-v10 card-d0-s1-v9 pile-4 (1)
move-to-card card-d0-s1-v9 card-d0-s2-v2 card-d0-s1-v10 pile-6 (1)
move-to-card card-d0-s2-v1 card-d0-s0-v0 card-d0-s2-v2 pile-3 (1)
move-to-card card-d0-s1-v2 card-d0-s2-v3 card-d0-s0-v3 pile-4 (1)
move-to-card card-d0-s2-v2 card-d0-s1-v3 card-d0-s2-v3 pile-7 (1)
move-to-card card-d0-s1-v2 card-d0-s0-v3 card-d0-s1-v3 pile-3 (1)
move-to-card card-d0-s1-v3 card-d0-s2-v7 card-d0-s1-v4 pile-0 (1)
move-to-card card-d0-s2-v6 pile-7 card-d0-s2-v7 pile-3 (1)
move-to-tableau card-d0-s1-v7 card-d0-s2-v8 pile-7 (1)
move-to-card card-d0-s2-v7 card-d0-s3-v5 card-d0-s2-v8 pile-0 (1)
move-to-card card-d0-s3-v4 pile-1 card-d0-s3-v5 pile-3 (1)
move-to-tableau card-d0-s0-v1 card-d0-s3-v9 pile-1 (1)
move-to-card card-d0-s3-v5 card-d0-s3-v8 card-d0-s3-v6 pile-5 (1)
move-to-card card-d0-s3-v7 pile-5 card-d0-s3-v8 pile-3 (1)
move-to-card card-d0-s3-v8 pile-3 card-d0-s3-v9 pile-2 (1)
move-to-tableau card-d0-s3-v9 card-d0-s2-v10 pile-3 (1)
move-to-card card-d0-s2-v9 pile-0 card-d0-s2-v10 pile-2 (1)
move-to-tableau card-d0-s2-v10 card-d0-s1-v8 pile-0 (1)
move-to-card card-d0-s1-v7 pile-7 card-d0-s1-v8 pile-2 (1)
move-to-card card-d0-s1-v8 card-d0-s3-v10 card-d0-s1-v9 pile-6 (1)
move-to-card card-d0-s3-v9 pile-3 card-d0-s3-v10 pile-2 (1)
move-to-tableau card-d0-s3-v10 card-d0-s0-v2 pile-3 (1)
move-to-card card-d0-s0-v1 pile-1 card-d0-s0-v2 pile-2 (1)
move-to-card card-d0-s0-v2 pile-2 card-d0-s0-v3 pile-4 (1)
start-collecting-deck card-d0-s1-v0 (1)
collect-card card-d0-s1-v0 card-d0-s1-v1 pile-6 (0)
collect-card card-d0-s1-v1 card-d0-s1-v2 pile-6 (0)
collect-card card-d0-s1-v2 card-d0-s1-v3 pile-6 (0)
collect-card card-d0-s1-v3 card-d0-s1-v4 pile-6 (0)
collect-card card-d0-s1-v4 card-d0-s1-v5 pile-6 (0)
collect-card card-d0-s1-v5 card-d0-s1-v6 pile-6 (0)
collect-card card-d0-s1-v6 card-d0-s1-v7 pile-6 (0)
collect-card card-d0-s1-v7 card-d0-s1-v8 pile-6 (0)
collect-card card-d0-s1-v8 card-d0-s1-v9 pile-6 (0)
collect-card card-d0-s1-v9 card-d0-s1-v10 pile-6 (0)
finish-collecting-deck card-d0-s1-v10 pile-6 pile-6 (0)
start-collecting-deck card-d0-s3-v0 (1)
collect-card card-d0-s3-v0 card-d0-s3-v1 pile-3 (0)
collect-card card-d0-s3-v1 card-d0-s3-v2 pile-3 (0)
collect-card card-d0-s3-v2 card-d0-s3-v3 pile-3 (0)
collect-card card-d0-s3-v3 card-d0-s3-v4 pile-3 (0)
collect-card card-d0-s3-v4 card-d0-s3-v5 pile-3 (0)
collect-card card-d0-s3-v5 card-d0-s3-v6 pile-3 (0)
collect-card card-d0-s3-v6 card-d0-s3-v7 pile-3 (0)
collect-card card-d0-s3-v7 card-d0-s3-v8 pile-3 (0)
collect-card card-d0-s3-v8 card-d0-s3-v9 pile-3 (0)
collect-card card-d0-s3-v9 card-d0-s3-v10 pile-3 (0)
finish-collecting-deck card-d0-s3-v10 pile-3 pile-3 (0)
start-collecting-deck card-d0-s0-v0 (1)
collect-card card-d0-s0-v0 card-d0-s0-v1 pile-4 (0)
collect-card card-d0-s0-v1 card-d0-s0-v2 pile-4 (0)
collect-card card-d0-s0-v2 card-d0-s0-v3 pile-4 (0)
collect-card card-d0-s0-v3 card-d0-s0-v4 pile-4 (0)
collect-card card-d0-s0-v4 card-d0-s0-v5 pile-4 (0)
collect-card card-d0-s0-v5 card-d0-s0-v6 pile-4 (0)
collect-card card-d0-s0-v6 card-d0-s0-v7 pile-4 (0)
collect-card card-d0-s0-v7 card-d0-s0-v8 pile-4 (0)
collect-card card-d0-s0-v8 card-d0-s0-v9 pile-4 (0)
collect-card card-d0-s0-v9 card-d0-s0-v10 pile-4 (0)
finish-collecting-deck card-d0-s0-v10 pile-4 pile-4 (0)
start-collecting-deck card-d0-s2-v0 (1)
collect-card card-d0-s2-v0 card-d0-s2-v1 pile-0 (0)
collect-card card-d0-s2-v1 card-d0-s2-v2 pile-0 (0)
collect-card card-d0-s2-v2 card-d0-s2-v3 pile-0 (0)
collect-card card-d0-s2-v3 card-d0-s2-v4 pile-0 (0)
collect-card card-d0-s2-v4 card-d0-s2-v5 pile-0 (0)
collect-card card-d0-s2-v5 card-d0-s2-v6 pile-0 (0)
collect-card card-d0-s2-v6 card-d0-s2-v7 pile-0 (0)
collect-card card-d0-s2-v7 card-d0-s2-v8 pile-0 (0)
collect-card card-d0-s2-v8 card-d0-s2-v9 pile-0 (0)
collect-card card-d0-s2-v9 card-d0-s2-v10 pile-0 (0)
finish-collecting-deck card-d0-s2-v10 pile-0 pile-0 (0)
[t=7.335477s, 96752 KB] Plan length: 142 step(s).
[t=7.335477s, 96752 KB] Plan cost: 80
[t=7.335477s, 96752 KB] Expanded 829 state(s).
[t=7.335477s, 96752 KB] Reopened 0 state(s).
[t=7.335477s, 96752 KB] Evaluated 830 state(s).
[t=7.335477s, 96752 KB] Evaluations: 1660
[t=7.335477s, 96752 KB] Generated 16843 state(s).
[t=7.335477s, 96752 KB] Dead ends: 0 state(s).
[t=7.335477s, 96752 KB] Number of registered states: 830
[t=7.335477s, 96752 KB] Int hash set load factor: 830/1024 = 0.810547
[t=7.335477s, 96752 KB] Int hash set resizes: 10
[t=7.335477s, 96752 KB] Best solution cost so far: 80
[t=7.335477s, 96752 KB] Solution found - keep searching
[t=7.335477s, 96752 KB] Building successor generator...done!
[t=7.335477s, 96752 KB] peak memory difference for successor generator creation: 0 KB
[t=7.335477s, 96752 KB] time for successor generation creation: 0.000000s
[t=7.335477s, 96752 KB] Variables: 585
[t=7.335477s, 96752 KB] FactPairs: 2308
[t=7.335477s, 96752 KB] Bytes per state: 96
[t=7.335477s, 96752 KB] Starting search: lazy_greedy
[t=7.335477s, 96752 KB] Conducting lazy best first search, (real) bound = 80
[t=7.339495s, 96752 KB] New best heuristic value for landmark_sum_heuristic: 264
[t=7.339495s, 96752 KB] New best heuristic value for ff: 197
[t=7.339495s, 96752 KB] g=0, 1 evaluated, 0 expanded
[t=7.339495s, 96752 KB] Initial heuristic value for landmark_sum_heuristic: 264
[t=7.339495s, 96752 KB] Initial heuristic value for ff: 197
[t=7.339495s, 96752 KB] New best heuristic value for landmark_sum_heuristic: 262
[t=7.339495s, 96752 KB] New best heuristic value for ff: 194
[t=7.339495s, 96752 KB] g=1, 2 evaluated, 1 expanded
[t=7.343512s, 96752 KB] New best heuristic value for landmark_sum_heuristic: 261
[t=7.343512s, 96752 KB] New best heuristic value for ff: 189
[t=7.343512s, 96752 KB] g=2, 3 evaluated, 2 expanded
[t=7.343512s, 96752 KB] New best heuristic value for landmark_sum_heuristic: 260
[t=7.343512s, 96752 KB] g=3, 4 evaluated, 3 expanded
[t=7.347529s, 96752 KB] New best heuristic value for landmark_sum_heuristic: 256
[t=7.347529s, 96752 KB] g=4, 5 evaluated, 4 expanded
[t=7.351552s, 96752 KB] New best heuristic value for ff: 187
[t=7.351552s, 96752 KB] g=3, 6 evaluated, 5 expanded
[t=7.351552s, 96752 KB] New best heuristic value for landmark_sum_heuristic: 255
[t=7.351552s, 96752 KB] g=4, 7 evaluated, 6 expanded
[t=7.355566s, 96752 KB] New best heuristic value for landmark_sum_heuristic: 254
[t=7.355566s, 96752 KB] g=5, 8 evaluated, 7 expanded
[t=7.359581s, 96752 KB] New best heuristic value for ff: 186
[t=7.359581s, 96752 KB] g=4, 9 evaluated, 8 expanded
[t=7.359581s, 96752 KB] New best heuristic value for landmark_sum_heuristic: 250
[t=7.359581s, 96752 KB] g=6, 10 evaluated, 9 expanded
[t=7.367616s, 96752 KB] New best heuristic value for landmark_sum_heuristic: 245
[t=7.367616s, 96752 KB] g=7, 14 evaluated, 13 expanded
[t=7.371633s, 96752 KB] New best heuristic value for landmark_sum_heuristic: 244
[t=7.371633s, 96752 KB] g=8, 16 evaluated, 15 expanded
[t=7.379668s, 96752 KB] New best heuristic value for landmark_sum_heuristic: 240
[t=7.379668s, 96752 KB] g=9, 22 evaluated, 21 expanded
[t=7.383686s, 96752 KB] New best heuristic value for ff: 185
[t=7.383686s, 96752 KB] g=5, 25 evaluated, 24 expanded
[t=7.387703s, 96752 KB] New best heuristic value for ff: 184
[t=7.387703s, 96752 KB] g=5, 27 evaluated, 26 expanded
[t=7.391721s, 96752 KB] New best heuristic value for landmark_sum_heuristic: 239
[t=7.391721s, 96752 KB] g=10, 28 evaluated, 27 expanded
[t=7.403771s, 96752 KB] New best heuristic value for landmark_sum_heuristic: 236
[t=7.403771s, 96752 KB] g=11, 36 evaluated, 35 expanded
[t=7.411806s, 96752 KB] New best heuristic value for ff: 172
[t=7.411806s, 96752 KB] g=11, 40 evaluated, 39 expanded
[t=7.411806s, 96752 KB] New best heuristic value for ff: 167
[t=7.411806s, 96752 KB] g=11, 41 evaluated, 40 expanded
[t=7.427874s, 96752 KB] New best heuristic value for landmark_sum_heuristic: 234
[t=7.427874s, 96752 KB] g=11, 49 evaluated, 48 expanded
[t=7.431895s, 96752 KB] New best heuristic value for landmark_sum_heuristic: 231
[t=7.431895s, 96752 KB] g=12, 50 evaluated, 49 expanded
[t=7.431895s, 96752 KB] New best heuristic value for landmark_sum_heuristic: 228
[t=7.431895s, 96752 KB] g=13, 51 evaluated, 50 expanded
[t=7.431895s, 96752 KB] New best heuristic value for landmark_sum_heuristic: 227
[t=7.431895s, 96752 KB] g=14, 52 evaluated, 51 expanded
[t=7.435910s, 96752 KB] New best heuristic value for landmark_sum_heuristic: 225
[t=7.435910s, 96752 KB] g=14, 54 evaluated, 53 expanded
[t=7.439927s, 96752 KB] New best heuristic value for ff: 165
[t=7.439927s, 96752 KB] g=15, 55 evaluated, 54 expanded
[t=7.443945s, 96752 KB] New best heuristic value for landmark_sum_heuristic: 221
[t=7.443945s, 96752 KB] g=15, 57 evaluated, 56 expanded
[t=7.451983s, 96752 KB] New best heuristic value for landmark_sum_heuristic: 220
[t=7.451983s, 96752 KB] g=16, 61 evaluated, 60 expanded
[t=7.456008s, 96752 KB] New best heuristic value for landmark_sum_heuristic: 219
[t=7.456008s, 96752 KB] g=17, 63 evaluated, 62 expanded
[t=7.460017s, 96752 KB] New best heuristic value for landmark_sum_heuristic: 215
[t=7.460017s, 96752 KB] g=18, 67 evaluated, 66 expanded
[t=7.464035s, 96752 KB] New best heuristic value for ff: 162
[t=7.464035s, 96752 KB] g=16, 70 evaluated, 69 expanded
[t=7.468052s, 96752 KB] New best heuristic value for landmark_sum_heuristic: 213
[t=7.468052s, 96752 KB] New best heuristic value for ff: 161
[t=7.468052s, 96752 KB] g=19, 71 evaluated, 70 expanded
[t=7.468052s, 96752 KB] New best heuristic value for landmark_sum_heuristic: 208
[t=7.468052s, 96752 KB] New best heuristic value for ff: 158
[t=7.468052s, 96752 KB] g=20, 72 evaluated, 71 expanded
[t=7.472067s, 96752 KB] New best heuristic value for landmark_sum_heuristic: 205
[t=7.472067s, 96752 KB] g=21, 74 evaluated, 73 expanded
[t=7.476083s, 96752 KB] New best heuristic value for ff: 152
[t=7.476083s, 96752 KB] g=21, 78 evaluated, 77 expanded
[t=7.484118s, 96752 KB] New best heuristic value for landmark_sum_heuristic: 204
[t=7.484118s, 96752 KB] g=21, 82 evaluated, 81 expanded
[t=7.488135s, 96752 KB] New best heuristic value for landmark_sum_heuristic: 201
[t=7.488135s, 96752 KB] g=21, 86 evaluated, 85 expanded
[t=7.492152s, 96752 KB] New best heuristic value for landmark_sum_heuristic: 200
[t=7.492152s, 96752 KB] g=21, 87 evaluated, 86 expanded
[t=7.492152s, 96752 KB] New best heuristic value for landmark_sum_heuristic: 196
[t=7.492152s, 96752 KB] g=22, 88 evaluated, 87 expanded
[t=7.496173s, 96752 KB] New best heuristic value for landmark_sum_heuristic: 195
[t=7.496173s, 96752 KB] g=23, 89 evaluated, 88 expanded
[t=7.496173s, 96752 KB] New best heuristic value for landmark_sum_heuristic: 194
[t=7.496173s, 96752 KB] g=24, 90 evaluated, 89 expanded
[t=7.500188s, 96752 KB] New best heuristic value for landmark_sum_heuristic: 191
[t=7.500188s, 96752 KB] New best heuristic value for ff: 150
[t=7.500188s, 96752 KB] g=25, 92 evaluated, 91 expanded
[t=7.504203s, 96752 KB] New best heuristic value for landmark_sum_heuristic: 190
[t=7.504203s, 96752 KB] g=26, 95 evaluated, 94 expanded
[t=7.504203s, 96752 KB] New best heuristic value for landmark_sum_heuristic: 187
[t=7.504203s, 96752 KB] g=27, 96 evaluated, 95 expanded
[t=7.504203s, 96752 KB] New best heuristic value for ff: 144
[t=7.504203s, 96752 KB] g=26, 97 evaluated, 96 expanded
[t=7.508222s, 96752 KB] New best heuristic value for landmark_sum_heuristic: 184
[t=7.508222s, 96752 KB] New best heuristic value for ff: 142
[t=7.508222s, 96752 KB] g=27, 98 evaluated, 97 expanded
[t=7.512242s, 96752 KB] New best heuristic value for landmark_sum_heuristic: 181
[t=7.512242s, 96752 KB] g=28, 100 evaluated, 99 expanded
[t=7.544380s, 96752 KB] New best heuristic value for ff: 140
[t=7.544380s, 96752 KB] g=29, 132 evaluated, 131 expanded
[t=7.548396s, 96752 KB] New best heuristic value for landmark_sum_heuristic: 179
[t=7.548396s, 96752 KB] g=30, 134 evaluated, 133 expanded
[t=7.684991s, 96752 KB] New best heuristic value for ff: 134
[t=7.684991s, 96752 KB] g=31, 275 evaluated, 274 expanded
[t=7.701059s, 96752 KB] New best heuristic value for landmark_sum_heuristic: 175
[t=7.701059s, 96752 KB] g=34, 283 evaluated, 282 expanded
[t=7.705074s, 96752 KB] New best heuristic value for landmark_sum_heuristic: 172
[t=7.705074s, 96752 KB] New best heuristic value for ff: 132
[t=7.705074s, 96752 KB] g=35, 285 evaluated, 284 expanded
[t=7.709090s, 96752 KB] New best heuristic value for landmark_sum_heuristic: 171
[t=7.709090s, 96752 KB] New best heuristic value for ff: 130
[t=7.709090s, 96752 KB] g=36, 286 evaluated, 285 expanded
[t=7.709090s, 96752 KB] New best heuristic value for landmark_sum_heuristic: 168
[t=7.709090s, 96752 KB] g=37, 288 evaluated, 287 expanded
[t=7.721131s, 96752 KB] New best heuristic value for landmark_sum_heuristic: 167
[t=7.721131s, 96752 KB] g=38, 299 evaluated, 298 expanded
[t=7.745233s, 96752 KB] New best heuristic value for landmark_sum_heuristic: 165
[t=7.745233s, 96752 KB] g=40, 318 evaluated, 317 expanded
[t=7.801476s, 96752 KB] New best heuristic value for ff: 128
[t=7.801476s, 96752 KB] g=42, 363 evaluated, 362 expanded
[t=7.805493s, 96752 KB] New best heuristic value for landmark_sum_heuristic: 163
[t=7.805493s, 96752 KB] g=43, 366 evaluated, 365 expanded
[t=17.315112s, 96752 KB] New best heuristic value for ff: 126
[t=17.315112s, 96752 KB] g=47, 10797 evaluated, 10796 expanded
[t=17.319123s, 96752 KB] New best heuristic value for landmark_sum_heuristic: 160
[t=17.319123s, 96752 KB] New best heuristic value for ff: 122
[t=17.323136s, 96752 KB] g=49, 10801 evaluated, 10800 expanded
[t=17.323136s, 96752 KB] New best heuristic value for landmark_sum_heuristic: 157
[t=17.323136s, 96752 KB] New best heuristic value for ff: 118
[t=17.323136s, 96752 KB] g=50, 10802 evaluated, 10801 expanded
[t=17.323136s, 96752 KB] New best heuristic value for landmark_sum_heuristic: 154
[t=17.323136s, 96752 KB] g=51, 10803 evaluated, 10802 expanded
[t=17.335174s, 96752 KB] New best heuristic value for ff: 116
[t=17.335174s, 96752 KB] g=50, 10813 evaluated, 10812 expanded
[t=17.335174s, 96752 KB] New best heuristic value for landmark_sum_heuristic: 152
[t=17.335174s, 96752 KB] New best heuristic value for ff: 112
[t=17.335174s, 96752 KB] g=51, 10814 evaluated, 10813 expanded
[t=17.339186s, 96752 KB] New best heuristic value for landmark_sum_heuristic: 149
[t=17.339186s, 96752 KB] g=52, 10816 evaluated, 10815 expanded
[t=17.351225s, 96752 KB] New best heuristic value for ff: 110
[t=17.351225s, 96752 KB] g=53, 10827 evaluated, 10826 expanded
[t=17.351225s, 96752 KB] New best heuristic value for landmark_sum_heuristic: 148
[t=17.351225s, 96752 KB] g=54, 10828 evaluated, 10827 expanded
[t=17.355239s, 96752 KB] New best heuristic value for landmark_sum_heuristic: 147
[t=17.355239s, 96752 KB] New best heuristic value for ff: 108
[t=17.355239s, 96752 KB] g=55, 10829 evaluated, 10828 expanded
[t=17.355239s, 96752 KB] New best heuristic value for landmark_sum_heuristic: 142
[t=17.355239s, 96752 KB] New best heuristic value for ff: 106
[t=17.355239s, 96752 KB] g=56, 10830 evaluated, 10829 expanded
[t=17.359250s, 96752 KB] New best heuristic value for landmark_sum_heuristic: 138
[t=17.359250s, 96752 KB] New best heuristic value for ff: 102
[t=17.359250s, 96752 KB] g=57, 10832 evaluated, 10831 expanded
[t=17.367276s, 96752 KB] New best heuristic value for landmark_sum_heuristic: 137
[t=17.367276s, 96752 KB] New best heuristic value for ff: 100
[t=17.367276s, 96752 KB] g=58, 10835 evaluated, 10834 expanded
[t=17.371295s, 96752 KB] New best heuristic value for landmark_sum_heuristic: 134
[t=17.371295s, 96752 KB] g=59, 10838 evaluated, 10837 expanded
[t=17.379313s, 96752 KB] New best heuristic value for ff: 98
[t=17.379313s, 96752 KB] g=60, 10845 evaluated, 10844 expanded
[t=17.387340s, 96752 KB] New best heuristic value for ff: 96
[t=17.387340s, 96752 KB] g=61, 10849 evaluated, 10848 expanded
[t=17.387340s, 96752 KB] New best heuristic value for landmark_sum_heuristic: 131
[t=17.387340s, 96752 KB] g=62, 10851 evaluated, 10850 expanded
[t=17.399377s, 96752 KB] New best heuristic value for ff: 94
[t=17.399377s, 96752 KB] g=62, 10859 evaluated, 10858 expanded
[t=17.403391s, 96752 KB] New best heuristic value for ff: 92
[t=17.407404s, 96752 KB] g=63, 10863 evaluated, 10862 expanded
[t=17.407404s, 96752 KB] New best heuristic value for landmark_sum_heuristic: 129
[t=17.407404s, 96752 KB] g=64, 10865 evaluated, 10864 expanded
[t=17.415427s, 96752 KB] New best heuristic value for ff: 90
[t=17.415427s, 96752 KB] g=64, 10872 evaluated, 10871 expanded
[t=17.419441s, 96752 KB] New best heuristic value for landmark_sum_heuristic: 125
[t=17.419441s, 96752 KB] New best heuristic value for ff: 86
[t=17.419441s, 96752 KB] g=65, 10874 evaluated, 10873 expanded
[t=17.423455s, 96752 KB] New best heuristic value for landmark_sum_heuristic: 123
[t=17.423455s, 96752 KB] New best heuristic value for ff: 84
[t=17.423455s, 96752 KB] g=66, 10876 evaluated, 10875 expanded
[t=17.427466s, 96752 KB] New best heuristic value for landmark_sum_heuristic: 122
[t=17.427466s, 96752 KB] New best heuristic value for ff: 82
[t=17.427466s, 96752 KB] g=67, 10878 evaluated, 10877 expanded
[t=17.431478s, 96752 KB] New best heuristic value for landmark_sum_heuristic: 118
[t=17.431478s, 96752 KB] New best heuristic value for ff: 80
[t=17.431478s, 96752 KB] g=68, 10880 evaluated, 10879 expanded
[t=17.439504s, 96752 KB] New best heuristic value for landmark_sum_heuristic: 115
[t=17.439504s, 96752 KB] g=69, 10887 evaluated, 10886 expanded
[t=17.475622s, 96752 KB] New best heuristic value for ff: 76
[t=17.479632s, 96752 KB] g=70, 10918 evaluated, 10917 expanded
[t=17.487658s, 96752 KB] New best heuristic value for ff: 74
[t=17.487658s, 96752 KB] g=71, 10924 evaluated, 10923 expanded
[t=17.491670s, 96752 KB] New best heuristic value for landmark_sum_heuristic: 112
[t=17.491670s, 96752 KB] New best heuristic value for ff: 72
[t=17.491670s, 96752 KB] g=72, 10926 evaluated, 10925 expanded
[t=17.495683s, 96752 KB] New best heuristic value for landmark_sum_heuristic: 108
[t=17.495683s, 96752 KB] New best heuristic value for ff: 70
[t=17.495683s, 96752 KB] g=73, 10928 evaluated, 10927 expanded
[t=17.495683s, 96752 KB] New best heuristic value for landmark_sum_heuristic: 105
[t=17.495683s, 96752 KB] New best heuristic value for ff: 66
[t=17.495683s, 96752 KB] g=74, 10929 evaluated, 10928 expanded
[t=17.503709s, 96752 KB] New best heuristic value for landmark_sum_heuristic: 104
[t=17.503709s, 96752 KB] New best heuristic value for ff: 64
[t=17.503709s, 96752 KB] g=75, 10934 evaluated, 10933 expanded
[t=17.507721s, 96752 KB] New best heuristic value for landmark_sum_heuristic: 102
[t=17.507721s, 96752 KB] New best heuristic value for ff: 62
[t=17.507721s, 96752 KB] g=76, 10935 evaluated, 10934 expanded
[t=17.507721s, 96752 KB] New best heuristic value for landmark_sum_heuristic: 98
[t=17.507721s, 96752 KB] New best heuristic value for ff: 60
[t=17.507721s, 96752 KB] g=77, 10936 evaluated, 10935 expanded
[t=17.515748s, 96752 KB] New best heuristic value for landmark_sum_heuristic: 95
[t=17.515748s, 96752 KB] New best heuristic value for ff: 56
[t=17.515748s, 96752 KB] g=78, 10941 evaluated, 10940 expanded
[t=17.515748s, 96752 KB] New best heuristic value for landmark_sum_heuristic: 93
[t=17.515748s, 96752 KB] New best heuristic value for ff: 55
[t=17.515748s, 96752 KB] g=78, 10942 evaluated, 10941 expanded
[t=17.519760s, 96752 KB] New best heuristic value for landmark_sum_heuristic: 91
[t=17.519760s, 96752 KB] New best heuristic value for ff: 54
[t=17.519760s, 96752 KB] g=78, 10943 evaluated, 10942 expanded
[t=17.519760s, 96752 KB] New best heuristic value for landmark_sum_heuristic: 89
[t=17.519760s, 96752 KB] New best heuristic value for ff: 53
[t=17.519760s, 96752 KB] g=78, 10944 evaluated, 10943 expanded
[t=17.523974s, 96752 KB] New best heuristic value for landmark_sum_heuristic: 87
[t=17.523974s, 96752 KB] New best heuristic value for ff: 52
[t=17.523974s, 96752 KB] g=78, 10945 evaluated, 10944 expanded
[t=17.523974s, 96752 KB] New best heuristic value for landmark_sum_heuristic: 85
[t=17.523974s, 96752 KB] New best heuristic value for ff: 51
[t=17.523974s, 96752 KB] g=78, 10946 evaluated, 10945 expanded
[t=17.523974s, 96752 KB] New best heuristic value for landmark_sum_heuristic: 83
[t=17.523974s, 96752 KB] New best heuristic value for ff: 50
[t=17.523974s, 96752 KB] g=78, 10947 evaluated, 10946 expanded
[t=17.527784s, 96752 KB] New best heuristic value for landmark_sum_heuristic: 81
[t=17.527784s, 96752 KB] New best heuristic value for ff: 49
[t=17.527784s, 96752 KB] g=78, 10948 evaluated, 10947 expanded
[t=17.527784s, 96752 KB] New best heuristic value for landmark_sum_heuristic: 79
[t=17.527784s, 96752 KB] New best heuristic value for ff: 48
[t=17.527784s, 96752 KB] g=78, 10949 evaluated, 10948 expanded
[t=17.531797s, 96752 KB] New best heuristic value for landmark_sum_heuristic: 77
[t=17.531797s, 96752 KB] New best heuristic value for ff: 47
[t=17.531797s, 96752 KB] g=78, 10950 evaluated, 10949 expanded
[t=17.531797s, 96752 KB] New best heuristic value for landmark_sum_heuristic: 75
[t=17.531797s, 96752 KB] New best heuristic value for ff: 46
[t=17.531797s, 96752 KB] g=78, 10951 evaluated, 10950 expanded
[t=17.531797s, 96752 KB] New best heuristic value for landmark_sum_heuristic: 74
[t=17.535812s, 96752 KB] New best heuristic value for ff: 45
[t=17.535812s, 96752 KB] g=78, 10952 evaluated, 10951 expanded
[t=17.539825s, 96752 KB] New best heuristic value for landmark_sum_heuristic: 71
[t=17.539825s, 96752 KB] New best heuristic value for ff: 41
[t=17.539825s, 96752 KB] g=79, 10956 evaluated, 10955 expanded
[t=17.539825s, 96752 KB] New best heuristic value for landmark_sum_heuristic: 69
[t=17.539825s, 96752 KB] New best heuristic value for ff: 40
[t=17.539825s, 96752 KB] g=79, 10957 evaluated, 10956 expanded
[t=17.539825s, 96752 KB] New best heuristic value for landmark_sum_heuristic: 67
[t=17.539825s, 96752 KB] New best heuristic value for ff: 39
[t=17.539825s, 96752 KB] g=79, 10958 evaluated, 10957 expanded
[t=17.543836s, 96752 KB] New best heuristic value for landmark_sum_heuristic: 65
[t=17.543836s, 96752 KB] New best heuristic value for ff: 38
[t=17.543836s, 96752 KB] g=79, 10959 evaluated, 10958 expanded
[t=17.543836s, 96752 KB] New best heuristic value for landmark_sum_heuristic: 63
[t=17.543836s, 96752 KB] New best heuristic value for ff: 37
[t=17.543836s, 96752 KB] g=79, 10960 evaluated, 10959 expanded
[t=17.543836s, 96752 KB] New best heuristic value for landmark_sum_heuristic: 61
[t=17.543836s, 96752 KB] New best heuristic value for ff: 36
[t=17.543836s, 96752 KB] g=79, 10961 evaluated, 10960 expanded
[t=17.547862s, 96752 KB] New best heuristic value for landmark_sum_heuristic: 59
[t=17.547862s, 96752 KB] New best heuristic value for ff: 35
[t=17.547862s, 96752 KB] g=79, 10962 evaluated, 10961 expanded
[t=17.547862s, 96752 KB] New best heuristic value for landmark_sum_heuristic: 57
[t=17.547862s, 96752 KB] New best heuristic value for ff: 34
[t=17.547862s, 96752 KB] g=79, 10963 evaluated, 10962 expanded
[t=17.547862s, 96752 KB] New best heuristic value for landmark_sum_heuristic: 55
[t=17.547862s, 96752 KB] New best heuristic value for ff: 33
[t=17.547862s, 96752 KB] g=79, 10964 evaluated, 10963 expanded
[t=17.551879s, 96752 KB] New best heuristic value for landmark_sum_heuristic: 53
[t=17.551879s, 96752 KB] New best heuristic value for ff: 32
[t=17.551879s, 96752 KB] g=79, 10965 evaluated, 10964 expanded
[t=17.551879s, 96752 KB] New best heuristic value for landmark_sum_heuristic: 51
[t=17.551879s, 96752 KB] New best heuristic value for ff: 31
[t=17.551879s, 96752 KB] g=79, 10966 evaluated, 10965 expanded
[t=17.551879s, 96752 KB] New best heuristic value for landmark_sum_heuristic: 50
[t=17.551879s, 96752 KB] New best heuristic value for ff: 30
[t=17.551879s, 96752 KB] g=79, 10967 evaluated, 10966 expanded
[t=18.109688s, 96752 KB] New best heuristic value for ff: 28
[t=18.109688s, 96752 KB] g=79, 11367 evaluated, 11366 expanded
[t=18.109688s, 96752 KB] New best heuristic value for landmark_sum_heuristic: 49
[t=18.109688s, 96752 KB] New best heuristic value for ff: 27
[t=18.109688s, 96752 KB] g=79, 11368 evaluated, 11367 expanded
[t=18.109688s, 96752 KB] New best heuristic value for landmark_sum_heuristic: 47
[t=18.109688s, 96752 KB] New best heuristic value for ff: 26
[t=18.109688s, 96752 KB] g=79, 11369 evaluated, 11368 expanded
[t=18.109688s, 96752 KB] New best heuristic value for landmark_sum_heuristic: 45
[t=18.109688s, 96752 KB] New best heuristic value for ff: 25
[t=18.109688s, 96752 KB] g=79, 11370 evaluated, 11369 expanded
[t=18.113635s, 96752 KB] New best heuristic value for landmark_sum_heuristic: 43
[t=18.113635s, 96752 KB] New best heuristic value for ff: 24
[t=18.113635s, 96752 KB] g=79, 11371 evaluated, 11370 expanded
[t=18.113635s, 96752 KB] New best heuristic value for landmark_sum_heuristic: 41
[t=18.113635s, 96752 KB] New best heuristic value for ff: 23
[t=18.113635s, 96752 KB] g=79, 11372 evaluated, 11371 expanded
[t=18.113635s, 96752 KB] New best heuristic value for landmark_sum_heuristic: 39
[t=18.113635s, 96752 KB] New best heuristic value for ff: 22
[t=18.113635s, 96752 KB] g=79, 11373 evaluated, 11372 expanded
[t=18.113635s, 96752 KB] New best heuristic value for landmark_sum_heuristic: 37
[t=18.113635s, 96752 KB] New best heuristic value for ff: 21
[t=18.113635s, 96752 KB] g=79, 11374 evaluated, 11373 expanded
[t=18.117707s, 96752 KB] New best heuristic value for landmark_sum_heuristic: 35
[t=18.117707s, 96752 KB] New best heuristic value for ff: 20
[t=18.117707s, 96752 KB] g=79, 11375 evaluated, 11374 expanded
[t=18.117707s, 96752 KB] New best heuristic value for landmark_sum_heuristic: 33
[t=18.117707s, 96752 KB] New best heuristic value for ff: 19
[t=18.117707s, 96752 KB] g=79, 11376 evaluated, 11375 expanded
[t=18.117707s, 96752 KB] New best heuristic value for landmark_sum_heuristic: 31
[t=18.117707s, 96752 KB] New best heuristic value for ff: 18
[t=18.117707s, 96752 KB] g=79, 11377 evaluated, 11376 expanded
[t=18.121666s, 96752 KB] New best heuristic value for landmark_sum_heuristic: 30
[t=18.121666s, 96752 KB] New best heuristic value for ff: 17
[t=18.121666s, 96752 KB] g=79, 11378 evaluated, 11377 expanded
[t=20.063954s, 96752 KB] New best heuristic value for landmark_sum_heuristic: 29
[t=20.063954s, 96752 KB] g=79, 12825 evaluated, 12824 expanded
[t=20.067968s, 96752 KB] New best heuristic value for landmark_sum_heuristic: 28
[t=20.067968s, 96752 KB] g=79, 12826 evaluated, 12825 expanded
[t=151.686105s, 116236 KB] New best heuristic value for landmark_sum_heuristic: 27
[t=151.686105s, 116236 KB] g=79, 106167 evaluated, 106166 expanded
Peak memory: 158036 KB
caught signal 24 -- exiting
Time limit has been reached.
Remove intermediate file output.sas
search exit code: 23

Driver aborting after search
INFO     Planner time: 299.73s
