INFO     planner time limit: 300s
INFO     planner memory limit: 4096 MB

INFO     Running translator.
INFO     translator stdin: None
INFO     translator time limit: 299s
INFO     translator memory limit: 4096 MB
INFO     translator command line string: /usr/bin/python3 /home/buser/planopt/planopt-hs25/demo/fast-downward/builds/release/bin/translate/translate.py /home/buser/KRP_Project/Spider_Axioms/domain.pddl /home/buser/KRP_Project/Spider_Axioms/instances/opt_p15.pddl --sas-file output.sas
Parsing...
Parsing: [0.000s CPU, 0.004s wall-clock]
Normalizing task... [0.000s CPU, 0.000s wall-clock]
Instantiating...
Generating Datalog program... [0.000s CPU, 0.002s wall-clock]
Normalizing Datalog program...
Trivial rules: Converted to facts.
Normalizing Datalog program: [0.000s CPU, 0.003s wall-clock]
Preparing model... [0.010s CPU, 0.002s wall-clock]
Generated 85 rules.
Computing model... [0.030s CPU, 0.034s wall-clock]
3676 relevant atoms
3583 auxiliary atoms
7259 final queue length
12943 total queue pushes
Completing instantiation... [0.080s CPU, 0.085s wall-clock]
Instantiating: [0.130s CPU, 0.128s wall-clock]
Computing fact groups...
Finding invariants...
13 initial candidates
Finding invariants: [0.010s CPU, 0.006s wall-clock]
Checking invariant weight... [0.000s CPU, 0.000s wall-clock]
Instantiating groups... [0.000s CPU, 0.000s wall-clock]
Collecting mutex groups... [0.000s CPU, 0.000s wall-clock]
Choosing groups...
120 uncovered facts
Choosing groups: [0.000s CPU, 0.000s wall-clock]
Building translation key... [0.000s CPU, 0.000s wall-clock]
Computing fact groups: [0.010s CPU, 0.009s wall-clock]
Building STRIPS to SAS dictionary... [0.000s CPU, 0.000s wall-clock]
Building dictionary for full mutex groups... [0.000s CPU, 0.000s wall-clock]
Building mutex information...
Building mutex information: [0.000s CPU, 0.000s wall-clock]
Translating task...
Processing axioms...
Simplifying axioms... [0.000s CPU, 0.004s wall-clock]
Translator axioms removed by simplifying: 18
Processing axioms: [0.030s CPU, 0.029s wall-clock]
Translating task: [0.150s CPU, 0.155s wall-clock]
2848 effect conditions simplified
0 implied preconditions added
Detecting unreachable propositions...
0 operators removed
0 axioms removed
17 propositions removed
Detecting unreachable propositions: [0.080s CPU, 0.074s wall-clock]
Reordering and filtering variables...
136 of 137 variables necessary.
0 of 17 mutex groups necessary.
2419 of 2419 operators necessary.
499 of 499 axiom rules necessary.
Reordering and filtering variables: [0.040s CPU, 0.037s wall-clock]
Translator variables: 136
Translator derived variables: 64
Translator facts: 442
Translator goal facts: 21
Translator mutex groups: 0
Translator total mutex groups size: 0
Translator operators: 2419
Translator axioms: 499
Translator task size: 30042
Translator peak memory: 47856 KB
Writing output... [0.030s CPU, 0.023s wall-clock]
Done! [0.440s CPU, 0.439s wall-clock]
translate exit code: 0

INFO     Running search (release).
INFO     search stdin: output.sas
INFO     search time limit: 299s
INFO     search memory limit: 4096 MB
INFO     search command line string: /home/buser/planopt/planopt-hs25/demo/fast-downward/builds/release/bin/downward --search 'astar(blind())' --internal-plan-file /home/buser/KRP_Project/runs/axioms_opt_p15_blind.plan < output.sas
[t=0.000000s, 14580 KB] reading input...
[t=0.019945s, 15732 KB] done reading input!
[t=0.019945s, 16128 KB] Initializing blind search heuristic...
[t=0.019945s, 16128 KB] Building successor generator...done!
[t=0.019945s, 16368 KB] peak memory difference for successor generator creation: 240 KB
[t=0.019945s, 16368 KB] time for successor generation creation: 0.000000s
[t=0.023928s, 16368 KB] Variables: 136
[t=0.023928s, 16368 KB] FactPairs: 442
[t=0.023928s, 16368 KB] Bytes per state: 24
[t=0.023928s, 16368 KB] Conducting best first search with reopening closed nodes, (real) bound = 2147483647
[t=0.023928s, 16368 KB] New best heuristic value for blind: 0
[t=0.023928s, 16368 KB] g=0, 1 evaluated, 0 expanded
[t=0.023928s, 16368 KB] f = 0, 1 evaluated, 0 expanded
[t=0.023928s, 16368 KB] Initial heuristic value for blind: 0
[t=0.023928s, 16368 KB] pruning method: none
[t=0.023928s, 16368 KB] f = 1, 3 evaluated, 1 expanded
[t=0.023928s, 16368 KB] f = 2, 9 evaluated, 7 expanded
[t=0.023928s, 16368 KB] f = 3, 18 evaluated, 13 expanded
[t=0.023928s, 16368 KB] f = 4, 33 evaluated, 23 expanded
[t=0.023928s, 16368 KB] f = 5, 53 evaluated, 39 expanded
[t=0.023928s, 16368 KB] f = 6, 77 evaluated, 60 expanded
[t=0.023928s, 16368 KB] f = 7, 110 evaluated, 85 expanded
[t=0.023928s, 16368 KB] f = 8, 167 evaluated, 130 expanded
[t=0.023928s, 16368 KB] f = 9, 241 evaluated, 192 expanded
[t=0.023928s, 16368 KB] f = 10, 316 evaluated, 261 expanded
[t=0.023928s, 16368 KB] f = 11, 397 evaluated, 337 expanded
[t=0.023928s, 16368 KB] f = 12, 478 evaluated, 419 expanded
[t=0.023928s, 16368 KB] f = 13, 550 evaluated, 498 expanded
[t=0.023928s, 16368 KB] f = 14, 612 evaluated, 556 expanded
[t=0.023928s, 16368 KB] f = 15, 658 evaluated, 620 expanded
[t=0.023928s, 16368 KB] f = 16, 712 evaluated, 662 expanded
[t=0.028112s, 16368 KB] f = 17, 791 evaluated, 723 expanded
[t=0.028112s, 16368 KB] Solution found!
[t=0.028112s, 16368 KB] Actual search time: 0.004184s
start-dealing  (1)
deal-card card-d0-s0-v1 card-d1-s0-v1 deal-0 card-d0-s0-v2 pile-0 (0)
deal-card card-d1-s0-v1 card-d3-s0-v3 deal-0 card-d2-s0-v0 pile-1 (0)
deal-card card-d3-s0-v3 deal-0 deal-0 card-d1-s0-v2 pile-2 (0)
finish-dealing deal-0 deal-1 (0)
start-dealing  (1)
deal-card card-d1-s0-v3 card-d3-s0-v0 deal-1 card-d0-s0-v1 pile-0 (0)
deal-card card-d3-s0-v0 card-d3-s0-v2 deal-1 card-d1-s0-v1 pile-1 (0)
deal-card card-d3-s0-v2 deal-1 deal-1 card-d3-s0-v3 pile-2 (0)
finish-dealing deal-1 deal-2 (0)
move-to-card card-d1-s0-v1 card-d2-s0-v0 card-d3-s0-v2 pile-2 (1)
move-to-card card-d3-s0-v2 card-d3-s0-v3 card-d1-s0-v3 pile-0 (1)
start-collecting-deck card-d3-s0-v0 (1)
collect-card card-d3-s0-v0 card-d1-s0-v1 pile-0 (0)
collect-card card-d1-s0-v1 card-d3-s0-v2 pile-0 (0)
collect-card card-d3-s0-v2 card-d1-s0-v3 pile-0 (0)
finish-collecting-deck card-d1-s0-v3 card-d0-s0-v1 pile-0 (0)
move-to-card card-d2-s0-v0 card-d1-s0-v0 card-d0-s0-v1 pile-0 (1)
move-to-card card-d0-s0-v2 card-d3-s0-v1 card-d3-s0-v3 pile-2 (1)
start-collecting-deck card-d2-s0-v0 (1)
collect-card card-d2-s0-v0 card-d0-s0-v1 pile-2 (0)
collect-card card-d0-s0-v1 card-d0-s0-v2 pile-2 (0)
collect-card card-d0-s0-v2 card-d3-s0-v3 pile-2 (0)
finish-collecting-deck card-d3-s0-v3 card-d1-s0-v2 pile-2 (0)
move-to-card card-d1-s0-v0 card-d2-s0-v3 card-d3-s0-v1 pile-0 (1)
move-to-card card-d1-s0-v2 card-d2-s0-v2 card-d2-s0-v3 pile-1 (1)
move-to-card card-d3-s0-v1 card-d0-s0-v0 card-d1-s0-v2 pile-1 (1)
start-collecting-deck card-d1-s0-v0 (1)
collect-card card-d1-s0-v0 card-d3-s0-v1 pile-1 (0)
collect-card card-d3-s0-v1 card-d1-s0-v2 pile-1 (0)
collect-card card-d1-s0-v2 card-d2-s0-v3 pile-1 (0)
finish-collecting-deck card-d2-s0-v3 pile-1 pile-1 (0)
move-to-tableau card-d0-s0-v0 card-d0-s0-v3 pile-1 (1)
move-to-card card-d2-s0-v2 card-d2-s0-v1 card-d0-s0-v3 pile-0 (1)
move-to-card card-d0-s0-v0 pile-1 card-d2-s0-v1 pile-2 (1)
move-to-card card-d2-s0-v1 pile-2 card-d2-s0-v2 pile-0 (1)
start-collecting-deck card-d0-s0-v0 (1)
collect-card card-d0-s0-v0 card-d2-s0-v1 pile-0 (0)
collect-card card-d2-s0-v1 card-d2-s0-v2 pile-0 (0)
collect-card card-d2-s0-v2 card-d0-s0-v3 pile-0 (0)
finish-collecting-deck card-d0-s0-v3 pile-0 pile-0 (0)
[t=0.028112s, 16368 KB] Plan length: 41 step(s).
[t=0.028112s, 16368 KB] Plan cost: 17
[t=0.028112s, 16368 KB] Expanded 810 state(s).
[t=0.028112s, 16368 KB] Reopened 0 state(s).
[t=0.028112s, 16368 KB] Evaluated 892 state(s).
[t=0.028112s, 16368 KB] Evaluations: 892
[t=0.028112s, 16368 KB] Generated 1221 state(s).
[t=0.028112s, 16368 KB] Dead ends: 0 state(s).
[t=0.028112s, 16368 KB] Expanded until last jump: 723 state(s).
[t=0.028112s, 16368 KB] Reopened until last jump: 0 state(s).
[t=0.028112s, 16368 KB] Evaluated until last jump: 791 state(s).
[t=0.028112s, 16368 KB] Generated until last jump: 1013 state(s).
[t=0.028112s, 16368 KB] Number of registered states: 892
[t=0.028112s, 16368 KB] Int hash set load factor: 892/1024 = 0.871094
[t=0.028112s, 16368 KB] Int hash set resizes: 10
[t=0.028112s, 16368 KB] Search time: 0.004184s
[t=0.028112s, 16368 KB] Total time: 0.028112s
Solution found.
Peak memory: 16368 KB
Remove intermediate file output.sas
search exit code: 0

INFO     Planner time: 0.65s
