INFO     planner time limit: 300s
INFO     planner memory limit: 4096 MB

INFO     Running translator.
INFO     translator stdin: None
INFO     translator time limit: 299s
INFO     translator memory limit: 4096 MB
INFO     translator command line string: /usr/bin/python3 /home/buser/planopt/planopt-hs25/demo/fast-downward/builds/release/bin/translate/translate.py /home/buser/KRP_Project/Spider_Axioms/domain.pddl /home/buser/KRP_Project/Spider_Axioms/instances/opt_p01.pddl --sas-file output.sas
Parsing...
Parsing: [0.000s CPU, 0.005s wall-clock]
Normalizing task... [0.000s CPU, 0.000s wall-clock]
Instantiating...
Generating Datalog program... [0.000s CPU, 0.000s wall-clock]
Normalizing Datalog program...
Trivial rules: Converted to facts.
Normalizing Datalog program: [0.010s CPU, 0.008s wall-clock]
Preparing model... [0.000s CPU, 0.002s wall-clock]
Generated 85 rules.
Computing model... [0.020s CPU, 0.024s wall-clock]
2423 relevant atoms
2315 auxiliary atoms
4738 final queue length
8392 total queue pushes
Completing instantiation... [0.070s CPU, 0.056s wall-clock]
Instantiating: [0.100s CPU, 0.091s wall-clock]
Computing fact groups...
Finding invariants...
13 initial candidates
Finding invariants: [0.000s CPU, 0.003s wall-clock]
Checking invariant weight... [0.000s CPU, 0.000s wall-clock]
Instantiating groups... [0.000s CPU, 0.000s wall-clock]
Collecting mutex groups... [0.000s CPU, 0.000s wall-clock]
Choosing groups...
92 uncovered facts
Choosing groups: [0.000s CPU, 0.000s wall-clock]
Building translation key... [0.000s CPU, 0.000s wall-clock]
Computing fact groups: [0.000s CPU, 0.005s wall-clock]
Building STRIPS to SAS dictionary... [0.000s CPU, 0.001s wall-clock]
Building dictionary for full mutex groups... [0.000s CPU, 0.000s wall-clock]
Building mutex information...
Building mutex information: [0.000s CPU, 0.000s wall-clock]
Translating task...
Processing axioms...
Simplifying axioms... [0.000s CPU, 0.001s wall-clock]
Translator axioms removed by simplifying: 18
Processing axioms: [0.010s CPU, 0.010s wall-clock]
Translating task: [0.090s CPU, 0.092s wall-clock]
1789 effect conditions simplified
0 implied preconditions added
Detecting unreachable propositions...
0 operators removed
0 axioms removed
13 propositions removed
Detecting unreachable propositions: [0.040s CPU, 0.036s wall-clock]
Reordering and filtering variables...
104 of 105 variables necessary.
0 of 13 mutex groups necessary.
1594 of 1594 operators necessary.
299 of 299 axiom rules necessary.
Reordering and filtering variables: [0.020s CPU, 0.019s wall-clock]
Translator variables: 104
Translator derived variables: 48
Translator facts: 322
Translator goal facts: 17
Translator mutex groups: 0
Translator total mutex groups size: 0
Translator operators: 1594
Translator axioms: 299
Translator task size: 19694
Translator peak memory: 42384 KB
Writing output... [0.020s CPU, 0.016s wall-clock]
Done! [0.270s CPU, 0.270s wall-clock]
translate exit code: 0

INFO     Running search (release).
INFO     search stdin: output.sas
INFO     search time limit: 299s
INFO     search memory limit: 4096 MB
INFO     search command line string: /home/buser/planopt/planopt-hs25/demo/fast-downward/builds/release/bin/downward --search 'astar(blind())' --internal-plan-file /home/buser/KRP_Project/runs/axioms_opt_p01_blind.plan < output.sas
[t=0.000000s, 14580 KB] reading input...
[t=0.010667s, 15392 KB] done reading input!
[t=0.014633s, 15656 KB] Initializing blind search heuristic...
[t=0.014633s, 15656 KB] Building successor generator...done!
[t=0.014633s, 15792 KB] peak memory difference for successor generator creation: 136 KB
[t=0.014633s, 15792 KB] time for successor generation creation: 0.000000s
[t=0.014633s, 15792 KB] Variables: 104
[t=0.014633s, 15792 KB] FactPairs: 322
[t=0.014633s, 15792 KB] Bytes per state: 20
[t=0.014633s, 15792 KB] Conducting best first search with reopening closed nodes, (real) bound = 2147483647
[t=0.014633s, 15792 KB] New best heuristic value for blind: 0
[t=0.014633s, 15792 KB] g=0, 1 evaluated, 0 expanded
[t=0.014633s, 15792 KB] f = 0, 1 evaluated, 0 expanded
[t=0.014633s, 15792 KB] Initial heuristic value for blind: 0
[t=0.014633s, 15792 KB] pruning method: none
[t=0.014633s, 15792 KB] f = 1, 4 evaluated, 1 expanded
[t=0.014633s, 15792 KB] f = 2, 19 evaluated, 8 expanded
[t=0.014633s, 15792 KB] f = 3, 58 evaluated, 31 expanded
[t=0.014633s, 15792 KB] f = 4, 129 evaluated, 80 expanded
[t=0.014633s, 15792 KB] f = 5, 248 evaluated, 158 expanded
[t=0.018629s, 15792 KB] f = 6, 411 evaluated, 277 expanded
[t=0.018629s, 15792 KB] f = 7, 644 evaluated, 463 expanded
[t=0.018629s, 15792 KB] f = 8, 935 evaluated, 715 expanded
[t=0.018629s, 15792 KB] f = 9, 1305 evaluated, 1026 expanded
[t=0.022634s, 15792 KB] f = 10, 1804 evaluated, 1422 expanded
[t=0.022634s, 15924 KB] f = 11, 2454 evaluated, 1954 expanded
[t=0.026583s, 15924 KB] f = 12, 3205 evaluated, 2610 expanded
[t=0.030578s, 15924 KB] f = 13, 3959 evaluated, 3348 expanded
[t=0.034581s, 16052 KB] f = 14, 4662 evaluated, 4090 expanded
[t=0.034581s, 16052 KB] f = 15, 5362 evaluated, 4822 expanded
[t=0.038562s, 16052 KB] f = 16, 6045 evaluated, 5489 expanded
[t=0.042695s, 16052 KB] Solution found!
[t=0.042695s, 16052 KB] Actual search time: 0.028062s
start-dealing  (1)
deal-card card-d0-s1-v0 card-d0-s0-v0 deal-0 card-d0-s3-v2 pile-0 (0)
deal-card card-d0-s0-v0 card-d0-s3-v1 deal-0 card-d0-s2-v2 pile-1 (0)
deal-card card-d0-s3-v1 deal-0 deal-0 card-d0-s0-v1 pile-2 (0)
finish-dealing deal-0 deal-1 (0)
start-dealing  (1)
deal-card card-d0-s1-v1 card-d0-s0-v2 deal-1 card-d0-s1-v0 pile-0 (0)
deal-card card-d0-s0-v2 card-d0-s3-v0 deal-1 card-d0-s0-v0 pile-1 (0)
deal-card card-d0-s3-v0 deal-1 deal-1 card-d0-s3-v1 pile-2 (0)
finish-dealing deal-1 deal-2 (0)
move-to-card card-d0-s1-v1 card-d0-s1-v0 card-d0-s0-v2 pile-1 (1)
move-to-card card-d0-s1-v0 card-d0-s3-v2 card-d0-s1-v1 pile-1 (1)
move-to-card card-d0-s3-v1 card-d0-s0-v1 card-d0-s3-v2 pile-0 (1)
start-collecting-deck card-d0-s3-v0 (1)
collect-card card-d0-s3-v0 card-d0-s3-v1 pile-0 (0)
collect-card card-d0-s3-v1 card-d0-s3-v2 pile-0 (0)
finish-collecting-deck card-d0-s3-v2 card-d0-s1-v2 pile-0 (0)
move-to-card card-d0-s1-v1 card-d0-s0-v2 card-d0-s1-v2 pile-0 (1)
start-collecting-deck card-d0-s1-v0 (1)
collect-card card-d0-s1-v0 card-d0-s1-v1 pile-0 (0)
collect-card card-d0-s1-v1 card-d0-s1-v2 pile-0 (0)
finish-collecting-deck card-d0-s1-v2 pile-0 pile-0 (0)
move-to-card card-d0-s0-v1 card-d0-s2-v0 card-d0-s0-v2 pile-1 (1)
move-to-tableau card-d0-s0-v2 card-d0-s0-v0 pile-0 (1)
move-to-card card-d0-s0-v0 card-d0-s2-v2 card-d0-s0-v1 pile-0 (1)
start-collecting-deck card-d0-s0-v0 (1)
collect-card card-d0-s0-v0 card-d0-s0-v1 pile-0 (0)
collect-card card-d0-s0-v1 card-d0-s0-v2 pile-0 (0)
finish-collecting-deck card-d0-s0-v2 pile-0 pile-0 (0)
move-to-tableau card-d0-s2-v2 card-d0-s2-v1 pile-0 (1)
move-to-card card-d0-s2-v0 pile-2 card-d0-s2-v1 pile-1 (1)
move-to-card card-d0-s2-v1 pile-1 card-d0-s2-v2 pile-0 (1)
start-collecting-deck card-d0-s2-v0 (1)
collect-card card-d0-s2-v0 card-d0-s2-v1 pile-0 (0)
collect-card card-d0-s2-v1 card-d0-s2-v2 pile-0 (0)
finish-collecting-deck card-d0-s2-v2 pile-0 pile-0 (0)
[t=0.042695s, 16052 KB] Plan length: 36 step(s).
[t=0.042695s, 16052 KB] Plan cost: 16
[t=0.042695s, 16052 KB] Expanded 6154 state(s).
[t=0.042695s, 16052 KB] Reopened 0 state(s).
[t=0.042695s, 16052 KB] Evaluated 6727 state(s).
[t=0.042695s, 16052 KB] Evaluations: 6727
[t=0.042695s, 16052 KB] Generated 8025 state(s).
[t=0.042695s, 16052 KB] Dead ends: 0 state(s).
[t=0.042695s, 16052 KB] Expanded until last jump: 5489 state(s).
[t=0.042695s, 16052 KB] Reopened until last jump: 0 state(s).
[t=0.042695s, 16052 KB] Evaluated until last jump: 6045 state(s).
[t=0.042695s, 16052 KB] Generated until last jump: 7095 state(s).
[t=0.042695s, 16052 KB] Number of registered states: 6727
[t=0.042695s, 16052 KB] Int hash set load factor: 6727/8192 = 0.821167
[t=0.042695s, 16052 KB] Int hash set resizes: 13
[t=0.042695s, 16052 KB] Search time: 0.028062s
[t=0.042695s, 16052 KB] Total time: 0.042695s
Solution found.
Peak memory: 16052 KB
Remove intermediate file output.sas
search exit code: 0

INFO     Planner time: 0.48s
