INFO     planner time limit: 300s
INFO     planner memory limit: 4096 MB

INFO     Running translator.
INFO     translator stdin: None
INFO     translator time limit: 299s
INFO     translator memory limit: 4096 MB
INFO     translator command line string: /usr/bin/python3 /home/buser/planopt/planopt-hs25/demo/fast-downward/builds/release/bin/translate/translate.py /home/buser/KRP_Project/Spider_Axioms/domain.pddl /home/buser/KRP_Project/Spider_Axioms/instances/sat_p01.pddl --sas-file output.sas
Parsing...
Parsing: [0.000s CPU, 0.005s wall-clock]
Normalizing task... [0.000s CPU, 0.000s wall-clock]
Instantiating...
Generating Datalog program... [0.010s CPU, 0.001s wall-clock]
Normalizing Datalog program...
Trivial rules: Converted to facts.
Normalizing Datalog program: [0.000s CPU, 0.002s wall-clock]
Preparing model... [0.000s CPU, 0.002s wall-clock]
Generated 85 rules.
Computing model... [0.110s CPU, 0.115s wall-clock]
15027 relevant atoms
8701 auxiliary atoms
23728 final queue length
49284 total queue pushes
Completing instantiation... [0.500s CPU, 0.488s wall-clock]
Instantiating: [0.620s CPU, 0.613s wall-clock]
Computing fact groups...
Finding invariants...
13 initial candidates
Finding invariants: [0.000s CPU, 0.003s wall-clock]
Checking invariant weight... [0.000s CPU, 0.000s wall-clock]
Instantiating groups... [0.000s CPU, 0.001s wall-clock]
Collecting mutex groups... [0.000s CPU, 0.000s wall-clock]
Choosing groups...
262 uncovered facts
Choosing groups: [0.000s CPU, 0.001s wall-clock]
Building translation key... [0.000s CPU, 0.001s wall-clock]
Computing fact groups: [0.000s CPU, 0.007s wall-clock]
Building STRIPS to SAS dictionary... [0.010s CPU, 0.000s wall-clock]
Building dictionary for full mutex groups... [0.000s CPU, 0.000s wall-clock]
Building mutex information...
Building mutex information: [0.000s CPU, 0.000s wall-clock]
Translating task...
Processing axioms...
Simplifying axioms... [0.010s CPU, 0.007s wall-clock]
Translator axioms removed by simplifying: 50
Processing axioms: [0.070s CPU, 0.071s wall-clock]
Translating task: [0.670s CPU, 0.677s wall-clock]
11999 effect conditions simplified
0 implied preconditions added
Detecting unreachable propositions...
0 operators removed
0 axioms removed
29 propositions removed
Detecting unreachable propositions: [0.310s CPU, 0.308s wall-clock]
Reordering and filtering variables...
290 of 291 variables necessary.
0 of 29 mutex groups necessary.
11352 of 11352 operators necessary.
1897 of 1897 axiom rules necessary.
Reordering and filtering variables: [0.110s CPU, 0.119s wall-clock]
Translator variables: 290
Translator derived variables: 168
Translator facts: 1046
Translator goal facts: 35
Translator mutex groups: 0
Translator total mutex groups size: 0
Translator operators: 11352
Translator axioms: 1897
Translator task size: 138428
Translator peak memory: 102676 KB
Writing output... [0.120s CPU, 0.114s wall-clock]
Done! [1.870s CPU, 1.869s wall-clock]
translate exit code: 0

INFO     Running search (release).
INFO     search stdin: output.sas
INFO     search time limit: 297s
INFO     search memory limit: 4096 MB
INFO     search command line string: /home/buser/planopt/planopt-hs25/demo/fast-downward/builds/release/bin/downward --search --if-unit-cost 'let(hlm,landmark_sum(lm_reasonable_orders_hps(lm_rhw()),pref=false),let(hff,ff(),iterated([lazy_greedy([hff,hlm],preferred=[hff,hlm]),lazy_wastar([hff,hlm],preferred=[hff,hlm],w=5),lazy_wastar([hff,hlm],preferred=[hff,hlm],w=3),lazy_wastar([hff,hlm],preferred=[hff,hlm],w=2),lazy_wastar([hff,hlm],preferred=[hff,hlm],w=1)],repeat_last=true,continue_on_fail=true)))' --if-non-unit-cost 'let(hlm1,landmark_sum(lm_reasonable_orders_hps(lm_rhw()),transform=adapt_costs(one),pref=false),let(hff1,ff(transform=adapt_costs(one)),let(hlm2,landmark_sum(lm_reasonable_orders_hps(lm_rhw()),transform=adapt_costs(plusone),pref=false),let(hff2,ff(transform=adapt_costs(plusone)),iterated([lazy_greedy([hff1,hlm1],preferred=[hff1,hlm1],cost_type=one,reopen_closed=false),lazy_greedy([hff2,hlm2],preferred=[hff2,hlm2],reopen_closed=false),lazy_wastar([hff2,hlm2],preferred=[hff2,hlm2],w=5),lazy_wastar([hff2,hlm2],preferred=[hff2,hlm2],w=3),lazy_wastar([hff2,hlm2],preferred=[hff2,hlm2],w=2),lazy_wastar([hff2,hlm2],preferred=[hff2,hlm2],w=1)],repeat_last=true,continue_on_fail=true)))))' --always --internal-plan-file /home/buser/KRP_Project/runs/axioms_sat_p01_lama.plan < output.sas
[t=0.000000s, 14580 KB] reading input...
[t=0.079774s, 20068 KB] done reading input!
[t=0.083780s, 20464 KB] Initializing landmark sum heuristic...
[t=0.083780s, 20464 KB] Generating landmark graph...
[t=0.083780s, 20464 KB] Building a landmark graph with reasonable orders.
[t=0.087782s, 20728 KB] Initializing Exploration...
[t=0.095779s, 25236 KB] Generating landmarks using the RPG/SAS+ approach
[t=0.703767s, 27492 KB] Landmarks generation time: 0.619987s
[t=0.703767s, 27492 KB] Discovered 258 landmarks, of which 0 are disjunctive and 0 are conjunctive.
[t=0.703767s, 27492 KB] 2355 edges
[t=0.703767s, 27492 KB] approx. reasonable orders
[t=0.831767s, 27492 KB] Landmarks generation time: 0.747988s
[t=0.831767s, 27492 KB] Discovered 258 landmarks, of which 0 are disjunctive and 0 are conjunctive.
[t=0.831767s, 27492 KB] 2478 edges
[t=0.831767s, 27492 KB] Landmark graph generation time: 0.747988s
[t=0.831767s, 27492 KB] Landmark graph contains 258 landmarks, of which 0 are disjunctive and 0 are conjunctive.
[t=0.831767s, 27492 KB] Landmark graph contains 2478 orderings.
[t=0.843756s, 28920 KB] Simplifying 36941 unary operators... done! [36941 unary operators]
[t=0.859762s, 28920 KB] time to simplify: 0.016006s
[t=0.859762s, 30096 KB] Initializing additive heuristic...
[t=0.859762s, 30096 KB] Initializing FF heuristic...
[t=0.863778s, 30096 KB] Initializing landmark sum heuristic...
[t=0.863778s, 30096 KB] Generating landmark graph...
[t=0.863778s, 30096 KB] Building a landmark graph with reasonable orders.
[t=0.863778s, 30096 KB] Initializing Exploration...
[t=0.871804s, 31268 KB] Generating landmarks using the RPG/SAS+ approach
[t=1.443761s, 33124 KB] Landmarks generation time: 0.579983s
[t=1.443761s, 33124 KB] Discovered 258 landmarks, of which 0 are disjunctive and 0 are conjunctive.
[t=1.443761s, 33124 KB] 2355 edges
[t=1.443761s, 33124 KB] approx. reasonable orders
[t=1.571754s, 33124 KB] Landmarks generation time: 0.707976s
[t=1.571754s, 33124 KB] Discovered 258 landmarks, of which 0 are disjunctive and 0 are conjunctive.
[t=1.571754s, 33124 KB] 2478 edges
[t=1.571754s, 33124 KB] Landmark graph generation time: 0.707976s
[t=1.571754s, 33124 KB] Landmark graph contains 258 landmarks, of which 0 are disjunctive and 0 are conjunctive.
[t=1.571754s, 33124 KB] Landmark graph contains 2478 orderings.
[t=1.579758s, 34660 KB] Simplifying 36941 unary operators... done! [36941 unary operators]
[t=1.591777s, 34660 KB] time to simplify: 0.012019s
[t=1.591777s, 36532 KB] Initializing additive heuristic...
[t=1.595760s, 36532 KB] Initializing FF heuristic...
[t=1.595760s, 36532 KB] Building successor generator...done!
[t=1.599793s, 36532 KB] peak memory difference for successor generator creation: 0 KB
[t=1.599793s, 36532 KB] time for successor generation creation: 0.004033s
[t=1.599793s, 36532 KB] Variables: 290
[t=1.599793s, 36532 KB] FactPairs: 1046
[t=1.599793s, 36532 KB] Bytes per state: 52
[t=1.599793s, 36532 KB] Building successor generator...done!
[t=1.599793s, 36532 KB] peak memory difference for successor generator creation: 0 KB
[t=1.599793s, 36532 KB] time for successor generation creation: 0.000000s
[t=1.599793s, 36532 KB] Variables: 290
[t=1.599793s, 36532 KB] FactPairs: 1046
[t=1.599793s, 36532 KB] Bytes per state: 52
[t=1.599793s, 36532 KB] Starting search: lazy_greedy
[t=1.599793s, 36532 KB] Conducting lazy best first search, (real) bound = 2147483647
[t=1.599793s, 36532 KB] New best heuristic value for landmark_sum_heuristic: 126
[t=1.599793s, 36532 KB] New best heuristic value for ff: 81
[t=1.599793s, 36532 KB] g=0, 1 evaluated, 0 expanded
[t=1.599793s, 36532 KB] Initial heuristic value for landmark_sum_heuristic: 126
[t=1.599793s, 36532 KB] Initial heuristic value for ff: 81
[t=1.603765s, 36532 KB] New best heuristic value for landmark_sum_heuristic: 124
[t=1.603765s, 36532 KB] New best heuristic value for ff: 78
[t=1.603765s, 36532 KB] g=1, 3 evaluated, 2 expanded
[t=1.603765s, 36532 KB] New best heuristic value for landmark_sum_heuristic: 121
[t=1.603765s, 36532 KB] New best heuristic value for ff: 77
[t=1.603765s, 36532 KB] g=2, 6 evaluated, 5 expanded
[t=1.603765s, 36532 KB] New best heuristic value for landmark_sum_heuristic: 118
[t=1.603765s, 36532 KB] g=3, 8 evaluated, 7 expanded
[t=1.607758s, 36532 KB] New best heuristic value for landmark_sum_heuristic: 115
[t=1.607758s, 36532 KB] New best heuristic value for ff: 75
[t=1.607758s, 36532 KB] g=4, 9 evaluated, 8 expanded
[t=1.607758s, 36532 KB] New best heuristic value for landmark_sum_heuristic: 112
[t=1.607758s, 36532 KB] g=5, 11 evaluated, 10 expanded
[t=1.611762s, 36532 KB] New best heuristic value for ff: 74
[t=1.611762s, 36532 KB] g=5, 17 evaluated, 16 expanded
[t=1.611762s, 36532 KB] New best heuristic value for landmark_sum_heuristic: 111
[t=1.611762s, 36532 KB] g=6, 18 evaluated, 17 expanded
[t=1.611762s, 36532 KB] New best heuristic value for ff: 72
[t=1.611762s, 36532 KB] g=6, 19 evaluated, 18 expanded
[t=1.615761s, 36532 KB] New best heuristic value for ff: 70
[t=1.615761s, 36532 KB] g=7, 21 evaluated, 20 expanded
[t=1.619759s, 36532 KB] New best heuristic value for landmark_sum_heuristic: 110
[t=1.619759s, 36532 KB] g=7, 30 evaluated, 29 expanded
[t=1.619759s, 36532 KB] New best heuristic value for landmark_sum_heuristic: 109
[t=1.619759s, 36532 KB] g=12, 31 evaluated, 30 expanded
[t=1.623759s, 36532 KB] New best heuristic value for landmark_sum_heuristic: 108
[t=1.623759s, 36532 KB] New best heuristic value for ff: 69
[t=1.623759s, 36532 KB] g=13, 34 evaluated, 33 expanded
[t=1.623759s, 36532 KB] New best heuristic value for ff: 68
[t=1.623759s, 36532 KB] g=14, 35 evaluated, 34 expanded
[t=1.623759s, 36532 KB] New best heuristic value for landmark_sum_heuristic: 105
[t=1.623759s, 36532 KB] New best heuristic value for ff: 67
[t=1.623759s, 36532 KB] g=15, 36 evaluated, 35 expanded
[t=1.623759s, 36532 KB] New best heuristic value for landmark_sum_heuristic: 102
[t=1.623759s, 36532 KB] New best heuristic value for ff: 65
[t=1.623759s, 36532 KB] g=16, 39 evaluated, 38 expanded
[t=1.627758s, 36532 KB] New best heuristic value for landmark_sum_heuristic: 101
[t=1.627758s, 36532 KB] g=17, 42 evaluated, 41 expanded
[t=1.627758s, 36532 KB] New best heuristic value for ff: 62
[t=1.627758s, 36532 KB] g=18, 48 evaluated, 47 expanded
[t=1.631757s, 36532 KB] New best heuristic value for ff: 61
[t=1.631757s, 36532 KB] g=21, 51 evaluated, 50 expanded
[t=1.631757s, 36532 KB] New best heuristic value for landmark_sum_heuristic: 100
[t=1.631757s, 36532 KB] g=23, 53 evaluated, 52 expanded
[t=1.631757s, 36532 KB] New best heuristic value for landmark_sum_heuristic: 99
[t=1.631757s, 36532 KB] g=24, 54 evaluated, 53 expanded
[t=1.635758s, 36532 KB] New best heuristic value for landmark_sum_heuristic: 98
[t=1.635758s, 36532 KB] g=25, 56 evaluated, 55 expanded
[t=1.635758s, 36532 KB] New best heuristic value for landmark_sum_heuristic: 96
[t=1.635758s, 36532 KB] g=26, 58 evaluated, 57 expanded
[t=1.635758s, 36532 KB] New best heuristic value for landmark_sum_heuristic: 95
[t=1.635758s, 36532 KB] g=27, 59 evaluated, 58 expanded
[t=1.635758s, 36532 KB] New best heuristic value for landmark_sum_heuristic: 94
[t=1.635758s, 36532 KB] g=28, 61 evaluated, 60 expanded
[t=1.639795s, 36532 KB] New best heuristic value for landmark_sum_heuristic: 92
[t=1.639795s, 36532 KB] New best heuristic value for ff: 59
[t=1.639795s, 36532 KB] g=28, 69 evaluated, 68 expanded
[t=1.643744s, 36532 KB] New best heuristic value for landmark_sum_heuristic: 90
[t=1.643744s, 36532 KB] New best heuristic value for ff: 57
[t=1.643744s, 36532 KB] g=29, 70 evaluated, 69 expanded
[t=1.643744s, 36532 KB] New best heuristic value for landmark_sum_heuristic: 87
[t=1.643744s, 36532 KB] New best heuristic value for ff: 55
[t=1.643744s, 36532 KB] g=30, 72 evaluated, 71 expanded
[t=1.643744s, 36532 KB] New best heuristic value for landmark_sum_heuristic: 86
[t=1.643744s, 36532 KB] g=31, 74 evaluated, 73 expanded
[t=1.703744s, 36532 KB] New best heuristic value for landmark_sum_heuristic: 85
[t=1.703744s, 36532 KB] New best heuristic value for ff: 54
[t=1.703744s, 36532 KB] g=29, 226 evaluated, 225 expanded
[t=1.703744s, 36532 KB] New best heuristic value for ff: 53
[t=1.703744s, 36532 KB] g=30, 229 evaluated, 228 expanded
[t=1.703744s, 36532 KB] New best heuristic value for landmark_sum_heuristic: 84
[t=1.703744s, 36532 KB] g=30, 231 evaluated, 230 expanded
[t=1.703744s, 36532 KB] New best heuristic value for landmark_sum_heuristic: 82
[t=1.703744s, 36532 KB] New best heuristic value for ff: 52
[t=1.703744s, 36532 KB] g=31, 232 evaluated, 231 expanded
[t=1.707747s, 36532 KB] New best heuristic value for landmark_sum_heuristic: 81
[t=1.707747s, 36532 KB] g=32, 233 evaluated, 232 expanded
[t=1.707747s, 36532 KB] New best heuristic value for landmark_sum_heuristic: 79
[t=1.707747s, 36532 KB] New best heuristic value for ff: 51
[t=1.707747s, 36532 KB] g=33, 234 evaluated, 233 expanded
[t=1.711755s, 36532 KB] New best heuristic value for ff: 50
[t=1.711755s, 36532 KB] g=34, 237 evaluated, 236 expanded
[t=1.711755s, 36532 KB] New best heuristic value for landmark_sum_heuristic: 78
[t=1.711755s, 36532 KB] g=34, 240 evaluated, 239 expanded
[t=1.719751s, 36532 KB] New best heuristic value for landmark_sum_heuristic: 77
[t=1.719751s, 36532 KB] New best heuristic value for ff: 49
[t=1.719751s, 36532 KB] g=36, 250 evaluated, 249 expanded
[t=1.719751s, 36532 KB] New best heuristic value for landmark_sum_heuristic: 75
[t=1.719751s, 36532 KB] New best heuristic value for ff: 47
[t=1.719751s, 36532 KB] g=37, 251 evaluated, 250 expanded
[t=1.719751s, 36532 KB] New best heuristic value for landmark_sum_heuristic: 74
[t=1.719751s, 36532 KB] New best heuristic value for ff: 45
[t=1.719751s, 36532 KB] g=38, 252 evaluated, 251 expanded
[t=1.723747s, 36532 KB] New best heuristic value for landmark_sum_heuristic: 72
[t=1.723747s, 36532 KB] New best heuristic value for ff: 44
[t=1.723747s, 36532 KB] g=39, 253 evaluated, 252 expanded
[t=1.723747s, 36532 KB] New best heuristic value for landmark_sum_heuristic: 70
[t=1.723747s, 36532 KB] New best heuristic value for ff: 43
[t=1.723747s, 36532 KB] g=40, 254 evaluated, 253 expanded
[t=1.723747s, 36532 KB] New best heuristic value for landmark_sum_heuristic: 68
[t=1.723747s, 36532 KB] New best heuristic value for ff: 42
[t=1.723747s, 36532 KB] g=41, 255 evaluated, 254 expanded
[t=1.723747s, 36532 KB] New best heuristic value for landmark_sum_heuristic: 66
[t=1.723747s, 36532 KB] New best heuristic value for ff: 41
[t=1.723747s, 36532 KB] g=42, 256 evaluated, 255 expanded
[t=1.723747s, 36532 KB] New best heuristic value for landmark_sum_heuristic: 64
[t=1.723747s, 36532 KB] g=43, 257 evaluated, 256 expanded
[t=1.723747s, 36532 KB] New best heuristic value for landmark_sum_heuristic: 62
[t=1.723747s, 36532 KB] New best heuristic value for ff: 39
[t=1.723747s, 36532 KB] g=44, 258 evaluated, 257 expanded
[t=1.723747s, 36532 KB] New best heuristic value for landmark_sum_heuristic: 60
[t=1.723747s, 36532 KB] New best heuristic value for ff: 37
[t=1.723747s, 36532 KB] g=45, 259 evaluated, 258 expanded
[t=1.727746s, 36532 KB] New best heuristic value for landmark_sum_heuristic: 58
[t=1.727746s, 36532 KB] New best heuristic value for ff: 36
[t=1.727746s, 36532 KB] g=46, 260 evaluated, 259 expanded
[t=1.727746s, 36532 KB] New best heuristic value for landmark_sum_heuristic: 57
[t=1.727746s, 36532 KB] g=47, 265 evaluated, 264 expanded
[t=1.727746s, 36532 KB] New best heuristic value for ff: 34
[t=1.727746s, 36532 KB] g=47, 266 evaluated, 265 expanded
[t=1.727746s, 36532 KB] New best heuristic value for landmark_sum_heuristic: 55
[t=1.727746s, 36532 KB] New best heuristic value for ff: 33
[t=1.727746s, 36532 KB] g=48, 267 evaluated, 266 expanded
[t=1.727746s, 36532 KB] New best heuristic value for landmark_sum_heuristic: 53
[t=1.727746s, 36532 KB] New best heuristic value for ff: 32
[t=1.727746s, 36532 KB] g=49, 268 evaluated, 267 expanded
[t=1.731745s, 36532 KB] New best heuristic value for landmark_sum_heuristic: 51
[t=1.731745s, 36532 KB] New best heuristic value for ff: 31
[t=1.731745s, 36532 KB] g=50, 269 evaluated, 268 expanded
[t=1.731745s, 36532 KB] New best heuristic value for landmark_sum_heuristic: 49
[t=1.731745s, 36532 KB] New best heuristic value for ff: 30
[t=1.731745s, 36532 KB] g=51, 270 evaluated, 269 expanded
[t=1.731745s, 36532 KB] New best heuristic value for landmark_sum_heuristic: 47
[t=1.731745s, 36532 KB] g=52, 271 evaluated, 270 expanded
[t=1.731745s, 36532 KB] New best heuristic value for landmark_sum_heuristic: 45
[t=1.731745s, 36532 KB] New best heuristic value for ff: 28
[t=1.731745s, 36532 KB] g=53, 272 evaluated, 271 expanded
[t=1.731745s, 36532 KB] New best heuristic value for landmark_sum_heuristic: 43
[t=1.731745s, 36532 KB] New best heuristic value for ff: 27
[t=1.731745s, 36532 KB] g=54, 273 evaluated, 272 expanded
[t=1.735750s, 36532 KB] New best heuristic value for landmark_sum_heuristic: 42
[t=1.735750s, 36532 KB] g=55, 277 evaluated, 276 expanded
[t=1.735750s, 36532 KB] New best heuristic value for ff: 26
[t=1.735750s, 36532 KB] g=56, 287 evaluated, 286 expanded
[t=1.739746s, 36532 KB] New best heuristic value for landmark_sum_heuristic: 40
[t=1.739746s, 36532 KB] New best heuristic value for ff: 25
[t=1.739746s, 36532 KB] g=57, 288 evaluated, 287 expanded
[t=1.739746s, 36532 KB] New best heuristic value for landmark_sum_heuristic: 37
[t=1.739746s, 36532 KB] New best heuristic value for ff: 22
[t=1.739746s, 36532 KB] g=58, 290 evaluated, 289 expanded
[t=1.739746s, 36532 KB] New best heuristic value for landmark_sum_heuristic: 35
[t=1.739746s, 36532 KB] New best heuristic value for ff: 21
[t=1.739746s, 36532 KB] g=59, 291 evaluated, 290 expanded
[t=1.739746s, 36532 KB] New best heuristic value for landmark_sum_heuristic: 33
[t=1.739746s, 36532 KB] New best heuristic value for ff: 20
[t=1.739746s, 36532 KB] g=60, 292 evaluated, 291 expanded
[t=1.739746s, 36532 KB] New best heuristic value for landmark_sum_heuristic: 31
[t=1.739746s, 36532 KB] New best heuristic value for ff: 18
[t=1.739746s, 36532 KB] g=61, 293 evaluated, 292 expanded
[t=1.739746s, 36532 KB] New best heuristic value for landmark_sum_heuristic: 30
[t=1.739746s, 36532 KB] New best heuristic value for ff: 16
[t=1.739746s, 36532 KB] g=62, 296 evaluated, 295 expanded
[t=1.739746s, 36532 KB] New best heuristic value for landmark_sum_heuristic: 28
[t=1.739746s, 36532 KB] New best heuristic value for ff: 15
[t=1.739746s, 36532 KB] g=63, 297 evaluated, 296 expanded
[t=1.743748s, 36532 KB] New best heuristic value for landmark_sum_heuristic: 26
[t=1.743748s, 36532 KB] New best heuristic value for ff: 14
[t=1.743748s, 36532 KB] g=64, 298 evaluated, 297 expanded
[t=1.743748s, 36532 KB] New best heuristic value for landmark_sum_heuristic: 24
[t=1.743748s, 36532 KB] New best heuristic value for ff: 13
[t=1.743748s, 36532 KB] g=65, 299 evaluated, 298 expanded
[t=1.743748s, 36532 KB] New best heuristic value for landmark_sum_heuristic: 22
[t=1.743748s, 36532 KB] New best heuristic value for ff: 12
[t=1.743748s, 36532 KB] g=66, 300 evaluated, 299 expanded
[t=1.743748s, 36532 KB] New best heuristic value for landmark_sum_heuristic: 20
[t=1.743748s, 36532 KB] New best heuristic value for ff: 11
[t=1.743748s, 36532 KB] g=67, 301 evaluated, 300 expanded
[t=1.743748s, 36532 KB] New best heuristic value for landmark_sum_heuristic: 18
[t=1.743748s, 36532 KB] New best heuristic value for ff: 10
[t=1.743748s, 36532 KB] g=68, 302 evaluated, 301 expanded
[t=1.743748s, 36532 KB] New best heuristic value for landmark_sum_heuristic: 16
[t=1.743748s, 36532 KB] New best heuristic value for ff: 9
[t=1.743748s, 36532 KB] g=69, 303 evaluated, 302 expanded
[t=1.743748s, 36532 KB] New best heuristic value for landmark_sum_heuristic: 14
[t=1.743748s, 36532 KB] New best heuristic value for ff: 7
[t=1.743748s, 36532 KB] g=70, 305 evaluated, 304 expanded
[t=1.743748s, 36532 KB] New best heuristic value for landmark_sum_heuristic: 12
[t=1.743748s, 36532 KB] New best heuristic value for ff: 6
[t=1.743748s, 36532 KB] g=71, 306 evaluated, 305 expanded
[t=1.743748s, 36532 KB] New best heuristic value for landmark_sum_heuristic: 10
[t=1.743748s, 36532 KB] New best heuristic value for ff: 5
[t=1.743748s, 36532 KB] g=72, 307 evaluated, 306 expanded
[t=1.743748s, 36532 KB] New best heuristic value for landmark_sum_heuristic: 8
[t=1.743748s, 36532 KB] New best heuristic value for ff: 4
[t=1.743748s, 36532 KB] g=73, 308 evaluated, 307 expanded
[t=1.747746s, 36532 KB] New best heuristic value for landmark_sum_heuristic: 6
[t=1.747746s, 36532 KB] New best heuristic value for ff: 3
[t=1.747746s, 36532 KB] g=74, 309 evaluated, 308 expanded
[t=1.747746s, 36532 KB] New best heuristic value for landmark_sum_heuristic: 4
[t=1.747746s, 36532 KB] New best heuristic value for ff: 2
[t=1.747746s, 36532 KB] g=75, 310 evaluated, 309 expanded
[t=1.747746s, 36532 KB] New best heuristic value for landmark_sum_heuristic: 2
[t=1.747746s, 36532 KB] New best heuristic value for ff: 1
[t=1.747746s, 36532 KB] g=76, 311 evaluated, 310 expanded
[t=1.747746s, 36532 KB] Solution found!
[t=1.747746s, 36532 KB] Actual search time: 0.147953s
move-to-card card-d0-s1-v2 card-d0-s1-v5 card-d0-s1-v3 pile-1 (1)
move-to-card card-d0-s3-v3 card-d0-s0-v2 card-d0-s3-v4 pile-4 (1)
move-to-card card-d0-s0-v1 card-d0-s0-v0 card-d0-s0-v2 pile-2 (1)
move-to-card card-d0-s0-v0 card-d0-s0-v3 card-d0-s0-v1 pile-2 (1)
start-dealing  (1)
deal-card card-d0-s3-v5 card-d0-s2-v0 deal-0 card-d0-s1-v5 pile-0 (0)
deal-card card-d0-s2-v0 card-d0-s0-v4 deal-0 card-d0-s1-v2 pile-1 (0)
deal-card card-d0-s0-v4 card-d0-s2-v1 deal-0 card-d0-s0-v0 pile-2 (0)
deal-card card-d0-s2-v1 card-d0-s2-v3 deal-0 card-d0-s0-v3 pile-3 (0)
deal-card card-d0-s2-v3 deal-0 deal-0 card-d0-s3-v3 pile-4 (0)
finish-dealing deal-0 deal-1 (0)
move-to-card card-d0-s2-v0 card-d0-s1-v2 card-d0-s2-v1 pile-3 (1)
move-to-card card-d0-s1-v3 card-d0-s2-v2 card-d0-s0-v4 pile-2 (1)
move-to-card card-d0-s2-v1 card-d0-s0-v3 card-d0-s1-v2 pile-2 (1)
move-to-card card-d0-s2-v1 card-d0-s1-v2 card-d0-s2-v2 pile-1 (1)
move-to-card card-d0-s2-v2 card-d0-s3-v2 card-d0-s2-v3 pile-4 (1)
start-dealing  (1)
deal-card card-d0-s1-v4 card-d0-s2-v5 deal-1 card-d0-s3-v5 pile-0 (0)
deal-card card-d0-s2-v5 card-d0-s0-v5 deal-1 card-d0-s3-v2 pile-1 (0)
deal-card card-d0-s0-v5 card-d0-s1-v1 deal-1 card-d0-s1-v2 pile-2 (0)
deal-card card-d0-s1-v1 card-d0-s3-v6 deal-1 card-d0-s0-v3 pile-3 (0)
deal-card card-d0-s3-v6 deal-1 deal-1 card-d0-s2-v0 pile-4 (0)
finish-dealing deal-1 deal-2 (0)
move-to-card card-d0-s0-v5 card-d0-s1-v2 card-d0-s3-v6 pile-4 (1)
move-to-card card-d0-s1-v1 card-d0-s0-v3 card-d0-s1-v2 pile-2 (1)
move-to-card card-d0-s1-v3 card-d0-s0-v4 card-d0-s1-v4 pile-0 (1)
move-to-card card-d0-s0-v3 pile-3 card-d0-s0-v4 pile-2 (1)
move-to-card card-d0-s0-v4 card-d0-s0-v0 card-d0-s0-v5 pile-4 (1)
move-to-card card-d0-s0-v2 card-d0-s3-v0 card-d0-s0-v3 pile-4 (1)
move-to-tableau card-d0-s2-v5 card-d0-s3-v2 pile-3 (1)
move-to-card card-d0-s3-v1 pile-2 card-d0-s3-v2 pile-1 (1)
move-to-tableau card-d0-s3-v2 card-d0-s1-v0 pile-2 (1)
move-to-card card-d0-s1-v0 pile-1 card-d0-s1-v1 pile-0 (1)
move-to-tableau card-d0-s0-v5 card-d0-s3-v6 pile-1 (1)
move-to-card card-d0-s1-v4 card-d0-s3-v5 card-d0-s2-v5 pile-3 (1)
move-to-card card-d0-s3-v5 card-d0-s1-v5 card-d0-s3-v6 pile-4 (1)
move-to-card card-d0-s1-v4 card-d0-s2-v5 card-d0-s1-v5 pile-0 (1)
start-collecting-deck card-d0-s1-v0 (1)
collect-card card-d0-s1-v0 card-d0-s1-v1 pile-0 (0)
collect-card card-d0-s1-v1 card-d0-s1-v2 pile-0 (0)
collect-card card-d0-s1-v2 card-d0-s1-v3 pile-0 (0)
collect-card card-d0-s1-v3 card-d0-s1-v4 pile-0 (0)
collect-card card-d0-s1-v4 card-d0-s1-v5 pile-0 (0)
collect-card card-d0-s1-v5 card-d0-s1-v6 pile-0 (0)
finish-collecting-deck card-d0-s1-v6 card-d0-s0-v6 pile-0 (0)
move-to-card card-d0-s0-v5 pile-1 card-d0-s0-v6 pile-0 (1)
start-collecting-deck card-d0-s0-v0 (1)
collect-card card-d0-s0-v0 card-d0-s0-v1 pile-0 (0)
collect-card card-d0-s0-v1 card-d0-s0-v2 pile-0 (0)
collect-card card-d0-s0-v2 card-d0-s0-v3 pile-0 (0)
collect-card card-d0-s0-v3 card-d0-s0-v4 pile-0 (0)
collect-card card-d0-s0-v4 card-d0-s0-v5 pile-0 (0)
collect-card card-d0-s0-v5 card-d0-s0-v6 pile-0 (0)
finish-collecting-deck card-d0-s0-v6 pile-0 pile-0 (0)
move-to-tableau card-d0-s3-v6 card-d0-s2-v0 pile-0 (1)
move-to-tableau card-d0-s2-v3 card-d0-s3-v3 pile-1 (1)
move-to-card card-d0-s3-v2 pile-2 card-d0-s3-v3 pile-4 (1)
move-to-card card-d0-s3-v4 card-d0-s2-v4 card-d0-s3-v5 pile-0 (1)
move-to-card card-d0-s2-v3 pile-1 card-d0-s2-v4 pile-4 (1)
move-to-card card-d0-s2-v4 card-d0-s2-v6 card-d0-s2-v5 pile-3 (1)
move-to-card card-d0-s2-v5 pile-3 card-d0-s2-v6 pile-4 (1)
start-collecting-deck card-d0-s3-v0 (1)
collect-card card-d0-s3-v0 card-d0-s3-v1 pile-0 (0)
collect-card card-d0-s3-v1 card-d0-s3-v2 pile-0 (0)
collect-card card-d0-s3-v2 card-d0-s3-v3 pile-0 (0)
collect-card card-d0-s3-v3 card-d0-s3-v4 pile-0 (0)
collect-card card-d0-s3-v4 card-d0-s3-v5 pile-0 (0)
collect-card card-d0-s3-v5 card-d0-s3-v6 pile-0 (0)
finish-collecting-deck card-d0-s3-v6 pile-0 pile-0 (0)
start-collecting-deck card-d0-s2-v0 (1)
collect-card card-d0-s2-v0 card-d0-s2-v1 pile-4 (0)
collect-card card-d0-s2-v1 card-d0-s2-v2 pile-4 (0)
collect-card card-d0-s2-v2 card-d0-s2-v3 pile-4 (0)
collect-card card-d0-s2-v3 card-d0-s2-v4 pile-4 (0)
collect-card card-d0-s2-v4 card-d0-s2-v5 pile-4 (0)
collect-card card-d0-s2-v5 card-d0-s2-v6 pile-4 (0)
finish-collecting-deck card-d0-s2-v6 pile-4 pile-4 (0)
[t=1.747746s, 36532 KB] Plan length: 77 step(s).
[t=1.747746s, 36532 KB] Plan cost: 37
[t=1.747746s, 36532 KB] Expanded 311 state(s).
[t=1.747746s, 36532 KB] Reopened 0 state(s).
[t=1.747746s, 36532 KB] Evaluated 312 state(s).
[t=1.747746s, 36532 KB] Evaluations: 624
[t=1.747746s, 36532 KB] Generated 1829 state(s).
[t=1.747746s, 36532 KB] Dead ends: 0 state(s).
[t=1.747746s, 36532 KB] Number of registered states: 312
[t=1.747746s, 36532 KB] Int hash set load factor: 312/512 = 0.609375
[t=1.747746s, 36532 KB] Int hash set resizes: 9
[t=1.747746s, 36532 KB] Best solution cost so far: 37
[t=1.747746s, 36532 KB] Solution found - keep searching
[t=1.747746s, 36532 KB] Building successor generator...done!
[t=1.747746s, 36532 KB] peak memory difference for successor generator creation: 0 KB
[t=1.747746s, 36532 KB] time for successor generation creation: 0.000000s
[t=1.747746s, 36532 KB] Variables: 290
[t=1.747746s, 36532 KB] FactPairs: 1046
[t=1.747746s, 36532 KB] Bytes per state: 52
[t=1.747746s, 36532 KB] Starting search: lazy_greedy
[t=1.747746s, 36532 KB] Conducting lazy best first search, (real) bound = 37
[t=1.747746s, 36532 KB] New best heuristic value for landmark_sum_heuristic: 158
[t=1.747746s, 36532 KB] New best heuristic value for ff: 114
[t=1.747746s, 36532 KB] g=0, 1 evaluated, 0 expanded
[t=1.747746s, 36532 KB] Initial heuristic value for landmark_sum_heuristic: 158
[t=1.747746s, 36532 KB] Initial heuristic value for ff: 114
[t=1.747746s, 36532 KB] New best heuristic value for landmark_sum_heuristic: 157
[t=1.747746s, 36532 KB] g=1, 2 evaluated, 1 expanded
[t=1.751764s, 36532 KB] New best heuristic value for landmark_sum_heuristic: 152
[t=1.751764s, 36532 KB] g=2, 3 evaluated, 2 expanded
[t=1.751764s, 36532 KB] New best heuristic value for ff: 109
[t=1.751764s, 36532 KB] g=1, 4 evaluated, 3 expanded
[t=1.751764s, 36532 KB] New best heuristic value for landmark_sum_heuristic: 151
[t=1.751764s, 36532 KB] g=3, 5 evaluated, 4 expanded
[t=1.755775s, 36532 KB] New best heuristic value for landmark_sum_heuristic: 150
[t=1.755775s, 36532 KB] g=4, 9 evaluated, 8 expanded
[t=1.755775s, 36532 KB] New best heuristic value for landmark_sum_heuristic: 149
[t=1.755775s, 36532 KB] New best heuristic value for ff: 107
[t=1.755775s, 36532 KB] g=2, 10 evaluated, 9 expanded
[t=1.755775s, 36532 KB] New best heuristic value for landmark_sum_heuristic: 148
[t=1.755775s, 36532 KB] g=3, 11 evaluated, 10 expanded
[t=1.755775s, 36532 KB] New best heuristic value for landmark_sum_heuristic: 143
[t=1.755775s, 36532 KB] New best heuristic value for ff: 104
[t=1.755775s, 36532 KB] g=4, 12 evaluated, 11 expanded
[t=1.759781s, 36532 KB] New best heuristic value for landmark_sum_heuristic: 139
[t=1.759781s, 36532 KB] New best heuristic value for ff: 102
[t=1.759781s, 36532 KB] g=5, 13 evaluated, 12 expanded
[t=1.759781s, 36532 KB] New best heuristic value for landmark_sum_heuristic: 134
[t=1.759781s, 36532 KB] g=6, 15 evaluated, 14 expanded
[t=1.763766s, 36532 KB] New best heuristic value for ff: 100
[t=1.763766s, 36532 KB] g=6, 21 evaluated, 20 expanded
[t=1.763766s, 36532 KB] New best heuristic value for landmark_sum_heuristic: 132
[t=1.763766s, 36532 KB] g=7, 22 evaluated, 21 expanded
[t=1.763766s, 36532 KB] New best heuristic value for ff: 99
[t=1.763766s, 36532 KB] g=6, 25 evaluated, 24 expanded
[t=1.767745s, 36532 KB] New best heuristic value for landmark_sum_heuristic: 131
[t=1.767745s, 36532 KB] g=8, 28 evaluated, 27 expanded
[t=1.775752s, 36532 KB] New best heuristic value for landmark_sum_heuristic: 130
[t=1.775752s, 36532 KB] g=9, 37 evaluated, 36 expanded
[t=1.775752s, 36532 KB] New best heuristic value for landmark_sum_heuristic: 126
[t=1.775752s, 36532 KB] g=10, 41 evaluated, 40 expanded
[t=1.783752s, 36532 KB] New best heuristic value for landmark_sum_heuristic: 125
[t=1.783752s, 36532 KB] g=11, 49 evaluated, 48 expanded
[t=1.787747s, 36532 KB] New best heuristic value for landmark_sum_heuristic: 120
[t=1.787747s, 36532 KB] New best heuristic value for ff: 98
[t=1.787747s, 36532 KB] g=12, 55 evaluated, 54 expanded
[t=1.787747s, 36532 KB] New best heuristic value for landmark_sum_heuristic: 117
[t=1.787747s, 36532 KB] g=13, 57 evaluated, 56 expanded
[t=1.787747s, 36532 KB] New best heuristic value for ff: 85
[t=1.787747s, 36532 KB] g=13, 60 evaluated, 59 expanded
[t=1.791745s, 36532 KB] New best heuristic value for landmark_sum_heuristic: 115
[t=1.791745s, 36532 KB] g=14, 67 evaluated, 66 expanded
[t=1.791745s, 36532 KB] New best heuristic value for landmark_sum_heuristic: 114
[t=1.791745s, 36532 KB] g=15, 68 evaluated, 67 expanded
[t=1.795746s, 36532 KB] New best heuristic value for landmark_sum_heuristic: 111
[t=1.795746s, 36532 KB] g=16, 71 evaluated, 70 expanded
[t=1.795746s, 36532 KB] New best heuristic value for ff: 84
[t=1.795746s, 36532 KB] g=16, 75 evaluated, 74 expanded
[t=1.799750s, 36532 KB] New best heuristic value for landmark_sum_heuristic: 110
[t=1.799750s, 36532 KB] g=16, 79 evaluated, 78 expanded
[t=1.799750s, 36532 KB] New best heuristic value for landmark_sum_heuristic: 109
[t=1.799750s, 36532 KB] g=16, 81 evaluated, 80 expanded
[t=1.803750s, 36532 KB] New best heuristic value for landmark_sum_heuristic: 108
[t=1.803750s, 36532 KB] g=17, 84 evaluated, 83 expanded
[t=1.803750s, 36532 KB] New best heuristic value for landmark_sum_heuristic: 104
[t=1.803750s, 36532 KB] g=18, 85 evaluated, 84 expanded
[t=1.807748s, 36532 KB] New best heuristic value for landmark_sum_heuristic: 101
[t=1.807748s, 36532 KB] g=19, 94 evaluated, 93 expanded
[t=1.811785s, 36532 KB] New best heuristic value for landmark_sum_heuristic: 100
[t=1.811785s, 36532 KB] g=21, 104 evaluated, 103 expanded
[t=1.815748s, 36532 KB] New best heuristic value for landmark_sum_heuristic: 98
[t=1.815748s, 36532 KB] g=22, 105 evaluated, 104 expanded
[t=1.815748s, 36532 KB] New best heuristic value for landmark_sum_heuristic: 95
[t=1.815748s, 36532 KB] g=23, 106 evaluated, 105 expanded
[t=1.815748s, 36532 KB] New best heuristic value for ff: 82
[t=1.815748s, 36532 KB] g=22, 112 evaluated, 111 expanded
[t=1.819774s, 36532 KB] New best heuristic value for ff: 80
[t=1.819774s, 36532 KB] g=23, 116 evaluated, 115 expanded
[t=1.823748s, 36532 KB] New best heuristic value for landmark_sum_heuristic: 93
[t=1.823748s, 36532 KB] g=25, 123 evaluated, 122 expanded
[t=1.827750s, 36532 KB] New best heuristic value for landmark_sum_heuristic: 90
[t=1.827750s, 36532 KB] g=26, 131 evaluated, 130 expanded
[t=1.831804s, 36532 KB] New best heuristic value for ff: 78
[t=1.831804s, 36532 KB] g=27, 135 evaluated, 134 expanded
[t=1.831804s, 36532 KB] New best heuristic value for ff: 76
[t=1.831804s, 36532 KB] g=28, 137 evaluated, 136 expanded
[t=1.831804s, 36532 KB] New best heuristic value for landmark_sum_heuristic: 88
[t=1.831804s, 36532 KB] g=29, 141 evaluated, 140 expanded
[t=1.851747s, 36532 KB] New best heuristic value for landmark_sum_heuristic: 87
[t=1.851747s, 36532 KB] New best heuristic value for ff: 74
[t=1.851747s, 36532 KB] g=32, 188 evaluated, 187 expanded
[t=1.851747s, 36532 KB] New best heuristic value for landmark_sum_heuristic: 84
[t=1.851747s, 36532 KB] g=33, 189 evaluated, 188 expanded
[t=1.903744s, 36532 KB] New best heuristic value for ff: 70
[t=1.903744s, 36532 KB] g=35, 358 evaluated, 357 expanded
[t=1.903744s, 36532 KB] New best heuristic value for landmark_sum_heuristic: 82
[t=1.903744s, 36532 KB] g=36, 359 evaluated, 358 expanded
[t=1.903744s, 36532 KB] New best heuristic value for ff: 66
[t=1.903744s, 36532 KB] g=36, 360 evaluated, 359 expanded
[t=1.907747s, 36532 KB] New best heuristic value for landmark_sum_heuristic: 80
[t=1.907747s, 36532 KB] New best heuristic value for ff: 65
[t=1.907747s, 36532 KB] g=36, 361 evaluated, 360 expanded
[t=1.907747s, 36532 KB] New best heuristic value for landmark_sum_heuristic: 78
[t=1.907747s, 36532 KB] New best heuristic value for ff: 64
[t=1.907747s, 36532 KB] g=36, 362 evaluated, 361 expanded
[t=1.907747s, 36532 KB] New best heuristic value for landmark_sum_heuristic: 76
[t=1.907747s, 36532 KB] New best heuristic value for ff: 61
[t=1.907747s, 36532 KB] g=36, 363 evaluated, 362 expanded
[t=1.907747s, 36532 KB] New best heuristic value for landmark_sum_heuristic: 74
[t=1.907747s, 36532 KB] New best heuristic value for ff: 60
[t=1.907747s, 36532 KB] g=36, 364 evaluated, 363 expanded
[t=1.907747s, 36532 KB] New best heuristic value for landmark_sum_heuristic: 72
[t=1.907747s, 36532 KB] New best heuristic value for ff: 59
[t=1.907747s, 36532 KB] g=36, 365 evaluated, 364 expanded
[t=1.907747s, 36532 KB] New best heuristic value for landmark_sum_heuristic: 70
[t=1.907747s, 36532 KB] New best heuristic value for ff: 58
[t=1.907747s, 36532 KB] g=36, 366 evaluated, 365 expanded
[t=1.907747s, 36532 KB] New best heuristic value for landmark_sum_heuristic: 68
[t=1.907747s, 36532 KB] New best heuristic value for ff: 57
[t=1.907747s, 36532 KB] g=36, 367 evaluated, 366 expanded
[t=1.971746s, 36532 KB] New best heuristic value for ff: 53
[t=1.971746s, 36532 KB] g=30, 553 evaluated, 552 expanded
[t=1.971746s, 36532 KB] New best heuristic value for landmark_sum_heuristic: 64
[t=1.971746s, 36532 KB] New best heuristic value for ff: 49
[t=1.971746s, 36532 KB] g=32, 555 evaluated, 554 expanded
[t=1.975747s, 36532 KB] New best heuristic value for landmark_sum_heuristic: 62
[t=1.975747s, 36532 KB] New best heuristic value for ff: 45
[t=1.975747s, 36532 KB] g=33, 557 evaluated, 556 expanded
[t=1.975747s, 36532 KB] New best heuristic value for landmark_sum_heuristic: 58
[t=1.975747s, 36532 KB] New best heuristic value for ff: 43
[t=1.975747s, 36532 KB] g=34, 558 evaluated, 557 expanded
[t=1.975747s, 36532 KB] New best heuristic value for landmark_sum_heuristic: 54
[t=1.975747s, 36532 KB] New best heuristic value for ff: 41
[t=1.975747s, 36532 KB] g=35, 559 evaluated, 558 expanded
[t=1.975747s, 36532 KB] New best heuristic value for landmark_sum_heuristic: 52
[t=1.975747s, 36532 KB] New best heuristic value for ff: 37
[t=1.975747s, 36532 KB] g=36, 560 evaluated, 559 expanded
[t=1.979746s, 36532 KB] New best heuristic value for landmark_sum_heuristic: 51
[t=1.979746s, 36532 KB] New best heuristic value for ff: 35
[t=1.979746s, 36532 KB] g=36, 565 evaluated, 564 expanded
[t=1.979746s, 36532 KB] New best heuristic value for landmark_sum_heuristic: 49
[t=1.979746s, 36532 KB] New best heuristic value for ff: 34
[t=1.979746s, 36532 KB] g=36, 566 evaluated, 565 expanded
[t=1.979746s, 36532 KB] New best heuristic value for landmark_sum_heuristic: 47
[t=1.979746s, 36532 KB] New best heuristic value for ff: 33
[t=1.979746s, 36532 KB] g=36, 567 evaluated, 566 expanded
[t=1.979746s, 36532 KB] New best heuristic value for landmark_sum_heuristic: 45
[t=1.979746s, 36532 KB] New best heuristic value for ff: 32
[t=1.979746s, 36532 KB] g=36, 568 evaluated, 567 expanded
[t=1.979746s, 36532 KB] New best heuristic value for landmark_sum_heuristic: 43
[t=1.979746s, 36532 KB] New best heuristic value for ff: 31
[t=1.979746s, 36532 KB] g=36, 569 evaluated, 568 expanded
[t=1.979746s, 36532 KB] New best heuristic value for landmark_sum_heuristic: 41
[t=1.979746s, 36532 KB] New best heuristic value for ff: 30
[t=1.979746s, 36532 KB] g=36, 570 evaluated, 569 expanded
[t=1.979746s, 36532 KB] New best heuristic value for landmark_sum_heuristic: 39
[t=1.979746s, 36532 KB] g=36, 571 evaluated, 570 expanded
[t=1.979746s, 36532 KB] New best heuristic value for landmark_sum_heuristic: 38
[t=1.983755s, 36532 KB] g=36, 572 evaluated, 571 expanded
[t=1.987745s, 36532 KB] New best heuristic value for ff: 28
[t=1.987745s, 36532 KB] g=36, 587 evaluated, 586 expanded
[t=2.135743s, 36532 KB] New best heuristic value for ff: 26
[t=2.135743s, 36532 KB] g=36, 969 evaluated, 968 expanded
[t=5.431598s, 36532 KB] New best heuristic value for ff: 25
[t=5.431598s, 36532 KB] g=36, 10609 evaluated, 10608 expanded
[t=5.431598s, 36532 KB] New best heuristic value for landmark_sum_heuristic: 37
[t=5.431598s, 36532 KB] New best heuristic value for ff: 24
[t=5.431598s, 36532 KB] g=36, 10610 evaluated, 10609 expanded
[t=5.431598s, 36532 KB] New best heuristic value for landmark_sum_heuristic: 35
[t=5.431598s, 36532 KB] New best heuristic value for ff: 23
[t=5.431598s, 36532 KB] g=36, 10611 evaluated, 10610 expanded
[t=5.435600s, 36532 KB] New best heuristic value for landmark_sum_heuristic: 34
[t=5.435600s, 36532 KB] New best heuristic value for ff: 22
[t=5.435600s, 36532 KB] g=36, 10612 evaluated, 10611 expanded
[t=5.447606s, 36532 KB] New best heuristic value for ff: 20
[t=5.447606s, 36532 KB] g=36, 10642 evaluated, 10641 expanded
[t=5.447606s, 36532 KB] New best heuristic value for landmark_sum_heuristic: 32
[t=5.447606s, 36532 KB] New best heuristic value for ff: 19
[t=5.447606s, 36532 KB] g=36, 10643 evaluated, 10642 expanded
[t=5.447606s, 36532 KB] New best heuristic value for landmark_sum_heuristic: 30
[t=5.447606s, 36532 KB] New best heuristic value for ff: 18
[t=5.447606s, 36532 KB] g=36, 10644 evaluated, 10643 expanded
[t=5.447606s, 36532 KB] New best heuristic value for landmark_sum_heuristic: 28
[t=5.447606s, 36532 KB] g=36, 10645 evaluated, 10644 expanded
[t=5.447606s, 36532 KB] New best heuristic value for landmark_sum_heuristic: 26
[t=5.447606s, 36532 KB] New best heuristic value for ff: 16
[t=5.447606s, 36532 KB] g=36, 10646 evaluated, 10645 expanded
[t=5.447606s, 36532 KB] New best heuristic value for landmark_sum_heuristic: 24
[t=5.447606s, 36532 KB] New best heuristic value for ff: 15
[t=5.447606s, 36532 KB] g=36, 10647 evaluated, 10646 expanded
[t=5.447606s, 36532 KB] New best heuristic value for landmark_sum_heuristic: 22
[t=5.447606s, 36532 KB] New best heuristic value for ff: 14
[t=5.447606s, 36532 KB] g=36, 10648 evaluated, 10647 expanded
[t=5.447606s, 36532 KB] New best heuristic value for landmark_sum_heuristic: 21
[t=5.447606s, 36532 KB] New best heuristic value for ff: 13
[t=5.447606s, 36532 KB] g=36, 10649 evaluated, 10648 expanded
[t=5.483599s, 36532 KB] New best heuristic value for landmark_sum_heuristic: 20
[t=5.483599s, 36532 KB] g=36, 10746 evaluated, 10745 expanded
[t=5.687922s, 36532 KB] New best heuristic value for landmark_sum_heuristic: 18
[t=5.687922s, 36532 KB] New best heuristic value for ff: 11
[t=5.687922s, 36532 KB] g=36, 11172 evaluated, 11171 expanded
[t=24.050548s, 45816 KB] New best heuristic value for landmark_sum_heuristic: 17
[t=24.050548s, 45816 KB] g=36, 58985 evaluated, 58984 expanded
[t=24.366555s, 45816 KB] New best heuristic value for landmark_sum_heuristic: 15
[t=24.366555s, 45816 KB] g=36, 59799 evaluated, 59798 expanded
[t=24.562554s, 45816 KB] New best heuristic value for landmark_sum_heuristic: 13
[t=24.562554s, 45816 KB] g=36, 60329 evaluated, 60328 expanded
Peak memory: 173032 KB
caught signal 24 -- exiting
Time limit has been reached.
Remove intermediate file output.sas
search exit code: 23

Driver aborting after search
INFO     Planner time: 299.15s
