INFO     planner time limit: 300s
INFO     planner memory limit: 4096 MB

INFO     Running translator.
INFO     translator stdin: None
INFO     translator time limit: 299s
INFO     translator memory limit: 4096 MB
INFO     translator command line string: /usr/bin/python3 /home/buser/planopt/planopt-hs25/demo/fast-downward/builds/release/bin/translate/translate.py /home/buser/KRP_Project/Spider_NoAxioms/domain.pddl /home/buser/KRP_Project/Spider_NoAxioms/instances/sat_p01.pddl --sas-file output.sas
Parsing...
Parsing: [0.000s CPU, 0.007s wall-clock]
Normalizing task... [0.000s CPU, 0.000s wall-clock]
Instantiating...
Generating Datalog program... [0.000s CPU, 0.001s wall-clock]
Normalizing Datalog program...
Trivial rules: Converted to facts.
Normalizing Datalog program: [0.000s CPU, 0.003s wall-clock]
Preparing model... [0.000s CPU, 0.002s wall-clock]
Generated 129 rules.
Computing model... [0.310s CPU, 0.302s wall-clock]
23831 relevant atoms
22166 auxiliary atoms
45997 final queue length
152786 total queue pushes
Completing instantiation... [1.370s CPU, 1.367s wall-clock]
Instantiating: [1.690s CPU, 1.688s wall-clock]
Computing fact groups...
Finding invariants...
28 initial candidates
Finding invariants: [0.010s CPU, 0.007s wall-clock]
Checking invariant weight... [0.000s CPU, 0.000s wall-clock]
Instantiating groups... [0.000s CPU, 0.001s wall-clock]
Collecting mutex groups... [0.000s CPU, 0.000s wall-clock]
Choosing groups...
473 uncovered facts
Choosing groups: [0.000s CPU, 0.001s wall-clock]
Building translation key... [0.000s CPU, 0.001s wall-clock]
Computing fact groups: [0.010s CPU, 0.014s wall-clock]
Building STRIPS to SAS dictionary... [0.000s CPU, 0.001s wall-clock]
Building dictionary for full mutex groups... [0.010s CPU, 0.001s wall-clock]
Building mutex information...
Building mutex information: [0.000s CPU, 0.000s wall-clock]
Translating task...
Processing axioms...
Simplifying axioms... [0.000s CPU, 0.000s wall-clock]
Translator axioms removed by simplifying: 0
Processing axioms: [0.080s CPU, 0.079s wall-clock]
Translating task: [1.660s CPU, 1.667s wall-clock]
32823 effect conditions simplified
0 implied preconditions added
Detecting unreachable propositions...
0 operators removed
0 axioms removed
39 propositions removed
Detecting unreachable propositions: [1.150s CPU, 1.154s wall-clock]
Reordering and filtering variables...
494 of 497 variables necessary.
0 of 29 mutex groups necessary.
22438 of 22438 operators necessary.
0 of 0 axiom rules necessary.
Reordering and filtering variables: [0.540s CPU, 0.533s wall-clock]
Translator variables: 494
Translator derived variables: 0
Translator facts: 1454
Translator goal facts: 35
Translator mutex groups: 0
Translator total mutex groups size: 0
Translator operators: 22438
Translator axioms: 0
Translator task size: 334718
Translator peak memory: 194504 KB
Writing output... [0.290s CPU, 0.304s wall-clock]
Done! [5.400s CPU, 5.421s wall-clock]
translate exit code: 0

INFO     Running search (release).
INFO     search stdin: output.sas
INFO     search time limit: 294s
INFO     search memory limit: 4096 MB
INFO     search command line string: /home/buser/planopt/planopt-hs25/demo/fast-downward/builds/release/bin/downward --search --if-unit-cost 'let(hlm,landmark_sum(lm_reasonable_orders_hps(lm_rhw()),pref=false),let(hff,ff(),iterated([lazy_greedy([hff,hlm],preferred=[hff,hlm]),lazy_wastar([hff,hlm],preferred=[hff,hlm],w=5),lazy_wastar([hff,hlm],preferred=[hff,hlm],w=3),lazy_wastar([hff,hlm],preferred=[hff,hlm],w=2),lazy_wastar([hff,hlm],preferred=[hff,hlm],w=1)],repeat_last=true,continue_on_fail=true)))' --if-non-unit-cost 'let(hlm1,landmark_sum(lm_reasonable_orders_hps(lm_rhw()),transform=adapt_costs(one),pref=false),let(hff1,ff(transform=adapt_costs(one)),let(hlm2,landmark_sum(lm_reasonable_orders_hps(lm_rhw()),transform=adapt_costs(plusone),pref=false),let(hff2,ff(transform=adapt_costs(plusone)),iterated([lazy_greedy([hff1,hlm1],preferred=[hff1,hlm1],cost_type=one,reopen_closed=false),lazy_greedy([hff2,hlm2],preferred=[hff2,hlm2],reopen_closed=false),lazy_wastar([hff2,hlm2],preferred=[hff2,hlm2],w=5),lazy_wastar([hff2,hlm2],preferred=[hff2,hlm2],w=3),lazy_wastar([hff2,hlm2],preferred=[hff2,hlm2],w=2),lazy_wastar([hff2,hlm2],preferred=[hff2,hlm2],w=1)],repeat_last=true,continue_on_fail=true)))))' --always --internal-plan-file /home/buser/KRP_Project/runs/noaxioms_sat_p01_lama.plan < output.sas
[t=0.000000s, 14580 KB] reading input...
[t=0.179994s, 26188 KB] done reading input!
[t=0.183984s, 26584 KB] Initializing landmark sum heuristic...
[t=0.183984s, 26584 KB] Generating landmark graph...
[t=0.187989s, 27252 KB] Building a landmark graph with reasonable orders.
[t=0.187989s, 28176 KB] Initializing Exploration...
[t=0.219983s, 44596 KB] Generating landmarks using the RPG/SAS+ approach
[t=2.875906s, 47584 KB] Landmarks generation time: 2.687917s
[t=2.875906s, 47584 KB] Discovered 278 landmarks, of which 0 are disjunctive and 0 are conjunctive.
[t=2.875906s, 47584 KB] 3081 edges
[t=2.875906s, 47584 KB] approx. reasonable orders
[t=3.506668s, 47584 KB] Landmarks generation time: 3.322685s
[t=3.506668s, 47584 KB] Discovered 278 landmarks, of which 0 are disjunctive and 0 are conjunctive.
[t=3.510688s, 47584 KB] 3276 edges
[t=3.510688s, 47584 KB] Landmark graph generation time: 3.326704s
[t=3.510688s, 47584 KB] Landmark graph contains 278 landmarks, of which 0 are disjunctive and 0 are conjunctive.
[t=3.510688s, 47584 KB] Landmark graph contains 3276 orderings.
[t=3.530670s, 50140 KB] Simplifying 131389 unary operators... done! [131389 unary operators]
[t=3.738669s, 53968 KB] time to simplify: 0.207999s
[t=3.750674s, 59568 KB] Initializing additive heuristic...
[t=3.750674s, 59568 KB] Initializing FF heuristic...
[t=3.750674s, 59568 KB] Initializing landmark sum heuristic...
[t=3.750674s, 59568 KB] Generating landmark graph...
[t=3.750674s, 59568 KB] Building a landmark graph with reasonable orders.
[t=3.754669s, 59568 KB] Initializing Exploration...
[t=3.774667s, 62716 KB] Generating landmarks using the RPG/SAS+ approach
[t=6.358661s, 64760 KB] Landmarks generation time: 2.607987s
[t=6.358661s, 64760 KB] Discovered 278 landmarks, of which 0 are disjunctive and 0 are conjunctive.
[t=6.358661s, 64760 KB] 3081 edges
[t=6.358661s, 64760 KB] approx. reasonable orders
[t=6.986862s, 64760 KB] Landmarks generation time: 3.236188s
[t=6.986862s, 64760 KB] Discovered 278 landmarks, of which 0 are disjunctive and 0 are conjunctive.
[t=6.986862s, 64760 KB] 3276 edges
[t=6.986862s, 64760 KB] Landmark graph generation time: 3.236188s
[t=6.986862s, 64760 KB] Landmark graph contains 278 landmarks, of which 0 are disjunctive and 0 are conjunctive.
[t=6.986862s, 64760 KB] Landmark graph contains 3276 orderings.
[t=7.010661s, 69884 KB] Simplifying 131389 unary operators... done! [131389 unary operators]
[t=7.194659s, 71204 KB] time to simplify: 0.183998s
[t=7.202668s, 79836 KB] Initializing additive heuristic...
[t=7.202668s, 79836 KB] Initializing FF heuristic...
[t=7.206691s, 79836 KB] Building successor generator...done!
[t=7.214659s, 79836 KB] peak memory difference for successor generator creation: 0 KB
[t=7.214659s, 79836 KB] time for successor generation creation: 0.007969s
[t=7.214659s, 79836 KB] Variables: 494
[t=7.214659s, 79836 KB] FactPairs: 1454
[t=7.214659s, 79836 KB] Bytes per state: 76
[t=7.214659s, 79836 KB] Building successor generator...done!
[t=7.214659s, 79836 KB] peak memory difference for successor generator creation: 0 KB
[t=7.214659s, 79836 KB] time for successor generation creation: 0.000000s
[t=7.214659s, 79836 KB] Variables: 494
[t=7.214659s, 79836 KB] FactPairs: 1454
[t=7.214659s, 79836 KB] Bytes per state: 76
[t=7.214659s, 79836 KB] Starting search: lazy_greedy
[t=7.214659s, 79836 KB] Conducting lazy best first search, (real) bound = 2147483647
[t=7.218671s, 79836 KB] New best heuristic value for landmark_sum_heuristic: 138
[t=7.218671s, 79836 KB] New best heuristic value for ff: 98
[t=7.218671s, 79836 KB] g=0, 1 evaluated, 0 expanded
[t=7.218671s, 79836 KB] Initial heuristic value for landmark_sum_heuristic: 138
[t=7.218671s, 79836 KB] Initial heuristic value for ff: 98
[t=7.222682s, 79836 KB] New best heuristic value for landmark_sum_heuristic: 136
[t=7.222682s, 79836 KB] g=1, 2 evaluated, 1 expanded
[t=7.230689s, 79836 KB] New best heuristic value for landmark_sum_heuristic: 135
[t=7.230689s, 79836 KB] g=1, 4 evaluated, 3 expanded
[t=7.242660s, 79836 KB] New best heuristic value for landmark_sum_heuristic: 134
[t=7.242660s, 79836 KB] g=1, 8 evaluated, 7 expanded
[t=7.246662s, 79836 KB] New best heuristic value for ff: 97
[t=7.246662s, 79836 KB] g=2, 9 evaluated, 8 expanded
[t=7.246662s, 79836 KB] New best heuristic value for ff: 94
[t=7.246662s, 79836 KB] g=3, 10 evaluated, 9 expanded
[t=7.250665s, 79836 KB] New best heuristic value for landmark_sum_heuristic: 130
[t=7.250665s, 79836 KB] g=4, 11 evaluated, 10 expanded
[t=7.262660s, 79836 KB] New best heuristic value for ff: 92
[t=7.262660s, 79836 KB] g=6, 14 evaluated, 13 expanded
[t=7.262660s, 79836 KB] New best heuristic value for landmark_sum_heuristic: 126
[t=7.262660s, 79836 KB] g=7, 15 evaluated, 14 expanded
[t=7.270662s, 79836 KB] New best heuristic value for ff: 91
[t=7.270662s, 79836 KB] g=9, 18 evaluated, 16 expanded
[t=7.274664s, 79836 KB] New best heuristic value for landmark_sum_heuristic: 123
[t=7.274664s, 79836 KB] g=10, 20 evaluated, 17 expanded
[t=7.294661s, 79836 KB] New best heuristic value for ff: 84
[t=7.294661s, 79836 KB] g=10, 26 evaluated, 23 expanded
[t=7.302662s, 79836 KB] New best heuristic value for landmark_sum_heuristic: 122
[t=7.302662s, 79836 KB] g=14, 29 evaluated, 26 expanded
[t=7.306663s, 79836 KB] New best heuristic value for ff: 83
[t=7.306663s, 79836 KB] g=12, 30 evaluated, 27 expanded
[t=7.326685s, 79836 KB] New best heuristic value for landmark_sum_heuristic: 119
[t=7.326685s, 79836 KB] g=16, 37 evaluated, 33 expanded
[t=7.358662s, 79836 KB] New best heuristic value for landmark_sum_heuristic: 118
[t=7.358662s, 79836 KB] g=20, 48 evaluated, 43 expanded
[t=7.370662s, 79836 KB] New best heuristic value for ff: 79
[t=7.370662s, 79836 KB] g=20, 52 evaluated, 46 expanded
[t=7.398662s, 79836 KB] New best heuristic value for landmark_sum_heuristic: 117
[t=7.398662s, 79836 KB] g=26, 63 evaluated, 56 expanded
[t=7.402662s, 79836 KB] New best heuristic value for ff: 77
[t=7.402662s, 79836 KB] g=26, 64 evaluated, 57 expanded
[t=7.466663s, 79836 KB] New best heuristic value for landmark_sum_heuristic: 116
[t=7.466663s, 79836 KB] g=26, 84 evaluated, 77 expanded
[t=7.522649s, 79836 KB] New best heuristic value for landmark_sum_heuristic: 115
[t=7.522649s, 79836 KB] g=31, 104 evaluated, 95 expanded
[t=7.578657s, 79836 KB] New best heuristic value for landmark_sum_heuristic: 113
[t=7.578657s, 79836 KB] g=42, 123 evaluated, 113 expanded
[t=7.582661s, 79836 KB] New best heuristic value for landmark_sum_heuristic: 112
[t=7.582661s, 79836 KB] g=43, 124 evaluated, 114 expanded
[t=7.590655s, 79836 KB] New best heuristic value for landmark_sum_heuristic: 110
[t=7.590655s, 79836 KB] g=43, 126 evaluated, 116 expanded
[t=7.606661s, 79836 KB] New best heuristic value for landmark_sum_heuristic: 109
[t=7.606661s, 79836 KB] g=47, 132 evaluated, 121 expanded
[t=7.614670s, 79836 KB] New best heuristic value for landmark_sum_heuristic: 108
[t=7.614670s, 79836 KB] g=47, 134 evaluated, 123 expanded
[t=7.638685s, 79836 KB] New best heuristic value for landmark_sum_heuristic: 107
[t=7.638685s, 79836 KB] g=52, 143 evaluated, 131 expanded
[t=7.650656s, 79836 KB] New best heuristic value for landmark_sum_heuristic: 104
[t=7.650656s, 79836 KB] g=52, 147 evaluated, 135 expanded
[t=7.658658s, 79836 KB] New best heuristic value for ff: 76
[t=7.658658s, 79836 KB] g=54, 150 evaluated, 138 expanded
[t=7.662672s, 79836 KB] New best heuristic value for landmark_sum_heuristic: 103
[t=7.662672s, 79836 KB] g=55, 151 evaluated, 139 expanded
[t=7.670675s, 79836 KB] New best heuristic value for landmark_sum_heuristic: 101
[t=7.670675s, 79836 KB] g=55, 153 evaluated, 141 expanded
[t=7.686654s, 79836 KB] New best heuristic value for ff: 75
[t=7.686654s, 79836 KB] g=55, 159 evaluated, 146 expanded
[t=7.698654s, 79836 KB] New best heuristic value for ff: 74
[t=7.698654s, 79836 KB] g=61, 163 evaluated, 150 expanded
[t=7.706678s, 79836 KB] New best heuristic value for landmark_sum_heuristic: 100
[t=7.706678s, 79836 KB] g=62, 166 evaluated, 152 expanded
[t=7.714688s, 79836 KB] New best heuristic value for ff: 71
[t=7.714688s, 79836 KB] g=62, 170 evaluated, 155 expanded
[t=7.730655s, 79836 KB] New best heuristic value for landmark_sum_heuristic: 99
[t=7.730655s, 79836 KB] g=65, 175 evaluated, 160 expanded
[t=7.802659s, 79836 KB] New best heuristic value for landmark_sum_heuristic: 98
[t=7.802659s, 79836 KB] g=81, 194 evaluated, 179 expanded
[t=7.834670s, 79836 KB] New best heuristic value for landmark_sum_heuristic: 97
[t=7.834670s, 79836 KB] g=84, 205 evaluated, 190 expanded
[t=7.882653s, 79836 KB] New best heuristic value for landmark_sum_heuristic: 96
[t=7.882653s, 79836 KB] g=88, 222 evaluated, 205 expanded
[t=8.218716s, 79836 KB] New best heuristic value for landmark_sum_heuristic: 93
[t=8.218716s, 79836 KB] g=104, 345 evaluated, 317 expanded
[t=8.558647s, 79836 KB] New best heuristic value for landmark_sum_heuristic: 91
[t=8.558647s, 79836 KB] g=111, 469 evaluated, 425 expanded
[t=8.874362s, 79836 KB] New best heuristic value for landmark_sum_heuristic: 89
[t=8.878357s, 79836 KB] g=98, 584 evaluated, 528 expanded
[t=8.886352s, 79836 KB] New best heuristic value for ff: 70
[t=8.886352s, 79836 KB] g=99, 588 evaluated, 532 expanded
[t=8.890347s, 79836 KB] New best heuristic value for ff: 69
[t=8.890347s, 79836 KB] g=100, 589 evaluated, 533 expanded
[t=8.902383s, 79836 KB] New best heuristic value for ff: 68
[t=8.902383s, 79836 KB] g=101, 591 evaluated, 535 expanded
[t=8.906350s, 79836 KB] New best heuristic value for landmark_sum_heuristic: 86
[t=8.906350s, 79836 KB] g=102, 593 evaluated, 536 expanded
[t=8.926351s, 79836 KB] New best heuristic value for ff: 67
[t=8.926351s, 79836 KB] g=107, 600 evaluated, 542 expanded
[t=8.958468s, 79836 KB] New best heuristic value for ff: 66
[t=8.958468s, 79836 KB] g=109, 610 evaluated, 550 expanded
[t=8.962384s, 79836 KB] New best heuristic value for ff: 65
[t=8.962384s, 79836 KB] g=110, 611 evaluated, 551 expanded
[t=8.970366s, 79836 KB] New best heuristic value for landmark_sum_heuristic: 83
[t=8.970366s, 79836 KB] g=111, 615 evaluated, 553 expanded
[t=8.978351s, 79836 KB] New best heuristic value for ff: 64
[t=8.978351s, 79836 KB] g=114, 619 evaluated, 557 expanded
[t=8.986392s, 79836 KB] New best heuristic value for landmark_sum_heuristic: 82
[t=8.986392s, 79836 KB] g=115, 622 evaluated, 558 expanded
[t=9.006347s, 79836 KB] New best heuristic value for landmark_sum_heuristic: 81
[t=9.006347s, 79836 KB] New best heuristic value for ff: 63
[t=9.006347s, 79836 KB] g=119, 629 evaluated, 565 expanded
[t=9.010352s, 79836 KB] New best heuristic value for landmark_sum_heuristic: 79
[t=9.010352s, 79836 KB] g=120, 631 evaluated, 566 expanded
[t=9.018356s, 79836 KB] New best heuristic value for ff: 62
[t=9.018356s, 79836 KB] g=122, 634 evaluated, 568 expanded
[t=9.106356s, 79836 KB] New best heuristic value for ff: 61
[t=9.106356s, 79836 KB] g=129, 671 evaluated, 595 expanded
[t=9.110348s, 79836 KB] New best heuristic value for ff: 60
[t=9.110348s, 79836 KB] g=130, 672 evaluated, 596 expanded
[t=9.654349s, 79836 KB] New best heuristic value for landmark_sum_heuristic: 77
[t=9.654349s, 79836 KB] New best heuristic value for ff: 59
[t=9.654349s, 79836 KB] g=139, 891 evaluated, 765 expanded
[t=9.658751s, 79836 KB] New best heuristic value for ff: 58
[t=9.658751s, 79836 KB] g=140, 892 evaluated, 766 expanded
[t=9.662356s, 79836 KB] New best heuristic value for ff: 57
[t=9.662356s, 79836 KB] g=141, 893 evaluated, 767 expanded
[t=9.662356s, 79836 KB] New best heuristic value for landmark_sum_heuristic: 76
[t=9.662356s, 79836 KB] New best heuristic value for ff: 56
[t=9.662356s, 79836 KB] g=142, 894 evaluated, 768 expanded
[t=9.670368s, 79836 KB] New best heuristic value for landmark_sum_heuristic: 74
[t=9.670368s, 79836 KB] g=143, 898 evaluated, 769 expanded
[t=9.686352s, 79836 KB] New best heuristic value for ff: 55
[t=9.690350s, 79836 KB] g=144, 903 evaluated, 774 expanded
[t=9.690350s, 79836 KB] New best heuristic value for ff: 54
[t=9.690350s, 79836 KB] g=145, 904 evaluated, 775 expanded
[t=9.694352s, 79836 KB] New best heuristic value for ff: 53
[t=9.694352s, 79836 KB] g=146, 906 evaluated, 777 expanded
[t=9.698364s, 79836 KB] New best heuristic value for ff: 52
[t=9.698364s, 79836 KB] g=147, 907 evaluated, 778 expanded
[t=9.706252s, 79836 KB] New best heuristic value for landmark_sum_heuristic: 72
[t=9.706252s, 79836 KB] g=148, 911 evaluated, 780 expanded
[t=9.722257s, 79836 KB] New best heuristic value for ff: 51
[t=9.722257s, 79836 KB] g=152, 917 evaluated, 785 expanded
[t=9.730258s, 79836 KB] New best heuristic value for ff: 50
[t=9.730258s, 79836 KB] g=153, 919 evaluated, 787 expanded
[t=9.734255s, 79836 KB] New best heuristic value for ff: 49
[t=9.734255s, 79836 KB] g=154, 920 evaluated, 788 expanded
[t=9.738258s, 79836 KB] New best heuristic value for landmark_sum_heuristic: 71
[t=9.738258s, 79836 KB] New best heuristic value for ff: 43
[t=9.738258s, 79836 KB] g=155, 923 evaluated, 790 expanded
[t=9.742255s, 79836 KB] New best heuristic value for landmark_sum_heuristic: 69
[t=9.742255s, 79836 KB] New best heuristic value for ff: 42
[t=9.742255s, 79836 KB] g=156, 924 evaluated, 791 expanded
[t=9.746258s, 79836 KB] New best heuristic value for landmark_sum_heuristic: 67
[t=9.746258s, 79836 KB] New best heuristic value for ff: 41
[t=9.746258s, 79836 KB] g=157, 925 evaluated, 792 expanded
[t=9.750255s, 79836 KB] New best heuristic value for landmark_sum_heuristic: 65
[t=9.750255s, 79836 KB] g=158, 926 evaluated, 793 expanded
[t=9.750255s, 79836 KB] New best heuristic value for landmark_sum_heuristic: 63
[t=9.750255s, 79836 KB] g=159, 927 evaluated, 794 expanded
[t=9.754255s, 79836 KB] New best heuristic value for landmark_sum_heuristic: 61
[t=9.754255s, 79836 KB] g=160, 928 evaluated, 795 expanded
[t=9.754255s, 79836 KB] New best heuristic value for landmark_sum_heuristic: 59
[t=9.754255s, 79836 KB] New best heuristic value for ff: 39
[t=9.754255s, 79836 KB] g=161, 929 evaluated, 796 expanded
[t=9.758257s, 79836 KB] New best heuristic value for landmark_sum_heuristic: 57
[t=9.758257s, 79836 KB] g=162, 930 evaluated, 797 expanded
[t=9.762257s, 79836 KB] New best heuristic value for ff: 38
[t=9.762257s, 79836 KB] g=163, 931 evaluated, 798 expanded
[t=9.766277s, 79836 KB] New best heuristic value for landmark_sum_heuristic: 55
[t=9.766277s, 79836 KB] g=164, 934 evaluated, 799 expanded
[t=9.782256s, 79836 KB] New best heuristic value for ff: 37
[t=9.782256s, 79836 KB] g=168, 940 evaluated, 805 expanded
[t=9.786254s, 79836 KB] New best heuristic value for landmark_sum_heuristic: 54
[t=9.786254s, 79836 KB] New best heuristic value for ff: 33
[t=9.786254s, 79836 KB] g=169, 943 evaluated, 807 expanded
[t=9.790254s, 79836 KB] New best heuristic value for landmark_sum_heuristic: 52
[t=9.790254s, 79836 KB] New best heuristic value for ff: 32
[t=9.790254s, 79836 KB] g=170, 944 evaluated, 808 expanded
[t=9.794258s, 79836 KB] New best heuristic value for landmark_sum_heuristic: 50
[t=9.794258s, 79836 KB] New best heuristic value for ff: 31
[t=9.794258s, 79836 KB] g=171, 945 evaluated, 809 expanded
[t=9.798262s, 79836 KB] New best heuristic value for landmark_sum_heuristic: 48
[t=9.798262s, 79836 KB] New best heuristic value for ff: 30
[t=9.798262s, 79836 KB] g=172, 946 evaluated, 810 expanded
[t=9.798262s, 79836 KB] New best heuristic value for landmark_sum_heuristic: 46
[t=9.798262s, 79836 KB] New best heuristic value for ff: 29
[t=9.798262s, 79836 KB] g=173, 947 evaluated, 811 expanded
[t=9.802256s, 79836 KB] New best heuristic value for landmark_sum_heuristic: 44
[t=9.802256s, 79836 KB] New best heuristic value for ff: 28
[t=9.802256s, 79836 KB] g=174, 948 evaluated, 812 expanded
[t=9.802256s, 79836 KB] New best heuristic value for landmark_sum_heuristic: 42
[t=9.802256s, 79836 KB] New best heuristic value for ff: 27
[t=9.802256s, 79836 KB] g=175, 949 evaluated, 813 expanded
[t=9.806252s, 79836 KB] New best heuristic value for landmark_sum_heuristic: 40
[t=9.806252s, 79836 KB] g=176, 950 evaluated, 814 expanded
[t=9.810256s, 79836 KB] New best heuristic value for ff: 26
[t=9.810256s, 79836 KB] g=178, 952 evaluated, 816 expanded
[t=9.810256s, 79836 KB] New best heuristic value for ff: 25
[t=9.810256s, 79836 KB] g=179, 953 evaluated, 817 expanded
[t=9.814254s, 79836 KB] New best heuristic value for ff: 24
[t=9.814254s, 79836 KB] g=180, 954 evaluated, 818 expanded
[t=9.814254s, 79836 KB] New best heuristic value for landmark_sum_heuristic: 39
[t=9.814254s, 79836 KB] New best heuristic value for ff: 23
[t=9.814254s, 79836 KB] g=181, 955 evaluated, 819 expanded
[t=9.818257s, 79836 KB] New best heuristic value for landmark_sum_heuristic: 37
[t=9.818257s, 79836 KB] g=182, 957 evaluated, 820 expanded
[t=9.850254s, 79836 KB] New best heuristic value for landmark_sum_heuristic: 36
[t=9.850254s, 79836 KB] New best heuristic value for ff: 22
[t=9.850254s, 79836 KB] g=187, 967 evaluated, 829 expanded
[t=9.854254s, 79836 KB] New best heuristic value for landmark_sum_heuristic: 35
[t=9.858956s, 79836 KB] New best heuristic value for ff: 21
[t=9.858956s, 79836 KB] g=188, 968 evaluated, 830 expanded
[t=9.954253s, 79836 KB] New best heuristic value for landmark_sum_heuristic: 34
[t=9.958253s, 79836 KB] New best heuristic value for ff: 20
[t=9.958253s, 79836 KB] g=195, 1019 evaluated, 873 expanded
[t=9.958253s, 79836 KB] New best heuristic value for landmark_sum_heuristic: 33
[t=9.958253s, 79836 KB] New best heuristic value for ff: 19
[t=9.958253s, 79836 KB] g=196, 1020 evaluated, 874 expanded
[t=9.962288s, 79836 KB] New best heuristic value for landmark_sum_heuristic: 32
[t=9.962288s, 79836 KB] New best heuristic value for ff: 17
[t=9.962288s, 79836 KB] g=197, 1021 evaluated, 875 expanded
[t=9.962288s, 79836 KB] New best heuristic value for landmark_sum_heuristic: 30
[t=9.962288s, 79836 KB] New best heuristic value for ff: 16
[t=9.962288s, 79836 KB] g=198, 1022 evaluated, 876 expanded
[t=9.966254s, 79836 KB] New best heuristic value for landmark_sum_heuristic: 28
[t=9.966254s, 79836 KB] New best heuristic value for ff: 15
[t=9.966254s, 79836 KB] g=199, 1023 evaluated, 877 expanded
[t=9.966254s, 79836 KB] New best heuristic value for landmark_sum_heuristic: 26
[t=9.966254s, 79836 KB] New best heuristic value for ff: 14
[t=9.966254s, 79836 KB] g=200, 1024 evaluated, 878 expanded
[t=9.970250s, 79836 KB] New best heuristic value for landmark_sum_heuristic: 24
[t=9.970250s, 79836 KB] New best heuristic value for ff: 13
[t=9.970250s, 79836 KB] g=201, 1025 evaluated, 879 expanded
[t=9.970250s, 79836 KB] New best heuristic value for landmark_sum_heuristic: 22
[t=9.970250s, 79836 KB] New best heuristic value for ff: 12
[t=9.970250s, 79836 KB] g=202, 1026 evaluated, 880 expanded
[t=9.970250s, 79836 KB] New best heuristic value for landmark_sum_heuristic: 20
[t=9.970250s, 79836 KB] g=203, 1027 evaluated, 881 expanded
[t=9.974253s, 79836 KB] New best heuristic value for landmark_sum_heuristic: 19
[t=9.974253s, 79836 KB] New best heuristic value for ff: 11
[t=9.974253s, 79836 KB] g=204, 1028 evaluated, 882 expanded
[t=9.974253s, 79836 KB] New best heuristic value for landmark_sum_heuristic: 18
[t=9.974253s, 79836 KB] New best heuristic value for ff: 10
[t=9.974253s, 79836 KB] g=205, 1029 evaluated, 883 expanded
[t=9.998254s, 79836 KB] New best heuristic value for landmark_sum_heuristic: 17
[t=9.998254s, 79836 KB] g=212, 1043 evaluated, 895 expanded
[t=10.002253s, 79836 KB] New best heuristic value for landmark_sum_heuristic: 16
[t=10.002253s, 79836 KB] New best heuristic value for ff: 9
[t=10.002253s, 79836 KB] g=213, 1044 evaluated, 896 expanded
[t=10.006256s, 79836 KB] New best heuristic value for landmark_sum_heuristic: 14
[t=10.006256s, 79836 KB] New best heuristic value for ff: 7
[t=10.006256s, 79836 KB] g=214, 1046 evaluated, 898 expanded
[t=10.006256s, 79836 KB] New best heuristic value for landmark_sum_heuristic: 12
[t=10.006256s, 79836 KB] New best heuristic value for ff: 6
[t=10.006256s, 79836 KB] g=215, 1047 evaluated, 899 expanded
[t=10.006256s, 79836 KB] New best heuristic value for landmark_sum_heuristic: 10
[t=10.006256s, 79836 KB] New best heuristic value for ff: 5
[t=10.006256s, 79836 KB] g=216, 1048 evaluated, 900 expanded
[t=10.010254s, 79836 KB] New best heuristic value for landmark_sum_heuristic: 8
[t=10.010254s, 79836 KB] New best heuristic value for ff: 4
[t=10.010254s, 79836 KB] g=217, 1049 evaluated, 901 expanded
[t=10.010254s, 79836 KB] New best heuristic value for landmark_sum_heuristic: 6
[t=10.010254s, 79836 KB] New best heuristic value for ff: 3
[t=10.010254s, 79836 KB] g=218, 1050 evaluated, 902 expanded
[t=10.014252s, 79836 KB] New best heuristic value for landmark_sum_heuristic: 4
[t=10.014252s, 79836 KB] New best heuristic value for ff: 2
[t=10.014252s, 79836 KB] g=219, 1051 evaluated, 903 expanded
[t=10.014252s, 79836 KB] New best heuristic value for landmark_sum_heuristic: 2
[t=10.014252s, 79836 KB] New best heuristic value for ff: 1
[t=10.014252s, 79836 KB] g=220, 1052 evaluated, 904 expanded
[t=10.014252s, 79836 KB] Solution found!
[t=10.014252s, 79836 KB] Actual search time: 2.799593s
move-to-card card-d0-s3-v3 card-d0-s0-v2 card-d0-s3-v4 pile-4 (1)
change-tableau-and-stop card-d0-s3-v3 pile-2 pile-4 (0)
make-movable-and-stop card-d0-s0-v2 card-d0-s3-v0 (0)
move-to-card card-d0-s0-v1 card-d0-s0-v0 card-d0-s0-v2 pile-2 (1)
change-tableau-and-stop card-d0-s0-v1 pile-3 pile-2 (0)
make-movable-and-stop card-d0-s0-v0 card-d0-s0-v3 (0)
move-to-card card-d0-s0-v0 card-d0-s0-v3 card-d0-s0-v1 pile-2 (1)
change-tableau-and-stop card-d0-s0-v0 pile-3 pile-2 (0)
make-movable-and-stop card-d0-s0-v3 pile-3 (0)
move-to-card card-d0-s0-v2 card-d0-s3-v0 card-d0-s0-v3 pile-3 (1)
change-tableau-and-continue card-d0-s0-v2 pile-2 pile-3 card-d0-s0-v1 (0)
change-tableau-and-continue card-d0-s0-v1 pile-2 pile-3 card-d0-s0-v0 (0)
change-tableau-and-stop card-d0-s0-v0 pile-2 pile-3 (0)
make-movable-and-continue card-d0-s3-v0 card-d0-s3-v1 (0)
make-movable-and-stop card-d0-s3-v1 pile-2 (0)
move-to-card card-d0-s1-v2 card-d0-s1-v5 card-d0-s1-v3 pile-1 (1)
change-tableau-and-stop card-d0-s1-v2 pile-0 pile-1 (0)
make-movable-and-continue card-d0-s1-v5 card-d0-s1-v6 (0)
make-movable-and-stop card-d0-s1-v6 card-d0-s0-v6 (0)
move-to-card card-d0-s3-v4 card-d0-s2-v4 card-d0-s1-v5 pile-0 (1)
change-tableau-and-continue card-d0-s3-v4 pile-4 pile-0 card-d0-s3-v3 (0)
change-tableau-and-stop card-d0-s3-v3 pile-4 pile-0 (0)
make-unmovable-and-continue card-d0-s1-v5 card-d0-s1-v6 (0)
make-unmovable-and-stop-at-unmovable card-d0-s1-v6 card-d0-s0-v6 (0)
make-movable-and-stop card-d0-s2-v4 card-d0-s2-v6 (0)
start-dealing  (1)
deal-card card-d0-s3-v5 card-d0-s2-v0 deal-0 card-d0-s3-v3 pile-0 (0)
make-unmovable-and-continue card-d0-s3-v3 card-d0-s3-v4 (0)
make-unmovable-and-stop-at-unmovable card-d0-s3-v4 card-d0-s1-v5 (0)
deal-card card-d0-s2-v0 card-d0-s0-v4 deal-0 card-d0-s1-v2 pile-1 (0)
make-unmovable-and-continue card-d0-s1-v2 card-d0-s1-v3 (0)
make-unmovable-and-stop-at-unmovable card-d0-s1-v3 card-d0-s2-v2 (0)
deal-card card-d0-s0-v4 card-d0-s2-v1 deal-0 card-d0-s3-v0 pile-2 (0)
make-unmovable-and-continue card-d0-s3-v0 card-d0-s3-v1 (0)
make-unmovable-and-stop-at-tableau card-d0-s3-v1 pile-2 (0)
deal-card card-d0-s2-v1 card-d0-s2-v3 deal-0 card-d0-s0-v0 pile-3 (0)
make-unmovable-and-continue card-d0-s0-v0 card-d0-s0-v1 (0)
make-unmovable-and-continue card-d0-s0-v1 card-d0-s0-v2 (0)
make-unmovable-and-continue card-d0-s0-v2 card-d0-s0-v3 (0)
make-unmovable-and-stop-at-tableau card-d0-s0-v3 pile-3 (0)
deal-card card-d0-s2-v3 deal-0 deal-0 card-d0-s2-v4 pile-4 (0)
finish-dealing deal-0 deal-1 (0)
move-to-card card-d0-s2-v0 card-d0-s1-v2 card-d0-s2-v1 pile-3 (1)
change-tableau-and-stop card-d0-s2-v0 pile-1 pile-3 (0)
make-movable-and-continue card-d0-s1-v2 card-d0-s1-v3 (0)
make-movable-and-stop card-d0-s1-v3 card-d0-s2-v2 (0)
move-to-card card-d0-s1-v3 card-d0-s2-v2 card-d0-s0-v4 pile-2 (1)
change-tableau-and-continue card-d0-s1-v3 pile-1 pile-2 card-d0-s1-v2 (0)
change-tableau-and-stop card-d0-s1-v2 pile-1 pile-2 (0)
make-unmovable-and-stop-at-unmovable card-d0-s0-v4 card-d0-s3-v0 (0)
make-movable-and-stop card-d0-s2-v2 card-d0-s3-v2 (0)
move-to-card card-d0-s2-v2 card-d0-s3-v2 card-d0-s2-v3 pile-4 (1)
change-tableau-and-stop card-d0-s2-v2 pile-1 pile-4 (0)
make-movable-and-stop card-d0-s3-v2 card-d0-s1-v0 (0)
move-to-card card-d0-s2-v1 card-d0-s0-v0 card-d0-s2-v2 pile-4 (1)
change-tableau-and-continue card-d0-s2-v1 pile-3 pile-4 card-d0-s2-v0 (0)
change-tableau-and-stop card-d0-s2-v0 pile-3 pile-4 (0)
make-movable-and-continue card-d0-s0-v0 card-d0-s0-v1 (0)
make-movable-and-continue card-d0-s0-v1 card-d0-s0-v2 (0)
make-movable-and-continue card-d0-s0-v2 card-d0-s0-v3 (0)
make-movable-and-stop card-d0-s0-v3 pile-3 (0)
start-dealing  (1)
deal-card card-d0-s1-v4 card-d0-s2-v5 deal-1 card-d0-s3-v5 pile-0 (0)
make-unmovable-and-stop-at-unmovable card-d0-s3-v5 card-d0-s3-v3 (0)
deal-card card-d0-s2-v5 card-d0-s0-v5 deal-1 card-d0-s3-v2 pile-1 (0)
make-unmovable-and-stop-at-unmovable card-d0-s3-v2 card-d0-s1-v0 (0)
deal-card card-d0-s0-v5 card-d0-s1-v1 deal-1 card-d0-s1-v2 pile-2 (0)
make-unmovable-and-continue card-d0-s1-v2 card-d0-s1-v3 (0)
make-unmovable-and-stop-at-unmovable card-d0-s1-v3 card-d0-s0-v4 (0)
deal-card card-d0-s1-v1 card-d0-s3-v6 deal-1 card-d0-s0-v0 pile-3 (0)
make-unmovable-and-continue card-d0-s0-v0 card-d0-s0-v1 (0)
make-unmovable-and-continue card-d0-s0-v1 card-d0-s0-v2 (0)
make-unmovable-and-continue card-d0-s0-v2 card-d0-s0-v3 (0)
make-unmovable-and-stop-at-tableau card-d0-s0-v3 pile-3 (0)
deal-card card-d0-s3-v6 deal-1 deal-1 card-d0-s2-v0 pile-4 (0)
make-unmovable-and-continue card-d0-s2-v0 card-d0-s2-v1 (0)
make-unmovable-and-continue card-d0-s2-v1 card-d0-s2-v2 (0)
make-unmovable-and-continue card-d0-s2-v2 card-d0-s2-v3 (0)
make-unmovable-and-continue card-d0-s2-v3 card-d0-s2-v4 (0)
make-unmovable-and-stop-at-unmovable card-d0-s2-v4 card-d0-s2-v6 (0)
finish-dealing deal-1 deal-2 (0)
move-to-card card-d0-s0-v5 card-d0-s1-v2 card-d0-s3-v6 pile-4 (1)
change-tableau-and-stop card-d0-s0-v5 pile-2 pile-4 (0)
make-unmovable-and-stop-at-unmovable card-d0-s3-v6 card-d0-s2-v0 (0)
make-movable-and-continue card-d0-s1-v2 card-d0-s1-v3 (0)
make-movable-and-stop card-d0-s1-v3 card-d0-s0-v4 (0)
move-to-card card-d0-s1-v1 card-d0-s0-v0 card-d0-s1-v2 pile-2 (1)
change-tableau-and-stop card-d0-s1-v1 pile-3 pile-2 (0)
make-movable-and-continue card-d0-s0-v0 card-d0-s0-v1 (0)
make-movable-and-continue card-d0-s0-v1 card-d0-s0-v2 (0)
make-movable-and-continue card-d0-s0-v2 card-d0-s0-v3 (0)
make-movable-and-stop card-d0-s0-v3 pile-3 (0)
move-to-card card-d0-s1-v3 card-d0-s0-v4 card-d0-s1-v4 pile-0 (1)
change-tableau-and-continue card-d0-s1-v3 pile-2 pile-0 card-d0-s1-v2 (0)
change-tableau-and-continue card-d0-s1-v2 pile-2 pile-0 card-d0-s1-v1 (0)
change-tableau-and-stop card-d0-s1-v1 pile-2 pile-0 (0)
make-movable-and-stop card-d0-s0-v4 card-d0-s3-v0 (0)
move-to-card card-d0-s0-v4 card-d0-s3-v0 card-d0-s0-v5 pile-4 (1)
change-tableau-and-stop card-d0-s0-v4 pile-2 pile-4 (0)
make-movable-and-continue card-d0-s3-v0 card-d0-s3-v1 (0)
make-movable-and-stop card-d0-s3-v1 pile-2 (0)
move-to-card card-d0-s0-v3 pile-3 card-d0-s0-v4 pile-4 (1)
change-tableau-and-continue card-d0-s0-v3 pile-3 pile-4 card-d0-s0-v2 (0)
change-tableau-and-continue card-d0-s0-v2 pile-3 pile-4 card-d0-s0-v1 (0)
change-tableau-and-continue card-d0-s0-v1 pile-3 pile-4 card-d0-s0-v0 (0)
change-tableau-and-stop card-d0-s0-v0 pile-3 pile-4 (0)
make-movable-ignore-pile pile-3 (0)
move-to-tableau card-d0-s2-v5 card-d0-s3-v2 pile-3 (1)
change-tableau-and-stop card-d0-s2-v5 pile-1 pile-3 (0)
make-movable-and-stop card-d0-s3-v2 card-d0-s1-v0 (0)
move-to-card card-d0-s3-v1 pile-2 card-d0-s3-v2 pile-1 (1)
change-tableau-and-continue card-d0-s3-v1 pile-2 pile-1 card-d0-s3-v0 (0)
change-tableau-and-stop card-d0-s3-v0 pile-2 pile-1 (0)
make-movable-ignore-pile pile-2 (0)
move-to-tableau card-d0-s3-v2 card-d0-s1-v0 pile-2 (1)
change-tableau-and-continue card-d0-s3-v2 pile-1 pile-2 card-d0-s3-v1 (0)
change-tableau-and-continue card-d0-s3-v1 pile-1 pile-2 card-d0-s3-v0 (0)
change-tableau-and-stop card-d0-s3-v0 pile-1 pile-2 (0)
make-movable-and-stop card-d0-s1-v0 pile-1 (0)
move-to-card card-d0-s1-v0 pile-1 card-d0-s1-v1 pile-0 (1)
change-tableau-and-stop card-d0-s1-v0 pile-1 pile-0 (0)
make-movable-ignore-pile pile-1 (0)
move-to-tableau card-d0-s0-v5 card-d0-s3-v6 pile-1 (1)
change-tableau-and-continue card-d0-s0-v5 pile-4 pile-1 card-d0-s0-v4 (0)
change-tableau-and-continue card-d0-s0-v4 pile-4 pile-1 card-d0-s0-v3 (0)
change-tableau-and-continue card-d0-s0-v3 pile-4 pile-1 card-d0-s0-v2 (0)
change-tableau-and-continue card-d0-s0-v2 pile-4 pile-1 card-d0-s0-v1 (0)
change-tableau-and-continue card-d0-s0-v1 pile-4 pile-1 card-d0-s0-v0 (0)
change-tableau-and-stop card-d0-s0-v0 pile-4 pile-1 (0)
make-movable-and-stop card-d0-s3-v6 card-d0-s2-v0 (0)
move-to-card card-d0-s1-v4 card-d0-s3-v5 card-d0-s2-v5 pile-3 (1)
change-tableau-and-continue card-d0-s1-v4 pile-0 pile-3 card-d0-s1-v3 (0)
change-tableau-and-continue card-d0-s1-v3 pile-0 pile-3 card-d0-s1-v2 (0)
change-tableau-and-continue card-d0-s1-v2 pile-0 pile-3 card-d0-s1-v1 (0)
change-tableau-and-continue card-d0-s1-v1 pile-0 pile-3 card-d0-s1-v0 (0)
change-tableau-and-stop card-d0-s1-v0 pile-0 pile-3 (0)
make-unmovable-and-stop-at-tableau card-d0-s2-v5 pile-3 (0)
make-movable-and-stop card-d0-s3-v5 card-d0-s3-v3 (0)
move-to-card card-d0-s3-v5 card-d0-s3-v3 card-d0-s3-v6 pile-4 (1)
change-tableau-and-stop card-d0-s3-v5 pile-0 pile-4 (0)
make-movable-and-continue card-d0-s3-v3 card-d0-s3-v4 (0)
make-movable-and-stop card-d0-s3-v4 card-d0-s1-v5 (0)
move-to-card card-d0-s3-v4 card-d0-s1-v5 card-d0-s3-v5 pile-4 (1)
change-tableau-and-continue card-d0-s3-v4 pile-0 pile-4 card-d0-s3-v3 (0)
change-tableau-and-stop card-d0-s3-v3 pile-0 pile-4 (0)
make-movable-and-continue card-d0-s1-v5 card-d0-s1-v6 (0)
make-movable-and-stop card-d0-s1-v6 card-d0-s0-v6 (0)
move-to-card card-d0-s1-v4 card-d0-s2-v5 card-d0-s1-v5 pile-0 (1)
change-tableau-and-continue card-d0-s1-v4 pile-3 pile-0 card-d0-s1-v3 (0)
change-tableau-and-continue card-d0-s1-v3 pile-3 pile-0 card-d0-s1-v2 (0)
change-tableau-and-continue card-d0-s1-v2 pile-3 pile-0 card-d0-s1-v1 (0)
change-tableau-and-continue card-d0-s1-v1 pile-3 pile-0 card-d0-s1-v0 (0)
change-tableau-and-stop card-d0-s1-v0 pile-3 pile-0 (0)
make-movable-and-stop card-d0-s2-v5 pile-3 (0)
start-collecting-deck card-d0-s1-v0 (1)
collect-card card-d0-s1-v0 card-d0-s1-v1 pile-0 (0)
collect-card card-d0-s1-v1 card-d0-s1-v2 pile-0 (0)
collect-card card-d0-s1-v2 card-d0-s1-v3 pile-0 (0)
collect-card card-d0-s1-v3 card-d0-s1-v4 pile-0 (0)
collect-card card-d0-s1-v4 card-d0-s1-v5 pile-0 (0)
collect-card card-d0-s1-v5 card-d0-s1-v6 pile-0 (0)
finish-collecting-deck card-d0-s1-v6 card-d0-s0-v6 pile-0 (0)
make-movable-and-stop card-d0-s0-v6 pile-0 (0)
move-to-card card-d0-s3-v2 pile-2 card-d0-s3-v3 pile-4 (1)
change-tableau-and-continue card-d0-s3-v2 pile-2 pile-4 card-d0-s3-v1 (0)
change-tableau-and-continue card-d0-s3-v1 pile-2 pile-4 card-d0-s3-v0 (0)
change-tableau-and-stop card-d0-s3-v0 pile-2 pile-4 (0)
make-movable-ignore-pile pile-2 (0)
start-collecting-deck card-d0-s3-v0 (1)
collect-card card-d0-s3-v0 card-d0-s3-v1 pile-4 (0)
collect-card card-d0-s3-v1 card-d0-s3-v2 pile-4 (0)
collect-card card-d0-s3-v2 card-d0-s3-v3 pile-4 (0)
collect-card card-d0-s3-v3 card-d0-s3-v4 pile-4 (0)
collect-card card-d0-s3-v4 card-d0-s3-v5 pile-4 (0)
collect-card card-d0-s3-v5 card-d0-s3-v6 pile-4 (0)
finish-collecting-deck card-d0-s3-v6 card-d0-s2-v0 pile-4 (0)
make-movable-and-continue card-d0-s2-v0 card-d0-s2-v1 (0)
make-movable-and-continue card-d0-s2-v1 card-d0-s2-v2 (0)
make-movable-and-continue card-d0-s2-v2 card-d0-s2-v3 (0)
make-movable-and-continue card-d0-s2-v3 card-d0-s2-v4 (0)
make-movable-and-stop card-d0-s2-v4 card-d0-s2-v6 (0)
move-to-card card-d0-s2-v4 card-d0-s2-v6 card-d0-s2-v5 pile-3 (1)
change-tableau-and-continue card-d0-s2-v4 pile-4 pile-3 card-d0-s2-v3 (0)
change-tableau-and-continue card-d0-s2-v3 pile-4 pile-3 card-d0-s2-v2 (0)
change-tableau-and-continue card-d0-s2-v2 pile-4 pile-3 card-d0-s2-v1 (0)
change-tableau-and-continue card-d0-s2-v1 pile-4 pile-3 card-d0-s2-v0 (0)
change-tableau-and-stop card-d0-s2-v0 pile-4 pile-3 (0)
make-movable-and-stop card-d0-s2-v6 pile-4 (0)
move-to-card card-d0-s0-v5 pile-1 card-d0-s0-v6 pile-0 (1)
change-tableau-and-continue card-d0-s0-v5 pile-1 pile-0 card-d0-s0-v4 (0)
change-tableau-and-continue card-d0-s0-v4 pile-1 pile-0 card-d0-s0-v3 (0)
change-tableau-and-continue card-d0-s0-v3 pile-1 pile-0 card-d0-s0-v2 (0)
change-tableau-and-continue card-d0-s0-v2 pile-1 pile-0 card-d0-s0-v1 (0)
change-tableau-and-continue card-d0-s0-v1 pile-1 pile-0 card-d0-s0-v0 (0)
change-tableau-and-stop card-d0-s0-v0 pile-1 pile-0 (0)
make-movable-ignore-pile pile-1 (0)
start-collecting-deck card-d0-s0-v0 (1)
collect-card card-d0-s0-v0 card-d0-s0-v1 pile-0 (0)
collect-card card-d0-s0-v1 card-d0-s0-v2 pile-0 (0)
collect-card card-d0-s0-v2 card-d0-s0-v3 pile-0 (0)
collect-card card-d0-s0-v3 card-d0-s0-v4 pile-0 (0)
collect-card card-d0-s0-v4 card-d0-s0-v5 pile-0 (0)
collect-card card-d0-s0-v5 card-d0-s0-v6 pile-0 (0)
finish-collecting-deck card-d0-s0-v6 pile-0 pile-0 (0)
make-movable-ignore-pile pile-0 (0)
move-to-card card-d0-s2-v5 pile-3 card-d0-s2-v6 pile-4 (1)
change-tableau-and-continue card-d0-s2-v5 pile-3 pile-4 card-d0-s2-v4 (0)
change-tableau-and-continue card-d0-s2-v4 pile-3 pile-4 card-d0-s2-v3 (0)
change-tableau-and-continue card-d0-s2-v3 pile-3 pile-4 card-d0-s2-v2 (0)
change-tableau-and-continue card-d0-s2-v2 pile-3 pile-4 card-d0-s2-v1 (0)
change-tableau-and-continue card-d0-s2-v1 pile-3 pile-4 card-d0-s2-v0 (0)
change-tableau-and-stop card-d0-s2-v0 pile-3 pile-4 (0)
make-movable-ignore-pile pile-3 (0)
start-collecting-deck card-d0-s2-v0 (1)
collect-card card-d0-s2-v0 card-d0-s2-v1 pile-4 (0)
collect-card card-d0-s2-v1 card-d0-s2-v2 pile-4 (0)
collect-card card-d0-s2-v2 card-d0-s2-v3 pile-4 (0)
collect-card card-d0-s2-v3 card-d0-s2-v4 pile-4 (0)
collect-card card-d0-s2-v4 card-d0-s2-v5 pile-4 (0)
collect-card card-d0-s2-v5 card-d0-s2-v6 pile-4 (0)
finish-collecting-deck card-d0-s2-v6 pile-4 pile-4 (0)
[t=10.014252s, 79836 KB] Plan length: 221 step(s).
[t=10.014252s, 79836 KB] Plan cost: 34
[t=10.014252s, 79836 KB] Expanded 905 state(s).
[t=10.014252s, 79836 KB] Reopened 0 state(s).
[t=10.014252s, 79836 KB] Evaluated 1053 state(s).
[t=10.014252s, 79836 KB] Evaluations: 1959
[t=10.014252s, 79836 KB] Generated 1885 state(s).
[t=10.014252s, 79836 KB] Dead ends: 147 state(s).
[t=10.014252s, 79836 KB] Number of registered states: 1053
[t=10.018332s, 79836 KB] Int hash set load factor: 1053/2048 = 0.514160
[t=10.018332s, 79836 KB] Int hash set resizes: 11
[t=10.018332s, 79836 KB] Best solution cost so far: 34
[t=10.018332s, 79836 KB] Solution found - keep searching
[t=10.018332s, 79836 KB] Building successor generator...done!
[t=10.018332s, 79836 KB] peak memory difference for successor generator creation: 0 KB
[t=10.018332s, 79836 KB] time for successor generation creation: 0.000000s
[t=10.018332s, 79836 KB] Variables: 494
[t=10.018332s, 79836 KB] FactPairs: 1454
[t=10.018332s, 79836 KB] Bytes per state: 76
[t=10.018332s, 79836 KB] Starting search: lazy_greedy
[t=10.018332s, 79836 KB] Conducting lazy best first search, (real) bound = 34
[t=10.022285s, 79836 KB] New best heuristic value for landmark_sum_heuristic: 178
[t=10.022285s, 79836 KB] New best heuristic value for ff: 135
[t=10.022285s, 79836 KB] g=0, 1 evaluated, 0 expanded
[t=10.022285s, 79836 KB] Initial heuristic value for landmark_sum_heuristic: 178
[t=10.022285s, 79836 KB] Initial heuristic value for ff: 135
[t=10.022285s, 79836 KB] New best heuristic value for landmark_sum_heuristic: 173
[t=10.022285s, 79836 KB] g=1, 2 evaluated, 1 expanded
[t=10.030390s, 79836 KB] New best heuristic value for landmark_sum_heuristic: 172
[t=10.030390s, 79836 KB] g=1, 4 evaluated, 3 expanded
[t=10.034256s, 79836 KB] New best heuristic value for ff: 133
[t=10.034256s, 79836 KB] g=1, 5 evaluated, 4 expanded
[t=10.038254s, 79836 KB] New best heuristic value for ff: 132
[t=10.038254s, 79836 KB] g=1, 6 evaluated, 5 expanded
[t=10.042254s, 79836 KB] New best heuristic value for ff: 130
[t=10.042254s, 79836 KB] g=1, 7 evaluated, 6 expanded
[t=10.046254s, 79836 KB] New best heuristic value for landmark_sum_heuristic: 169
[t=10.046254s, 79836 KB] g=2, 8 evaluated, 7 expanded
[t=10.062237s, 79836 KB] New best heuristic value for ff: 129
[t=10.062237s, 79836 KB] g=2, 13 evaluated, 12 expanded
[t=10.066238s, 79836 KB] New best heuristic value for ff: 127
[t=10.066238s, 79836 KB] g=2, 14 evaluated, 13 expanded
[t=10.070238s, 79836 KB] New best heuristic value for landmark_sum_heuristic: 163
[t=10.070238s, 79836 KB] g=3, 16 evaluated, 15 expanded
[t=10.074275s, 79836 KB] New best heuristic value for ff: 125
[t=10.074275s, 79836 KB] g=3, 17 evaluated, 16 expanded
[t=10.078242s, 79836 KB] New best heuristic value for ff: 124
[t=10.078242s, 79836 KB] g=3, 18 evaluated, 17 expanded
[t=10.082238s, 79836 KB] New best heuristic value for landmark_sum_heuristic: 161
[t=10.082238s, 79836 KB] g=4, 20 evaluated, 18 expanded
[t=10.086239s, 79836 KB] New best heuristic value for landmark_sum_heuristic: 159
[t=10.086239s, 79836 KB] g=4, 22 evaluated, 20 expanded
[t=10.094235s, 79836 KB] New best heuristic value for landmark_sum_heuristic: 156
[t=10.094235s, 79836 KB] g=4, 24 evaluated, 22 expanded
[t=10.098241s, 79836 KB] New best heuristic value for ff: 122
[t=10.098241s, 79836 KB] g=4, 25 evaluated, 23 expanded
[t=10.102236s, 79836 KB] New best heuristic value for ff: 119
[t=10.102236s, 79836 KB] g=4, 26 evaluated, 24 expanded
[t=10.106239s, 79836 KB] New best heuristic value for landmark_sum_heuristic: 152
[t=10.106239s, 79836 KB] g=5, 28 evaluated, 25 expanded
[t=10.110237s, 79836 KB] New best heuristic value for landmark_sum_heuristic: 151
[t=10.110237s, 79836 KB] g=5, 30 evaluated, 27 expanded
[t=10.118236s, 79836 KB] New best heuristic value for landmark_sum_heuristic: 150
[t=10.118236s, 79836 KB] New best heuristic value for ff: 118
[t=10.118236s, 79836 KB] g=5, 33 evaluated, 30 expanded
[t=10.122235s, 79836 KB] New best heuristic value for ff: 113
[t=10.122235s, 79836 KB] g=5, 34 evaluated, 31 expanded
[t=10.126239s, 79836 KB] New best heuristic value for landmark_sum_heuristic: 146
[t=10.126239s, 79836 KB] g=6, 36 evaluated, 32 expanded
[t=10.150266s, 79836 KB] New best heuristic value for ff: 111
[t=10.150266s, 79836 KB] g=6, 43 evaluated, 39 expanded
[t=10.158246s, 79836 KB] New best heuristic value for landmark_sum_heuristic: 144
[t=10.158246s, 79836 KB] g=7, 47 evaluated, 42 expanded
[t=10.166535s, 79836 KB] New best heuristic value for landmark_sum_heuristic: 142
[t=10.170239s, 79836 KB] g=7, 49 evaluated, 44 expanded
[t=10.178237s, 79836 KB] New best heuristic value for ff: 107
[t=10.178237s, 79836 KB] g=7, 53 evaluated, 47 expanded
[t=10.210236s, 79836 KB] New best heuristic value for landmark_sum_heuristic: 140
[t=10.210236s, 79836 KB] g=8, 64 evaluated, 57 expanded
[t=10.214236s, 79836 KB] New best heuristic value for ff: 104
[t=10.214236s, 79836 KB] g=7, 65 evaluated, 58 expanded
[t=10.294239s, 79836 KB] New best heuristic value for landmark_sum_heuristic: 138
[t=10.294239s, 79836 KB] g=8, 90 evaluated, 82 expanded
[t=10.334236s, 79836 KB] New best heuristic value for landmark_sum_heuristic: 137
[t=10.334236s, 79836 KB] g=9, 104 evaluated, 95 expanded
[t=10.358237s, 79836 KB] New best heuristic value for landmark_sum_heuristic: 135
[t=10.358237s, 79836 KB] g=9, 112 evaluated, 103 expanded
[t=10.390238s, 79836 KB] New best heuristic value for landmark_sum_heuristic: 134
[t=10.390238s, 79836 KB] g=10, 123 evaluated, 112 expanded
[t=10.426259s, 79836 KB] New best heuristic value for landmark_sum_heuristic: 131
[t=10.426259s, 79836 KB] g=10, 137 evaluated, 125 expanded
[t=10.458239s, 79836 KB] New best heuristic value for landmark_sum_heuristic: 130
[t=10.458239s, 79836 KB] g=11, 149 evaluated, 136 expanded
[t=10.550225s, 79836 KB] New best heuristic value for landmark_sum_heuristic: 129
[t=10.550225s, 79836 KB] g=13, 181 evaluated, 164 expanded
[t=10.566226s, 79836 KB] New best heuristic value for ff: 98
[t=10.566226s, 79836 KB] g=13, 187 evaluated, 169 expanded
[t=10.622228s, 79836 KB] New best heuristic value for landmark_sum_heuristic: 127
[t=10.622228s, 79836 KB] g=13, 206 evaluated, 188 expanded
[t=10.626229s, 79836 KB] New best heuristic value for landmark_sum_heuristic: 125
[t=10.626229s, 79836 KB] g=13, 207 evaluated, 189 expanded
[t=10.626229s, 79836 KB] New best heuristic value for landmark_sum_heuristic: 123
[t=10.626229s, 79836 KB] g=14, 208 evaluated, 190 expanded
[t=10.634255s, 79836 KB] New best heuristic value for landmark_sum_heuristic: 122
[t=10.634255s, 79836 KB] g=14, 210 evaluated, 192 expanded
[t=10.650231s, 79836 KB] New best heuristic value for landmark_sum_heuristic: 120
[t=10.650231s, 79836 KB] g=15, 215 evaluated, 197 expanded
[t=10.662228s, 79836 KB] New best heuristic value for landmark_sum_heuristic: 118
[t=10.662228s, 79836 KB] g=15, 219 evaluated, 200 expanded
[t=10.718236s, 79836 KB] New best heuristic value for landmark_sum_heuristic: 117
[t=10.718236s, 79836 KB] g=16, 237 evaluated, 214 expanded
[t=10.718236s, 79836 KB] New best heuristic value for landmark_sum_heuristic: 116
[t=10.722228s, 79836 KB] g=16, 238 evaluated, 215 expanded
[t=10.726255s, 79836 KB] New best heuristic value for landmark_sum_heuristic: 115
[t=10.726255s, 79836 KB] g=16, 240 evaluated, 217 expanded
[t=10.738237s, 79836 KB] New best heuristic value for landmark_sum_heuristic: 114
[t=10.738237s, 79836 KB] g=16, 244 evaluated, 221 expanded
[t=10.758081s, 79836 KB] New best heuristic value for landmark_sum_heuristic: 113
[t=10.758081s, 79836 KB] g=16, 250 evaluated, 227 expanded
[t=10.778048s, 79836 KB] New best heuristic value for landmark_sum_heuristic: 112
[t=10.778048s, 79836 KB] g=16, 258 evaluated, 234 expanded
[t=10.806045s, 79836 KB] New best heuristic value for landmark_sum_heuristic: 110
[t=10.806045s, 79836 KB] g=18, 269 evaluated, 245 expanded
[t=10.818046s, 79836 KB] New best heuristic value for landmark_sum_heuristic: 109
[t=10.818046s, 79836 KB] g=18, 273 evaluated, 248 expanded
[t=10.890292s, 79836 KB] New best heuristic value for landmark_sum_heuristic: 107
[t=10.890292s, 79836 KB] g=18, 298 evaluated, 270 expanded
[t=10.982055s, 79836 KB] New best heuristic value for landmark_sum_heuristic: 105
[t=10.982055s, 79836 KB] g=20, 332 evaluated, 297 expanded
[t=11.006063s, 79836 KB] New best heuristic value for landmark_sum_heuristic: 104
[t=11.006063s, 79836 KB] g=20, 341 evaluated, 306 expanded
[t=11.018052s, 79836 KB] New best heuristic value for landmark_sum_heuristic: 101
[t=11.018052s, 79836 KB] g=21, 345 evaluated, 309 expanded
[t=11.082046s, 79836 KB] New best heuristic value for ff: 97
[t=11.082046s, 79836 KB] g=23, 369 evaluated, 329 expanded
[t=11.098045s, 79836 KB] New best heuristic value for landmark_sum_heuristic: 99
[t=11.098045s, 79836 KB] New best heuristic value for ff: 96
[t=11.098045s, 79836 KB] g=24, 375 evaluated, 333 expanded
[t=11.098045s, 79836 KB] New best heuristic value for ff: 95
[t=11.098045s, 79836 KB] g=24, 376 evaluated, 334 expanded
[t=11.102048s, 79836 KB] New best heuristic value for landmark_sum_heuristic: 98
[t=11.102048s, 79836 KB] New best heuristic value for ff: 94
[t=11.102048s, 79836 KB] g=24, 377 evaluated, 335 expanded
[t=11.858058s, 79836 KB] New best heuristic value for ff: 92
[t=11.858058s, 79836 KB] g=18, 678 evaluated, 566 expanded
[t=13.862087s, 79836 KB] New best heuristic value for landmark_sum_heuristic: 96
[t=13.862087s, 79836 KB] g=23, 1433 evaluated, 1192 expanded
[t=13.918026s, 79836 KB] New best heuristic value for landmark_sum_heuristic: 95
[t=13.918026s, 79836 KB] g=24, 1454 evaluated, 1209 expanded
[t=13.922034s, 79836 KB] New best heuristic value for landmark_sum_heuristic: 91
[t=13.922034s, 79836 KB] g=25, 1456 evaluated, 1210 expanded
[t=13.926043s, 79836 KB] New best heuristic value for ff: 91
[t=13.926043s, 79836 KB] g=25, 1457 evaluated, 1211 expanded
[t=13.930026s, 79836 KB] New best heuristic value for ff: 90
[t=13.930026s, 79836 KB] g=25, 1458 evaluated, 1212 expanded
[t=13.934027s, 79836 KB] New best heuristic value for ff: 89
[t=13.934027s, 79836 KB] g=25, 1459 evaluated, 1213 expanded
[t=13.942027s, 79836 KB] New best heuristic value for landmark_sum_heuristic: 89
[t=13.942027s, 79836 KB] New best heuristic value for ff: 88
[t=13.942027s, 79836 KB] g=26, 1463 evaluated, 1215 expanded
[t=13.942027s, 79836 KB] New best heuristic value for ff: 87
[t=13.942027s, 79836 KB] g=26, 1464 evaluated, 1216 expanded
[t=13.946056s, 79836 KB] New best heuristic value for ff: 86
[t=13.946056s, 79836 KB] g=26, 1465 evaluated, 1217 expanded
[t=13.950035s, 79836 KB] New best heuristic value for ff: 85
[t=13.950035s, 79836 KB] g=26, 1466 evaluated, 1218 expanded
[t=13.954024s, 79836 KB] New best heuristic value for ff: 84
[t=13.954024s, 79836 KB] g=26, 1467 evaluated, 1219 expanded
[t=14.026030s, 79836 KB] New best heuristic value for ff: 83
[t=14.026030s, 79836 KB] g=27, 1498 evaluated, 1245 expanded
[t=14.030028s, 79836 KB] New best heuristic value for ff: 82
[t=14.030028s, 79836 KB] g=27, 1499 evaluated, 1246 expanded
[t=14.278012s, 79836 KB] New best heuristic value for landmark_sum_heuristic: 87
[t=14.278012s, 79836 KB] g=30, 1595 evaluated, 1321 expanded
[t=14.282007s, 79836 KB] New best heuristic value for ff: 81
[t=14.282007s, 79836 KB] g=30, 1596 evaluated, 1322 expanded
[t=14.286007s, 79836 KB] New best heuristic value for landmark_sum_heuristic: 86
[t=14.286007s, 79836 KB] New best heuristic value for ff: 80
[t=14.286007s, 79836 KB] g=30, 1597 evaluated, 1323 expanded
[t=14.334013s, 79836 KB] New best heuristic value for landmark_sum_heuristic: 84
[t=14.334013s, 79836 KB] g=32, 1617 evaluated, 1337 expanded
[t=14.354006s, 79836 KB] New best heuristic value for ff: 79
[t=14.354006s, 79836 KB] g=32, 1624 evaluated, 1344 expanded
[t=14.362026s, 79836 KB] New best heuristic value for ff: 78
[t=14.362026s, 79836 KB] g=33, 1627 evaluated, 1345 expanded
[t=14.362026s, 79836 KB] New best heuristic value for ff: 77
[t=14.362026s, 79836 KB] g=33, 1628 evaluated, 1346 expanded
[t=14.366008s, 79836 KB] New best heuristic value for ff: 76
[t=14.366008s, 79836 KB] g=33, 1630 evaluated, 1347 expanded
[t=14.374007s, 79836 KB] New best heuristic value for landmark_sum_heuristic: 83
[t=14.374007s, 79836 KB] New best heuristic value for ff: 75
[t=14.374007s, 79836 KB] g=33, 1632 evaluated, 1349 expanded
[t=14.410011s, 79836 KB] New best heuristic value for ff: 74
[t=14.410011s, 79836 KB] g=33, 1642 evaluated, 1359 expanded
[t=14.414009s, 79836 KB] New best heuristic value for ff: 73
[t=14.414009s, 79836 KB] g=33, 1644 evaluated, 1361 expanded
[t=14.490008s, 79836 KB] New best heuristic value for landmark_sum_heuristic: 82
[t=14.494009s, 79836 KB] g=33, 1674 evaluated, 1385 expanded
[t=14.510007s, 79836 KB] New best heuristic value for ff: 72
[t=14.510007s, 79836 KB] g=33, 1681 evaluated, 1392 expanded
[t=32.193618s, 79836 KB] New best heuristic value for ff: 68
[t=32.193618s, 79836 KB] g=32, 8529 evaluated, 7121 expanded
[t=32.197615s, 79836 KB] New best heuristic value for landmark_sum_heuristic: 81
[t=32.197615s, 79836 KB] New best heuristic value for ff: 67
[t=32.197615s, 79836 KB] g=32, 8530 evaluated, 7122 expanded
[t=32.201616s, 79836 KB] New best heuristic value for landmark_sum_heuristic: 79
[t=32.201616s, 79836 KB] New best heuristic value for ff: 66
[t=32.201616s, 79836 KB] g=32, 8531 evaluated, 7123 expanded
[t=32.201616s, 79836 KB] New best heuristic value for landmark_sum_heuristic: 77
[t=32.201616s, 79836 KB] g=32, 8532 evaluated, 7124 expanded
[t=32.205639s, 79836 KB] New best heuristic value for landmark_sum_heuristic: 75
[t=32.205639s, 79836 KB] New best heuristic value for ff: 64
[t=32.205639s, 79836 KB] g=32, 8533 evaluated, 7125 expanded
[t=32.209612s, 79836 KB] New best heuristic value for landmark_sum_heuristic: 73
[t=32.209612s, 79836 KB] New best heuristic value for ff: 63
[t=32.209612s, 79836 KB] g=32, 8534 evaluated, 7126 expanded
[t=32.209612s, 79836 KB] New best heuristic value for landmark_sum_heuristic: 71
[t=32.209612s, 79836 KB] New best heuristic value for ff: 62
[t=32.209612s, 79836 KB] g=32, 8535 evaluated, 7127 expanded
[t=32.213615s, 79836 KB] New best heuristic value for landmark_sum_heuristic: 70
[t=32.213615s, 79836 KB] New best heuristic value for ff: 59
[t=32.213615s, 79836 KB] g=32, 8536 evaluated, 7128 expanded
[t=32.213615s, 79836 KB] New best heuristic value for ff: 58
[t=32.213615s, 79836 KB] g=32, 8537 evaluated, 7129 expanded
[t=32.221613s, 79836 KB] New best heuristic value for landmark_sum_heuristic: 68
[t=32.221613s, 79836 KB] g=33, 8540 evaluated, 7131 expanded
[t=32.221613s, 79836 KB] New best heuristic value for ff: 57
[t=32.221613s, 79836 KB] g=33, 8541 evaluated, 7132 expanded
[t=32.225611s, 79836 KB] New best heuristic value for ff: 56
[t=32.225611s, 79836 KB] g=33, 8542 evaluated, 7133 expanded
[t=32.241608s, 79836 KB] New best heuristic value for ff: 55
[t=32.241608s, 79836 KB] g=33, 8548 evaluated, 7138 expanded
[t=32.241608s, 79836 KB] New best heuristic value for ff: 54
[t=32.241608s, 79836 KB] g=33, 8549 evaluated, 7139 expanded
[t=32.245610s, 79836 KB] New best heuristic value for ff: 53
[t=32.245610s, 79836 KB] g=33, 8550 evaluated, 7140 expanded
[t=45.685557s, 79836 KB] New best heuristic value for landmark_sum_heuristic: 66
[t=45.685557s, 79836 KB] g=33, 13693 evaluated, 11586 expanded
[t=45.697532s, 79836 KB] New best heuristic value for ff: 52
[t=45.697532s, 79836 KB] g=33, 13699 evaluated, 11592 expanded
[t=45.701533s, 79836 KB] New best heuristic value for ff: 51
[t=45.701533s, 79836 KB] g=33, 13700 evaluated, 11593 expanded
[t=45.733534s, 79836 KB] New best heuristic value for landmark_sum_heuristic: 65
[t=45.733534s, 79836 KB] g=33, 13714 evaluated, 11607 expanded
[t=45.737537s, 79836 KB] New best heuristic value for landmark_sum_heuristic: 63
[t=45.737537s, 79836 KB] New best heuristic value for ff: 48
[t=45.737537s, 79836 KB] g=33, 13715 evaluated, 11608 expanded
[t=45.737537s, 79836 KB] New best heuristic value for landmark_sum_heuristic: 61
[t=45.737537s, 79836 KB] g=33, 13716 evaluated, 11609 expanded
[t=45.741535s, 79836 KB] New best heuristic value for landmark_sum_heuristic: 59
[t=45.741535s, 79836 KB] g=33, 13717 evaluated, 11610 expanded
[t=45.745536s, 79836 KB] New best heuristic value for landmark_sum_heuristic: 57
[t=45.745536s, 79836 KB] New best heuristic value for ff: 45
[t=45.745536s, 79836 KB] g=33, 13718 evaluated, 11611 expanded
[t=45.745536s, 79836 KB] New best heuristic value for landmark_sum_heuristic: 55
[t=45.745536s, 79836 KB] g=33, 13719 evaluated, 11612 expanded
[t=45.749534s, 79836 KB] New best heuristic value for landmark_sum_heuristic: 53
[t=45.749534s, 79836 KB] New best heuristic value for ff: 43
[t=45.749534s, 79836 KB] g=33, 13720 evaluated, 11613 expanded
[t=45.749534s, 79836 KB] New best heuristic value for landmark_sum_heuristic: 52
[t=45.749534s, 79836 KB] g=33, 13721 evaluated, 11614 expanded
[t=45.753536s, 79836 KB] New best heuristic value for ff: 42
[t=45.753536s, 79836 KB] g=33, 13722 evaluated, 11615 expanded
[t=93.884033s, 79836 KB] New best heuristic value for ff: 40
[t=93.884033s, 79836 KB] g=32, 32256 evaluated, 28088 expanded
[t=93.888040s, 79836 KB] New best heuristic value for ff: 39
[t=93.888040s, 79836 KB] g=32, 32257 evaluated, 28089 expanded
[t=93.896032s, 79836 KB] New best heuristic value for landmark_sum_heuristic: 51
[t=93.896032s, 79836 KB] New best heuristic value for ff: 35
[t=93.896032s, 79836 KB] g=33, 32259 evaluated, 28090 expanded
[t=93.896032s, 79836 KB] New best heuristic value for landmark_sum_heuristic: 49
[t=93.896032s, 79836 KB] New best heuristic value for ff: 34
[t=93.896032s, 79836 KB] g=33, 32260 evaluated, 28091 expanded
[t=93.900040s, 79836 KB] New best heuristic value for landmark_sum_heuristic: 47
[t=93.900040s, 79836 KB] New best heuristic value for ff: 33
[t=93.900040s, 79836 KB] g=33, 32261 evaluated, 28092 expanded
[t=93.904033s, 79836 KB] New best heuristic value for landmark_sum_heuristic: 45
[t=93.904033s, 79836 KB] New best heuristic value for ff: 32
[t=93.904033s, 79836 KB] g=33, 32262 evaluated, 28093 expanded
[t=93.904033s, 79836 KB] New best heuristic value for landmark_sum_heuristic: 43
[t=93.904033s, 79836 KB] New best heuristic value for ff: 31
[t=93.904033s, 79836 KB] g=33, 32263 evaluated, 28094 expanded
[t=93.908032s, 79836 KB] New best heuristic value for landmark_sum_heuristic: 41
[t=93.908032s, 79836 KB] New best heuristic value for ff: 30
[t=93.908032s, 79836 KB] g=33, 32264 evaluated, 28095 expanded
[t=93.908032s, 79836 KB] New best heuristic value for landmark_sum_heuristic: 39
[t=93.908032s, 79836 KB] New best heuristic value for ff: 29
[t=93.908032s, 79836 KB] g=33, 32265 evaluated, 28096 expanded
[t=93.912083s, 79836 KB] New best heuristic value for landmark_sum_heuristic: 38
[t=93.912083s, 79836 KB] New best heuristic value for ff: 28
[t=93.912083s, 79836 KB] g=33, 32267 evaluated, 28098 expanded
Peak memory: 85484 KB
caught signal 24 -- exiting
Time limit has been reached.
Remove intermediate file output.sas
search exit code: 23

Driver aborting after search
INFO     Planner time: 299.96s
