INFO     planner time limit: 300s
INFO     planner memory limit: 4096 MB

INFO     Running translator.
INFO     translator stdin: None
INFO     translator time limit: 299s
INFO     translator memory limit: 4096 MB
INFO     translator command line string: /usr/bin/python3 /home/buser/planopt/planopt-hs25/demo/fast-downward/builds/release/bin/translate/translate.py /home/buser/KRP_Project/Spider_NoAxioms/domain.pddl /home/buser/KRP_Project/Spider_NoAxioms/instances/opt_p07.pddl --sas-file output.sas
Parsing...
Parsing: [0.010s CPU, 0.007s wall-clock]
Normalizing task... [0.000s CPU, 0.000s wall-clock]
Instantiating...
Generating Datalog program... [0.000s CPU, 0.001s wall-clock]
Normalizing Datalog program...
Trivial rules: Converted to facts.
Normalizing Datalog program: [0.000s CPU, 0.003s wall-clock]
Preparing model... [0.000s CPU, 0.001s wall-clock]
Generated 129 rules.
Computing model... [0.050s CPU, 0.049s wall-clock]
3366 relevant atoms
4338 auxiliary atoms
7704 final queue length
20810 total queue pushes
Completing instantiation... [0.120s CPU, 0.124s wall-clock]
Instantiating: [0.180s CPU, 0.181s wall-clock]
Computing fact groups...
Finding invariants...
28 initial candidates
Finding invariants: [0.000s CPU, 0.007s wall-clock]
Checking invariant weight... [0.000s CPU, 0.000s wall-clock]
Instantiating groups... [0.000s CPU, 0.000s wall-clock]
Collecting mutex groups... [0.000s CPU, 0.000s wall-clock]
Choosing groups...
164 uncovered facts
Choosing groups: [0.000s CPU, 0.000s wall-clock]
Building translation key... [0.000s CPU, 0.001s wall-clock]
Computing fact groups: [0.000s CPU, 0.009s wall-clock]
Building STRIPS to SAS dictionary... [0.010s CPU, 0.001s wall-clock]
Building dictionary for full mutex groups... [0.000s CPU, 0.000s wall-clock]
Building mutex information...
Building mutex information: [0.000s CPU, 0.000s wall-clock]
Translating task...
Processing axioms...
Simplifying axioms... [0.000s CPU, 0.000s wall-clock]
Translator axioms removed by simplifying: 0
Processing axioms: [0.010s CPU, 0.018s wall-clock]
Translating task: [0.250s CPU, 0.258s wall-clock]
4617 effect conditions simplified
0 implied preconditions added
Detecting unreachable propositions...
0 operators removed
0 axioms removed
19 propositions removed
Detecting unreachable propositions: [0.090s CPU, 0.085s wall-clock]
Reordering and filtering variables...
170 of 174 variables necessary.
0 of 13 mutex groups necessary.
2866 of 2866 operators necessary.
0 of 0 axiom rules necessary.
Reordering and filtering variables: [0.090s CPU, 0.091s wall-clock]
Translator variables: 170
Translator derived variables: 0
Translator facts: 460
Translator goal facts: 17
Translator mutex groups: 0
Translator total mutex groups size: 0
Translator operators: 2866
Translator axioms: 0
Translator task size: 42507
Translator peak memory: 53272 KB
Writing output... [0.040s CPU, 0.042s wall-clock]
Done! [0.680s CPU, 0.683s wall-clock]
translate exit code: 0

INFO     Running search (release).
INFO     search stdin: output.sas
INFO     search time limit: 299s
INFO     search memory limit: 4096 MB
INFO     search command line string: /home/buser/planopt/planopt-hs25/demo/fast-downward/builds/release/bin/downward --search 'astar(lmcut())' --internal-plan-file /home/buser/KRP_Project/runs/noaxioms_opt_p07_lmcut.plan < output.sas
[t=0.000000s, 14580 KB] reading input...
[t=0.023960s, 16040 KB] done reading input!
[t=0.027998s, 17288 KB] Initializing landmark cut heuristic...
[t=0.027998s, 17288 KB] Building successor generator...done!
[t=0.027998s, 17884 KB] peak memory difference for successor generator creation: 596 KB
[t=0.027998s, 17884 KB] time for successor generation creation: 0.000000s
[t=0.027998s, 17884 KB] Variables: 170
[t=0.027998s, 17884 KB] FactPairs: 460
[t=0.027998s, 17884 KB] Bytes per state: 28
[t=0.027998s, 17884 KB] Conducting best first search with reopening closed nodes, (real) bound = 2147483647
[t=0.031960s, 17884 KB] New best heuristic value for lmcut: 5
[t=0.031960s, 17884 KB] g=0, 1 evaluated, 0 expanded
[t=0.031960s, 17884 KB] f = 5, 1 evaluated, 0 expanded
[t=0.031960s, 17884 KB] Initial heuristic value for lmcut: 5
[t=0.031960s, 17884 KB] pruning method: none
[t=0.031960s, 17884 KB] New best heuristic value for lmcut: 2
[t=0.031960s, 17884 KB] g=1, 5 evaluated, 1 expanded
[t=0.035959s, 17884 KB] f = 6, 9 evaluated, 5 expanded
[t=0.047964s, 17884 KB] f = 7, 27 evaluated, 17 expanded
[t=0.047964s, 17884 KB] f = 8, 29 evaluated, 23 expanded
[t=0.115969s, 17884 KB] f = 9, 190 evaluated, 130 expanded
[t=0.160024s, 17884 KB] f = 10, 283 evaluated, 209 expanded
[t=0.195965s, 17884 KB] f = 11, 390 evaluated, 291 expanded
[t=0.267956s, 17884 KB] f = 12, 604 evaluated, 420 expanded
[t=0.415965s, 17884 KB] f = 13, 1031 evaluated, 720 expanded, 7 reopened
[t=0.531960s, 17884 KB] f = 14, 1361 evaluated, 996 expanded, 7 reopened
[t=0.647969s, 17884 KB] f = 15, 1689 evaluated, 1289 expanded, 8 reopened
[t=0.715967s, 17884 KB] f = 16, 1902 evaluated, 1517 expanded, 8 reopened
[t=0.747959s, 17884 KB] New best heuristic value for lmcut: 1
[t=0.747959s, 17884 KB] g=13, 2008 evaluated, 1630 expanded, 10 reopened
[t=0.751959s, 17884 KB] New best heuristic value for lmcut: 0
[t=0.751959s, 17884 KB] g=16, 2036 evaluated, 1644 expanded, 10 reopened
[t=0.751959s, 17884 KB] Solution found!
[t=0.751959s, 17884 KB] Actual search time: 0.719998s
move-to-card card-d1-s0-v0 card-d1-s0-v1 card-d0-s0-v1 pile-2 (1)
change-tableau-and-stop card-d1-s0-v0 pile-1 pile-2 (0)
start-collecting-deck card-d1-s0-v0 (1)
collect-card card-d1-s0-v0 card-d0-s0-v1 pile-2 (0)
collect-card card-d0-s0-v1 card-d0-s0-v2 pile-2 (0)
finish-collecting-deck card-d0-s0-v2 pile-2 pile-2 (0)
make-movable-ignore-pile pile-2 (0)
move-to-tableau card-d1-s0-v1 pile-1 pile-2 (1)
change-tableau-and-stop card-d1-s0-v1 pile-1 pile-2 (0)
make-movable-ignore-pile pile-1 (0)
move-to-tableau card-d0-s1-v1 card-d1-s1-v1 pile-1 (1)
change-tableau-and-stop card-d0-s1-v1 pile-0 pile-1 (0)
make-movable-and-stop card-d1-s1-v1 pile-0 (0)
start-dealing  (1)
deal-card card-d0-s1-v0 card-d1-s1-v0 deal-0 card-d1-s1-v1 pile-0 (0)
deal-card card-d1-s1-v0 card-d1-s1-v2 deal-0 card-d0-s1-v1 pile-1 (0)
deal-card card-d1-s1-v2 deal-0 deal-0 card-d1-s0-v1 pile-2 (0)
make-unmovable-and-stop-at-tableau card-d1-s0-v1 pile-2 (0)
finish-dealing deal-0 deal-1 (0)
move-to-card card-d1-s1-v1 pile-0 card-d1-s1-v2 pile-2 (1)
change-tableau-and-continue card-d1-s1-v1 pile-0 pile-2 card-d0-s1-v0 (0)
change-tableau-and-stop card-d0-s1-v0 pile-0 pile-2 (0)
make-movable-ignore-pile pile-0 (0)
start-collecting-deck card-d0-s1-v0 (1)
collect-card card-d0-s1-v0 card-d1-s1-v1 pile-2 (0)
collect-card card-d1-s1-v1 card-d1-s1-v2 pile-2 (0)
finish-collecting-deck card-d1-s1-v2 card-d1-s0-v1 pile-2 (0)
make-movable-and-stop card-d1-s0-v1 pile-2 (0)
move-to-tableau card-d1-s0-v1 pile-2 pile-0 (1)
change-tableau-and-stop card-d1-s0-v1 pile-2 pile-0 (0)
make-movable-ignore-pile pile-2 (0)
move-to-tableau card-d1-s1-v0 card-d0-s1-v1 pile-2 (1)
change-tableau-and-stop card-d1-s1-v0 pile-1 pile-2 (0)
start-dealing  (1)
deal-card card-d0-s0-v0 card-d1-s0-v2 deal-1 card-d1-s0-v1 pile-0 (0)
deal-card card-d1-s0-v2 card-d0-s1-v2 deal-1 card-d0-s1-v1 pile-1 (0)
make-unmovable-and-stop-at-tableau card-d0-s1-v1 pile-1 (0)
deal-card card-d0-s1-v2 deal-1 deal-1 card-d1-s1-v0 pile-2 (0)
make-unmovable-and-stop-at-tableau card-d1-s1-v0 pile-2 (0)
finish-dealing deal-1 deal-2 (0)
move-to-card card-d1-s0-v1 pile-0 card-d1-s0-v2 pile-1 (1)
change-tableau-and-continue card-d1-s0-v1 pile-0 pile-1 card-d0-s0-v0 (0)
change-tableau-and-stop card-d0-s0-v0 pile-0 pile-1 (0)
make-movable-ignore-pile pile-0 (0)
move-to-tableau card-d0-s1-v2 card-d1-s1-v0 pile-0 (1)
change-tableau-and-stop card-d0-s1-v2 pile-2 pile-0 (0)
make-movable-and-stop card-d1-s1-v0 pile-2 (0)
start-collecting-deck card-d0-s0-v0 (1)
collect-card card-d0-s0-v0 card-d1-s0-v1 pile-1 (0)
collect-card card-d1-s0-v1 card-d1-s0-v2 pile-1 (0)
finish-collecting-deck card-d1-s0-v2 card-d0-s1-v1 pile-1 (0)
make-movable-and-stop card-d0-s1-v1 pile-1 (0)
move-to-card card-d1-s1-v0 pile-2 card-d0-s1-v1 pile-1 (1)
change-tableau-and-stop card-d1-s1-v0 pile-2 pile-1 (0)
make-movable-ignore-pile pile-2 (0)
move-to-card card-d0-s1-v1 pile-1 card-d0-s1-v2 pile-0 (1)
change-tableau-and-continue card-d0-s1-v1 pile-1 pile-0 card-d1-s1-v0 (0)
change-tableau-and-stop card-d1-s1-v0 pile-1 pile-0 (0)
make-movable-ignore-pile pile-1 (0)
start-collecting-deck card-d1-s1-v0 (1)
collect-card card-d1-s1-v0 card-d0-s1-v1 pile-0 (0)
collect-card card-d0-s1-v1 card-d0-s1-v2 pile-0 (0)
finish-collecting-deck card-d0-s1-v2 pile-0 pile-0 (0)
[t=0.751959s, 17884 KB] Plan length: 63 step(s).
[t=0.751959s, 17884 KB] Plan cost: 16
[t=0.751959s, 17884 KB] Expanded 1648 state(s).
[t=0.751959s, 17884 KB] Reopened 10 state(s).
[t=0.751959s, 17884 KB] Evaluated 2042 state(s).
[t=0.751959s, 17884 KB] Evaluations: 2042
[t=0.751959s, 17884 KB] Generated 2377 state(s).
[t=0.751959s, 17884 KB] Dead ends: 346 state(s).
[t=0.751959s, 17884 KB] Expanded until last jump: 1517 state(s).
[t=0.751959s, 17884 KB] Reopened until last jump: 8 state(s).
[t=0.751959s, 17884 KB] Evaluated until last jump: 1902 state(s).
[t=0.751959s, 17884 KB] Generated until last jump: 2201 state(s).
[t=0.751959s, 17884 KB] Number of registered states: 2042
[t=0.751959s, 17884 KB] Int hash set load factor: 2042/4096 = 0.498535
[t=0.751959s, 17884 KB] Int hash set resizes: 12
[t=0.751959s, 17884 KB] Search time: 0.723961s
[t=0.751959s, 17884 KB] Total time: 0.751959s
Solution found.
Peak memory: 17884 KB
Remove intermediate file output.sas
search exit code: 0

INFO     Planner time: 1.60s
