INFO     planner time limit: 300s
INFO     planner memory limit: 4096 MB

INFO     Running translator.
INFO     translator stdin: None
INFO     translator time limit: 299s
INFO     translator memory limit: 4096 MB
INFO     translator command line string: /usr/bin/python3 /home/buser/planopt/planopt-hs25/demo/fast-downward/builds/release/bin/translate/translate.py /home/buser/KRP_Project/Spider_NoAxioms/domain.pddl /home/buser/KRP_Project/Spider_NoAxioms/instances/opt_p15.pddl --sas-file output.sas
Parsing...
Parsing: [0.000s CPU, 0.007s wall-clock]
Normalizing task... [0.000s CPU, 0.000s wall-clock]
Instantiating...
Generating Datalog program... [0.000s CPU, 0.001s wall-clock]
Normalizing Datalog program...
Trivial rules: Converted to facts.
Normalizing Datalog program: [0.010s CPU, 0.003s wall-clock]
Preparing model... [0.000s CPU, 0.002s wall-clock]
Generated 129 rules.
Computing model... [0.070s CPU, 0.071s wall-clock]
5092 relevant atoms
6344 auxiliary atoms
11436 final queue length
32329 total queue pushes
Completing instantiation... [0.200s CPU, 0.203s wall-clock]
Instantiating: [0.280s CPU, 0.282s wall-clock]
Computing fact groups...
Finding invariants...
28 initial candidates
Finding invariants: [0.010s CPU, 0.005s wall-clock]
Checking invariant weight... [0.000s CPU, 0.000s wall-clock]
Instantiating groups... [0.000s CPU, 0.000s wall-clock]
Collecting mutex groups... [0.000s CPU, 0.000s wall-clock]
Choosing groups...
211 uncovered facts
Choosing groups: [0.000s CPU, 0.001s wall-clock]
Building translation key... [0.000s CPU, 0.001s wall-clock]
Computing fact groups: [0.020s CPU, 0.008s wall-clock]
Building STRIPS to SAS dictionary... [0.000s CPU, 0.000s wall-clock]
Building dictionary for full mutex groups... [0.000s CPU, 0.000s wall-clock]
Building mutex information...
Building mutex information: [0.000s CPU, 0.000s wall-clock]
Translating task...
Processing axioms...
Simplifying axioms... [0.000s CPU, 0.000s wall-clock]
Translator axioms removed by simplifying: 0
Processing axioms: [0.020s CPU, 0.018s wall-clock]
Translating task: [0.350s CPU, 0.347s wall-clock]
6784 effect conditions simplified
0 implied preconditions added
Detecting unreachable propositions...
0 operators removed
0 axioms removed
23 propositions removed
Detecting unreachable propositions: [0.160s CPU, 0.169s wall-clock]
Reordering and filtering variables...
222 of 225 variables necessary.
0 of 17 mutex groups necessary.
4387 of 4387 operators necessary.
0 of 0 axiom rules necessary.
Reordering and filtering variables: [0.100s CPU, 0.099s wall-clock]
Translator variables: 222
Translator derived variables: 0
Translator facts: 614
Translator goal facts: 21
Translator mutex groups: 0
Translator total mutex groups size: 0
Translator operators: 4387
Translator axioms: 0
Translator task size: 63661
Translator peak memory: 63564 KB
Writing output... [0.050s CPU, 0.055s wall-clock]
Done! [0.980s CPU, 0.980s wall-clock]
translate exit code: 0

INFO     Running search (release).
INFO     search stdin: output.sas
INFO     search time limit: 298s
INFO     search memory limit: 4096 MB
INFO     search command line string: /home/buser/planopt/planopt-hs25/demo/fast-downward/builds/release/bin/downward --search 'astar(lmcut())' --internal-plan-file /home/buser/KRP_Project/runs/noaxioms_opt_p15_lmcut.plan < output.sas
[t=0.000000s, 14580 KB] reading input...
[t=0.035961s, 16840 KB] done reading input!
[t=0.039956s, 18884 KB] Initializing landmark cut heuristic...
[t=0.043958s, 18884 KB] Building successor generator...done!
[t=0.043958s, 19704 KB] peak memory difference for successor generator creation: 820 KB
[t=0.043958s, 19704 KB] time for successor generation creation: 0.000000s
[t=0.043958s, 19704 KB] Variables: 222
[t=0.043958s, 19704 KB] FactPairs: 614
[t=0.043958s, 19704 KB] Bytes per state: 36
[t=0.043958s, 19704 KB] Conducting best first search with reopening closed nodes, (real) bound = 2147483647
[t=0.047954s, 19704 KB] New best heuristic value for lmcut: 8
[t=0.047954s, 19704 KB] g=0, 1 evaluated, 0 expanded
[t=0.047954s, 19704 KB] f = 8, 1 evaluated, 0 expanded
[t=0.047954s, 19704 KB] Initial heuristic value for lmcut: 8
[t=0.047954s, 19704 KB] pruning method: none
[t=0.047954s, 19704 KB] New best heuristic value for lmcut: 6
[t=0.047954s, 19704 KB] g=1, 3 evaluated, 1 expanded
[t=0.051952s, 19704 KB] f = 9, 6 evaluated, 4 expanded
[t=0.059944s, 19704 KB] f = 10, 9 evaluated, 7 expanded
[t=0.059944s, 19704 KB] f = 11, 11 evaluated, 8 expanded
[t=0.075944s, 19704 KB] f = 12, 20 evaluated, 17 expanded
[t=0.099933s, 19704 KB] f = 13, 43 evaluated, 31 expanded
[t=0.139911s, 19704 KB] f = 14, 85 evaluated, 59 expanded
[t=0.223878s, 19704 KB] f = 15, 175 evaluated, 116 expanded
[t=0.307890s, 19704 KB] f = 16, 281 evaluated, 191 expanded
[t=0.323844s, 19704 KB] New best heuristic value for lmcut: 4
[t=0.323844s, 19704 KB] g=10, 303 evaluated, 214 expanded
[t=0.391812s, 19704 KB] f = 17, 465 evaluated, 324 expanded, 1 reopened
[t=0.395813s, 19704 KB] New best heuristic value for lmcut: 3
[t=0.395813s, 19704 KB] g=13, 475 evaluated, 334 expanded, 1 reopened
[t=0.395813s, 19704 KB] New best heuristic value for lmcut: 2
[t=0.395813s, 19704 KB] g=14, 479 evaluated, 337 expanded, 1 reopened
[t=0.399812s, 19704 KB] New best heuristic value for lmcut: 1
[t=0.399812s, 19704 KB] g=16, 496 evaluated, 345 expanded, 1 reopened
[t=0.399812s, 19704 KB] New best heuristic value for lmcut: 0
[t=0.399812s, 19704 KB] g=17, 505 evaluated, 349 expanded, 1 reopened
[t=0.399812s, 19704 KB] Solution found!
[t=0.399812s, 19704 KB] Actual search time: 0.351859s
start-dealing  (1)
deal-card card-d0-s0-v1 card-d1-s0-v1 deal-0 card-d0-s0-v2 pile-0 (0)
deal-card card-d1-s0-v1 card-d3-s0-v3 deal-0 card-d2-s0-v0 pile-1 (0)
make-unmovable-and-stop-at-unmovable card-d2-s0-v0 card-d1-s0-v0 (0)
deal-card card-d3-s0-v3 deal-0 deal-0 card-d1-s0-v2 pile-2 (0)
make-unmovable-and-stop-at-unmovable card-d1-s0-v2 card-d2-s0-v2 (0)
finish-dealing deal-0 deal-1 (0)
start-dealing  (1)
deal-card card-d1-s0-v3 card-d3-s0-v0 deal-1 card-d0-s0-v1 pile-0 (0)
make-unmovable-and-continue card-d0-s0-v1 card-d0-s0-v2 (0)
make-unmovable-and-stop-at-unmovable card-d0-s0-v2 card-d3-s0-v1 (0)
deal-card card-d3-s0-v0 card-d3-s0-v2 deal-1 card-d1-s0-v1 pile-1 (0)
deal-card card-d3-s0-v2 deal-1 deal-1 card-d3-s0-v3 pile-2 (0)
finish-dealing deal-1 deal-2 (0)
move-to-card card-d1-s0-v1 card-d2-s0-v0 card-d3-s0-v2 pile-2 (1)
change-tableau-and-continue card-d1-s0-v1 pile-1 pile-2 card-d3-s0-v0 (0)
change-tableau-and-stop card-d3-s0-v0 pile-1 pile-2 (0)
make-movable-and-stop card-d2-s0-v0 card-d1-s0-v0 (0)
move-to-card card-d3-s0-v2 card-d3-s0-v3 card-d1-s0-v3 pile-0 (1)
change-tableau-and-continue card-d3-s0-v2 pile-2 pile-0 card-d1-s0-v1 (0)
change-tableau-and-continue card-d1-s0-v1 pile-2 pile-0 card-d3-s0-v0 (0)
change-tableau-and-stop card-d3-s0-v0 pile-2 pile-0 (0)
start-collecting-deck card-d3-s0-v0 (1)
collect-card card-d3-s0-v0 card-d1-s0-v1 pile-0 (0)
collect-card card-d1-s0-v1 card-d3-s0-v2 pile-0 (0)
collect-card card-d3-s0-v2 card-d1-s0-v3 pile-0 (0)
finish-collecting-deck card-d1-s0-v3 card-d0-s0-v1 pile-0 (0)
make-movable-and-continue card-d0-s0-v1 card-d0-s0-v2 (0)
make-movable-and-stop card-d0-s0-v2 card-d3-s0-v1 (0)
move-to-card card-d2-s0-v0 card-d1-s0-v0 card-d0-s0-v1 pile-0 (1)
change-tableau-and-stop card-d2-s0-v0 pile-1 pile-0 (0)
make-movable-and-stop card-d1-s0-v0 card-d2-s0-v3 (0)
move-to-card card-d0-s0-v2 card-d3-s0-v1 card-d3-s0-v3 pile-2 (1)
change-tableau-and-continue card-d0-s0-v2 pile-0 pile-2 card-d0-s0-v1 (0)
change-tableau-and-continue card-d0-s0-v1 pile-0 pile-2 card-d2-s0-v0 (0)
change-tableau-and-stop card-d2-s0-v0 pile-0 pile-2 (0)
make-movable-and-stop card-d3-s0-v1 card-d0-s0-v0 (0)
move-to-card card-d1-s0-v0 card-d2-s0-v3 card-d3-s0-v1 pile-0 (1)
change-tableau-and-stop card-d1-s0-v0 pile-1 pile-0 (0)
make-movable-and-stop card-d2-s0-v3 pile-1 (0)
start-collecting-deck card-d2-s0-v0 (1)
collect-card card-d2-s0-v0 card-d0-s0-v1 pile-2 (0)
collect-card card-d0-s0-v1 card-d0-s0-v2 pile-2 (0)
collect-card card-d0-s0-v2 card-d3-s0-v3 pile-2 (0)
finish-collecting-deck card-d3-s0-v3 card-d1-s0-v2 pile-2 (0)
make-movable-and-stop card-d1-s0-v2 card-d2-s0-v2 (0)
move-to-card card-d3-s0-v1 card-d0-s0-v0 card-d1-s0-v2 pile-2 (1)
change-tableau-and-continue card-d3-s0-v1 pile-0 pile-2 card-d1-s0-v0 (0)
change-tableau-and-stop card-d1-s0-v0 pile-0 pile-2 (0)
make-movable-and-stop card-d0-s0-v0 card-d0-s0-v3 (0)
move-to-card card-d1-s0-v2 card-d2-s0-v2 card-d2-s0-v3 pile-1 (1)
change-tableau-and-continue card-d1-s0-v2 pile-2 pile-1 card-d3-s0-v1 (0)
change-tableau-and-continue card-d3-s0-v1 pile-2 pile-1 card-d1-s0-v0 (0)
change-tableau-and-stop card-d1-s0-v0 pile-2 pile-1 (0)
make-movable-and-stop card-d2-s0-v2 card-d2-s0-v1 (0)
start-collecting-deck card-d1-s0-v0 (1)
collect-card card-d1-s0-v0 card-d3-s0-v1 pile-1 (0)
collect-card card-d3-s0-v1 card-d1-s0-v2 pile-1 (0)
collect-card card-d1-s0-v2 card-d2-s0-v3 pile-1 (0)
finish-collecting-deck card-d2-s0-v3 pile-1 pile-1 (0)
make-movable-ignore-pile pile-1 (0)
move-to-tableau card-d2-s0-v2 card-d2-s0-v1 pile-1 (1)
change-tableau-and-stop card-d2-s0-v2 pile-2 pile-1 (0)
make-movable-and-stop card-d2-s0-v1 pile-2 (0)
move-to-card card-d0-s0-v0 card-d0-s0-v3 card-d2-s0-v1 pile-2 (1)
change-tableau-and-stop card-d0-s0-v0 pile-0 pile-2 (0)
make-movable-and-stop card-d0-s0-v3 pile-0 (0)
move-to-card card-d2-s0-v2 pile-1 card-d0-s0-v3 pile-0 (1)
change-tableau-and-stop card-d2-s0-v2 pile-1 pile-0 (0)
make-movable-ignore-pile pile-1 (0)
move-to-card card-d2-s0-v1 pile-2 card-d2-s0-v2 pile-0 (1)
change-tableau-and-continue card-d2-s0-v1 pile-2 pile-0 card-d0-s0-v0 (0)
change-tableau-and-stop card-d0-s0-v0 pile-2 pile-0 (0)
make-movable-ignore-pile pile-2 (0)
start-collecting-deck card-d0-s0-v0 (1)
collect-card card-d0-s0-v0 card-d2-s0-v1 pile-0 (0)
collect-card card-d2-s0-v1 card-d2-s0-v2 pile-0 (0)
collect-card card-d2-s0-v2 card-d0-s0-v3 pile-0 (0)
finish-collecting-deck card-d0-s0-v3 pile-0 pile-0 (0)
[t=0.399812s, 19704 KB] Plan length: 79 step(s).
[t=0.399812s, 19704 KB] Plan cost: 17
[t=0.399812s, 19704 KB] Expanded 354 state(s).
[t=0.399812s, 19704 KB] Reopened 1 state(s).
[t=0.399812s, 19704 KB] Evaluated 516 state(s).
[t=0.399812s, 19704 KB] Evaluations: 516
[t=0.399812s, 19704 KB] Generated 555 state(s).
[t=0.399812s, 19704 KB] Dead ends: 128 state(s).
[t=0.399812s, 19704 KB] Expanded until last jump: 324 state(s).
[t=0.399812s, 19704 KB] Reopened until last jump: 1 state(s).
[t=0.399812s, 19704 KB] Evaluated until last jump: 465 state(s).
[t=0.399812s, 19704 KB] Generated until last jump: 502 state(s).
[t=0.399812s, 19704 KB] Number of registered states: 516
[t=0.399812s, 19704 KB] Int hash set load factor: 516/1024 = 0.503906
[t=0.399812s, 19704 KB] Int hash set resizes: 10
[t=0.399812s, 19704 KB] Search time: 0.355854s
[t=0.399812s, 19704 KB] Total time: 0.399812s
Solution found.
Peak memory: 19704 KB
Remove intermediate file output.sas
search exit code: 0

INFO     Planner time: 1.56s
