INFO     planner time limit: 300s
INFO     planner memory limit: 4096 MB

INFO     Running translator.
INFO     translator stdin: None
INFO     translator time limit: 299s
INFO     translator memory limit: 4096 MB
INFO     translator command line string: /usr/bin/python3 /home/buser/planopt/planopt-hs25/demo/fast-downward/builds/release/bin/translate/translate.py /home/buser/KRP_Project/Spider_NoAxioms/domain.pddl /home/buser/KRP_Project/Spider_NoAxioms/instances/sat_p05.pddl --sas-file output.sas
Parsing...
Parsing: [0.010s CPU, 0.004s wall-clock]
Normalizing task... [0.000s CPU, 0.000s wall-clock]
Instantiating...
Generating Datalog program... [0.000s CPU, 0.001s wall-clock]
Normalizing Datalog program...
Trivial rules: Converted to facts.
Normalizing Datalog program: [0.000s CPU, 0.002s wall-clock]
Preparing model... [0.000s CPU, 0.001s wall-clock]
Generated 129 rules.
Computing model... [0.830s CPU, 0.826s wall-clock]
106263 relevant atoms
88354 auxiliary atoms
194617 final queue length
639647 total queue pushes
Completing instantiation... [3.940s CPU, 3.938s wall-clock]
Instantiating: [4.810s CPU, 4.800s wall-clock]
Computing fact groups...
Finding invariants...
28 initial candidates
Finding invariants: [0.010s CPU, 0.009s wall-clock]
Checking invariant weight... [0.000s CPU, 0.000s wall-clock]
Instantiating groups... [0.000s CPU, 0.001s wall-clock]
Collecting mutex groups... [0.000s CPU, 0.001s wall-clock]
Choosing groups...
1001 uncovered facts
Choosing groups: [0.000s CPU, 0.001s wall-clock]
Building translation key... [0.000s CPU, 0.001s wall-clock]
Computing fact groups: [0.020s CPU, 0.017s wall-clock]
Building STRIPS to SAS dictionary... [0.000s CPU, 0.001s wall-clock]
Building dictionary for full mutex groups... [0.000s CPU, 0.001s wall-clock]
Building mutex information...
Building mutex information: [0.000s CPU, 0.000s wall-clock]
Translating task...
Processing axioms...
Simplifying axioms... [0.000s CPU, 0.000s wall-clock]
Translator axioms removed by simplifying: 0
Processing axioms: [0.180s CPU, 0.181s wall-clock]
Translating task: [4.520s CPU, 4.496s wall-clock]
160975 effect conditions simplified
0 implied preconditions added
Detecting unreachable propositions...
0 operators removed
0 axioms removed
61 propositions removed
Detecting unreachable propositions: [3.200s CPU, 3.196s wall-clock]
Reordering and filtering variables...
1036 of 1038 variables necessary.
0 of 45 mutex groups necessary.
103363 of 103363 operators necessary.
0 of 0 axiom rules necessary.
Reordering and filtering variables: [1.230s CPU, 1.238s wall-clock]
Translator variables: 1036
Translator derived variables: 0
Translator facts: 3210
Translator goal facts: 54
Translator mutex groups: 0
Translator total mutex groups size: 0
Translator operators: 103363
Translator axioms: 0
Translator task size: 1452601
Translator peak memory: 739024 KB
Writing output... [0.710s CPU, 0.712s wall-clock]
Done! [14.660s CPU, 14.620s wall-clock]
translate exit code: 0

INFO     Running search (release).
INFO     search stdin: output.sas
INFO     search time limit: 285s
INFO     search memory limit: 4096 MB
INFO     search command line string: /home/buser/planopt/planopt-hs25/demo/fast-downward/builds/release/bin/downward --search --if-unit-cost 'let(hlm,landmark_sum(lm_reasonable_orders_hps(lm_rhw()),pref=false),let(hff,ff(),iterated([lazy_greedy([hff,hlm],preferred=[hff,hlm]),lazy_wastar([hff,hlm],preferred=[hff,hlm],w=5),lazy_wastar([hff,hlm],preferred=[hff,hlm],w=3),lazy_wastar([hff,hlm],preferred=[hff,hlm],w=2),lazy_wastar([hff,hlm],preferred=[hff,hlm],w=1)],repeat_last=true,continue_on_fail=true)))' --if-non-unit-cost 'let(hlm1,landmark_sum(lm_reasonable_orders_hps(lm_rhw()),transform=adapt_costs(one),pref=false),let(hff1,ff(transform=adapt_costs(one)),let(hlm2,landmark_sum(lm_reasonable_orders_hps(lm_rhw()),transform=adapt_costs(plusone),pref=false),let(hff2,ff(transform=adapt_costs(plusone)),iterated([lazy_greedy([hff1,hlm1],preferred=[hff1,hlm1],cost_type=one,reopen_closed=false),lazy_greedy([hff2,hlm2],preferred=[hff2,hlm2],reopen_closed=false),lazy_wastar([hff2,hlm2],preferred=[hff2,hlm2],w=5),lazy_wastar([hff2,hlm2],preferred=[hff2,hlm2],w=3),lazy_wastar([hff2,hlm2],preferred=[hff2,hlm2],w=2),lazy_wastar([hff2,hlm2],preferred=[hff2,hlm2],w=1)],repeat_last=true,continue_on_fail=true)))))' --always --internal-plan-file /home/buser/KRP_Project/runs/noaxioms_sat_p05_lama.plan < output.sas
[t=0.000000s, 14580 KB] reading input...
[t=0.443367s, 66248 KB] done reading input!
[t=0.447373s, 66644 KB] Initializing landmark sum heuristic...
[t=0.447373s, 66644 KB] Generating landmark graph...
[t=0.451371s, 70224 KB] Building a landmark graph with reasonable orders.
[t=0.459375s, 73900 KB] Initializing Exploration...
[t=0.527393s, 149756 KB] Generating landmarks using the RPG/SAS+ approach
[t=12.761831s, 158280 KB] Landmarks generation time: 12.310459s
[t=12.761831s, 158280 KB] Discovered 460 landmarks, of which 0 are disjunctive and 0 are conjunctive.
[t=12.761831s, 158280 KB] 7299 edges
[t=12.761831s, 158280 KB] approx. reasonable orders
[t=14.869987s, 158280 KB] Landmarks generation time: 14.422613s
[t=14.869987s, 158280 KB] Discovered 460 landmarks, of which 0 are disjunctive and 0 are conjunctive.
[t=14.869987s, 158280 KB] 7601 edges
[t=14.869987s, 158280 KB] Landmark graph generation time: 14.422613s
[t=14.869987s, 158280 KB] Landmark graph contains 460 landmarks, of which 0 are disjunctive and 0 are conjunctive.
[t=14.869987s, 158280 KB] Landmark graph contains 7601 orderings.
[t=14.929976s, 167552 KB] Simplifying 576531 unary operators... done! [576531 unary operators]
[t=16.106096s, 182204 KB] time to simplify: 1.176119s
[t=16.130108s, 205080 KB] Initializing additive heuristic...
[t=16.130108s, 205080 KB] Initializing FF heuristic...
[t=16.130108s, 205080 KB] Initializing landmark sum heuristic...
[t=16.130108s, 205080 KB] Generating landmark graph...
[t=16.138100s, 205080 KB] Building a landmark graph with reasonable orders.
[t=16.142098s, 205080 KB] Initializing Exploration...
[t=16.198105s, 225648 KB] Generating landmarks using the RPG/SAS+ approach
[t=28.889177s, 228020 KB] Landmarks generation time: 12.755070s
[t=28.893170s, 228020 KB] Discovered 460 landmarks, of which 0 are disjunctive and 0 are conjunctive.
[t=28.893170s, 228020 KB] 7299 edges
[t=28.893170s, 228020 KB] approx. reasonable orders
[t=31.006581s, 228020 KB] Landmarks generation time: 14.876473s
[t=31.006581s, 228020 KB] Discovered 460 landmarks, of which 0 are disjunctive and 0 are conjunctive.
[t=31.006581s, 228020 KB] 7601 edges
[t=31.006581s, 228020 KB] Landmark graph generation time: 14.876473s
[t=31.006581s, 228020 KB] Landmark graph contains 460 landmarks, of which 0 are disjunctive and 0 are conjunctive.
[t=31.006581s, 228020 KB] Landmark graph contains 7601 orderings.
[t=31.070403s, 248500 KB] Simplifying 576531 unary operators... done! [576531 unary operators]
[t=32.219242s, 252064 KB] time to simplify: 1.148839s
[t=32.243185s, 286412 KB] Initializing additive heuristic...
[t=32.243185s, 286412 KB] Initializing FF heuristic...
[t=32.243185s, 286412 KB] Building successor generator...done!
[t=32.271100s, 286412 KB] peak memory difference for successor generator creation: 0 KB
[t=32.271100s, 286412 KB] time for successor generation creation: 0.027915s
[t=32.271100s, 286412 KB] Variables: 1036
[t=32.271100s, 286412 KB] FactPairs: 3210
[t=32.271100s, 286412 KB] Bytes per state: 152
[t=32.271100s, 286412 KB] Building successor generator...done!
[t=32.271100s, 286412 KB] peak memory difference for successor generator creation: 0 KB
[t=32.271100s, 286412 KB] time for successor generation creation: 0.000000s
[t=32.271100s, 286412 KB] Variables: 1036
[t=32.271100s, 286412 KB] FactPairs: 3210
[t=32.271100s, 286412 KB] Bytes per state: 152
[t=32.271100s, 286412 KB] Starting search: lazy_greedy
[t=32.271100s, 286412 KB] Conducting lazy best first search, (real) bound = 2147483647
[t=32.283073s, 286412 KB] New best heuristic value for landmark_sum_heuristic: 230
[t=32.283073s, 286412 KB] New best heuristic value for ff: 166
[t=32.283073s, 286412 KB] g=0, 1 evaluated, 0 expanded
[t=32.283073s, 286412 KB] Initial heuristic value for landmark_sum_heuristic: 230
[t=32.283073s, 286412 KB] Initial heuristic value for ff: 166
[t=32.295043s, 286412 KB] New best heuristic value for landmark_sum_heuristic: 226
[t=32.295043s, 286412 KB] g=1, 3 evaluated, 1 expanded
[t=32.323168s, 286412 KB] New best heuristic value for ff: 163
[t=32.323168s, 286412 KB] g=3, 6 evaluated, 3 expanded
[t=32.338993s, 286412 KB] New best heuristic value for landmark_sum_heuristic: 222
[t=32.338993s, 286412 KB] g=4, 8 evaluated, 4 expanded
[t=32.366959s, 286412 KB] New best heuristic value for ff: 161
[t=32.366959s, 286412 KB] g=6, 11 evaluated, 7 expanded
[t=32.390958s, 286412 KB] New best heuristic value for landmark_sum_heuristic: 218
[t=32.390958s, 286412 KB] g=7, 14 evaluated, 9 expanded
[t=32.438887s, 286412 KB] New best heuristic value for ff: 155
[t=32.438887s, 286412 KB] g=10, 19 evaluated, 13 expanded
[t=32.462862s, 286412 KB] New best heuristic value for landmark_sum_heuristic: 216
[t=32.462862s, 286412 KB] g=11, 23 evaluated, 15 expanded
[t=32.486853s, 286412 KB] New best heuristic value for ff: 141
[t=32.486853s, 286412 KB] g=11, 25 evaluated, 17 expanded
[t=32.542783s, 286412 KB] New best heuristic value for ff: 140
[t=32.542783s, 286412 KB] g=14, 31 evaluated, 22 expanded
[t=32.574748s, 286412 KB] New best heuristic value for landmark_sum_heuristic: 214
[t=32.574748s, 286412 KB] g=15, 34 evaluated, 25 expanded
[t=32.654656s, 286412 KB] New best heuristic value for landmark_sum_heuristic: 213
[t=32.654656s, 286412 KB] g=19, 42 evaluated, 33 expanded
[t=32.762544s, 286412 KB] New best heuristic value for landmark_sum_heuristic: 211
[t=32.762544s, 286412 KB] g=23, 54 evaluated, 44 expanded
[t=32.910422s, 286412 KB] New best heuristic value for ff: 137
[t=32.910422s, 286412 KB] g=26, 68 evaluated, 56 expanded
[t=32.922406s, 286412 KB] New best heuristic value for landmark_sum_heuristic: 210
[t=32.922406s, 286412 KB] g=27, 69 evaluated, 57 expanded
[t=33.146218s, 286412 KB] New best heuristic value for landmark_sum_heuristic: 209
[t=33.146218s, 286412 KB] g=47, 89 evaluated, 77 expanded
[t=33.154208s, 286412 KB] New best heuristic value for landmark_sum_heuristic: 206
[t=33.154208s, 286412 KB] g=48, 90 evaluated, 78 expanded
[t=33.198173s, 286412 KB] New best heuristic value for landmark_sum_heuristic: 205
[t=33.198173s, 286412 KB] g=51, 97 evaluated, 81 expanded
[t=33.226171s, 286412 KB] New best heuristic value for landmark_sum_heuristic: 203
[t=33.226171s, 286412 KB] g=51, 99 evaluated, 83 expanded
[t=33.278107s, 286412 KB] New best heuristic value for landmark_sum_heuristic: 202
[t=33.278107s, 286412 KB] g=55, 107 evaluated, 87 expanded
[t=33.338065s, 286412 KB] New best heuristic value for landmark_sum_heuristic: 201
[t=33.338065s, 286412 KB] g=60, 112 evaluated, 92 expanded
[t=33.370028s, 286412 KB] New best heuristic value for landmark_sum_heuristic: 200
[t=33.370028s, 286412 KB] g=63, 115 evaluated, 95 expanded
[t=33.386019s, 286412 KB] New best heuristic value for landmark_sum_heuristic: 199
[t=33.386019s, 286412 KB] g=65, 117 evaluated, 97 expanded
[t=33.414004s, 286412 KB] New best heuristic value for landmark_sum_heuristic: 198
[t=33.414004s, 286412 KB] g=67, 120 evaluated, 100 expanded
[t=33.433981s, 286412 KB] New best heuristic value for landmark_sum_heuristic: 197
[t=33.433981s, 286412 KB] g=68, 122 evaluated, 102 expanded
[t=33.501919s, 286412 KB] New best heuristic value for landmark_sum_heuristic: 196
[t=33.501919s, 286412 KB] g=72, 129 evaluated, 109 expanded
[t=33.525910s, 286412 KB] New best heuristic value for landmark_sum_heuristic: 195
[t=33.525910s, 286412 KB] g=73, 131 evaluated, 111 expanded
[t=33.605826s, 286412 KB] New best heuristic value for landmark_sum_heuristic: 194
[t=33.605826s, 286412 KB] g=76, 140 evaluated, 120 expanded
[t=33.757704s, 286412 KB] New best heuristic value for landmark_sum_heuristic: 193
[t=33.757704s, 286412 KB] g=80, 157 evaluated, 135 expanded
[t=33.765703s, 286412 KB] New best heuristic value for landmark_sum_heuristic: 192
[t=33.765703s, 286412 KB] g=81, 158 evaluated, 136 expanded
[t=33.997505s, 286412 KB] New best heuristic value for landmark_sum_heuristic: 191
[t=33.997505s, 286412 KB] g=85, 186 evaluated, 160 expanded
[t=34.097424s, 286412 KB] New best heuristic value for landmark_sum_heuristic: 189
[t=34.097424s, 286412 KB] g=82, 197 evaluated, 171 expanded
[t=34.477161s, 286412 KB] New best heuristic value for landmark_sum_heuristic: 186
[t=34.477161s, 286412 KB] g=91, 241 evaluated, 207 expanded
[t=34.521142s, 286412 KB] New best heuristic value for landmark_sum_heuristic: 183
[t=34.521142s, 286412 KB] g=96, 246 evaluated, 212 expanded
[t=34.605076s, 286412 KB] New best heuristic value for landmark_sum_heuristic: 180
[t=34.605076s, 286412 KB] New best heuristic value for ff: 136
[t=34.605076s, 286412 KB] g=102, 256 evaluated, 221 expanded
[t=34.613069s, 286412 KB] New best heuristic value for ff: 135
[t=34.613069s, 286412 KB] g=103, 257 evaluated, 222 expanded
[t=34.625065s, 286412 KB] New best heuristic value for ff: 134
[t=34.625065s, 286412 KB] g=104, 258 evaluated, 223 expanded
[t=34.721008s, 286412 KB] New best heuristic value for landmark_sum_heuristic: 178
[t=34.721008s, 286412 KB] g=109, 270 evaluated, 232 expanded
[t=34.760979s, 286412 KB] New best heuristic value for ff: 133
[t=34.760979s, 286412 KB] g=112, 275 evaluated, 236 expanded
[t=34.788953s, 286412 KB] New best heuristic value for ff: 132
[t=34.788953s, 286412 KB] g=114, 278 evaluated, 239 expanded
[t=34.800958s, 286412 KB] New best heuristic value for ff: 131
[t=34.800958s, 286412 KB] g=115, 279 evaluated, 240 expanded
[t=35.016844s, 286412 KB] New best heuristic value for ff: 130
[t=35.016844s, 286412 KB] g=115, 310 evaluated, 258 expanded
[t=35.052818s, 286412 KB] New best heuristic value for landmark_sum_heuristic: 177
[t=35.052818s, 286412 KB] g=123, 314 evaluated, 261 expanded
[t=35.100799s, 286412 KB] New best heuristic value for landmark_sum_heuristic: 176
[t=35.100799s, 286412 KB] g=116, 321 evaluated, 266 expanded
[t=35.112790s, 286412 KB] New best heuristic value for ff: 129
[t=35.112790s, 286412 KB] g=117, 322 evaluated, 267 expanded
[t=35.124814s, 286412 KB] New best heuristic value for ff: 128
[t=35.124814s, 286412 KB] g=118, 323 evaluated, 268 expanded
[t=35.152762s, 286412 KB] New best heuristic value for ff: 127
[t=35.152762s, 286412 KB] g=119, 324 evaluated, 269 expanded
[t=35.164760s, 286412 KB] New best heuristic value for ff: 126
[t=35.164760s, 286412 KB] g=120, 325 evaluated, 270 expanded
[t=35.276700s, 286412 KB] New best heuristic value for landmark_sum_heuristic: 175
[t=35.276700s, 286412 KB] g=126, 338 evaluated, 280 expanded
[t=35.392644s, 286412 KB] New best heuristic value for landmark_sum_heuristic: 174
[t=35.392644s, 286412 KB] g=135, 353 evaluated, 291 expanded
[t=35.448621s, 286412 KB] New best heuristic value for landmark_sum_heuristic: 171
[t=35.452612s, 286412 KB] g=140, 360 evaluated, 297 expanded
[t=35.476596s, 286412 KB] New best heuristic value for landmark_sum_heuristic: 169
[t=35.476596s, 286412 KB] g=143, 363 evaluated, 300 expanded
[t=35.572556s, 286412 KB] New best heuristic value for landmark_sum_heuristic: 168
[t=35.572556s, 286412 KB] g=146, 374 evaluated, 308 expanded
[t=35.596542s, 286412 KB] New best heuristic value for ff: 125
[t=35.596542s, 286412 KB] g=148, 377 evaluated, 310 expanded
[t=35.608544s, 286412 KB] New best heuristic value for ff: 123
[t=35.608544s, 286412 KB] g=149, 378 evaluated, 311 expanded
[t=35.976379s, 286412 KB] New best heuristic value for landmark_sum_heuristic: 167
[t=35.976379s, 286412 KB] g=151, 432 evaluated, 344 expanded
[t=35.996368s, 286412 KB] New best heuristic value for ff: 122
[t=35.996368s, 286412 KB] g=153, 434 evaluated, 346 expanded
[t=36.056330s, 286412 KB] New best heuristic value for landmark_sum_heuristic: 166
[t=36.056330s, 286412 KB] g=154, 442 evaluated, 352 expanded
[t=36.080322s, 286412 KB] New best heuristic value for ff: 121
[t=36.080322s, 286412 KB] g=156, 445 evaluated, 354 expanded
[t=36.088310s, 286412 KB] New best heuristic value for ff: 120
[t=36.088310s, 286412 KB] g=157, 446 evaluated, 355 expanded
[t=36.108311s, 286412 KB] New best heuristic value for landmark_sum_heuristic: 163
[t=36.108311s, 286412 KB] g=158, 448 evaluated, 357 expanded
[t=36.128289s, 286412 KB] New best heuristic value for ff: 119
[t=36.128289s, 286412 KB] g=160, 451 evaluated, 359 expanded
[t=36.136294s, 286412 KB] New best heuristic value for ff: 118
[t=36.136294s, 286412 KB] g=161, 452 evaluated, 360 expanded
[t=36.144291s, 286412 KB] New best heuristic value for ff: 117
[t=36.144291s, 286412 KB] g=162, 453 evaluated, 361 expanded
[t=36.156283s, 286412 KB] New best heuristic value for landmark_sum_heuristic: 160
[t=36.156283s, 286412 KB] g=163, 455 evaluated, 362 expanded
[t=36.224289s, 286412 KB] New best heuristic value for ff: 116
[t=36.224289s, 286412 KB] g=168, 463 evaluated, 367 expanded
[t=36.232251s, 286412 KB] New best heuristic value for ff: 115
[t=36.232251s, 286412 KB] g=169, 464 evaluated, 368 expanded
[t=37.683841s, 286412 KB] New best heuristic value for landmark_sum_heuristic: 159
[t=37.683841s, 286412 KB] g=182, 657 evaluated, 500 expanded
[t=37.703833s, 286412 KB] New best heuristic value for ff: 114
[t=37.703833s, 286412 KB] g=184, 659 evaluated, 502 expanded
[t=37.831810s, 286412 KB] New best heuristic value for landmark_sum_heuristic: 158
[t=37.831810s, 286412 KB] g=190, 677 evaluated, 513 expanded
[t=37.927806s, 286412 KB] New best heuristic value for landmark_sum_heuristic: 157
[t=37.927806s, 286412 KB] g=192, 688 evaluated, 522 expanded
[t=37.967785s, 286412 KB] New best heuristic value for landmark_sum_heuristic: 154
[t=37.967785s, 286412 KB] g=196, 693 evaluated, 526 expanded
[t=37.995828s, 286412 KB] New best heuristic value for ff: 113
[t=37.995828s, 286412 KB] g=199, 697 evaluated, 529 expanded
[t=38.003782s, 286412 KB] New best heuristic value for ff: 112
[t=38.003782s, 286412 KB] g=200, 698 evaluated, 530 expanded
[t=38.463725s, 286412 KB] New best heuristic value for ff: 111
[t=38.463725s, 286412 KB] g=212, 751 evaluated, 571 expanded
[t=38.483730s, 286412 KB] New best heuristic value for landmark_sum_heuristic: 153
[t=38.483730s, 286412 KB] g=213, 753 evaluated, 573 expanded
[t=38.547720s, 286412 KB] New best heuristic value for ff: 110
[t=38.547720s, 286412 KB] g=218, 762 evaluated, 579 expanded
[t=38.643706s, 286412 KB] New best heuristic value for ff: 109
[t=38.643706s, 286412 KB] g=220, 775 evaluated, 588 expanded
[t=38.659723s, 286412 KB] New best heuristic value for ff: 108
[t=38.659723s, 286412 KB] g=221, 776 evaluated, 589 expanded
[t=38.675701s, 286412 KB] New best heuristic value for ff: 107
[t=38.675701s, 286412 KB] g=222, 778 evaluated, 591 expanded
[t=38.691700s, 286412 KB] New best heuristic value for ff: 106
[t=38.691700s, 286412 KB] g=223, 780 evaluated, 593 expanded
[t=95.196289s, 286412 KB] New best heuristic value for landmark_sum_heuristic: 152
[t=95.196289s, 286412 KB] g=231, 7487 evaluated, 5342 expanded
Peak memory: 286412 KB
caught signal 24 -- exiting
Time limit has been reached.
Remove intermediate file output.sas
search exit code: 23

Driver aborting after search
INFO     Planner time: 299.77s
