INFO     planner time limit: 300s
INFO     planner memory limit: 4096 MB

INFO     Running translator.
INFO     translator stdin: None
INFO     translator time limit: 299s
INFO     translator memory limit: 4096 MB
INFO     translator command line string: /usr/bin/python3 /home/buser/planopt/planopt-hs25/demo/fast-downward/builds/release/bin/translate/translate.py /home/buser/KRP_Project/Spider_NoAxioms/domain.pddl /home/buser/KRP_Project/Spider_NoAxioms/instances/opt_p01.pddl --sas-file output.sas
Parsing...
Parsing: [0.010s CPU, 0.006s wall-clock]
Normalizing task... [0.000s CPU, 0.000s wall-clock]
Instantiating...
Generating Datalog program... [0.000s CPU, 0.000s wall-clock]
Normalizing Datalog program...
Trivial rules: Converted to facts.
Normalizing Datalog program: [0.000s CPU, 0.003s wall-clock]
Preparing model... [0.010s CPU, 0.001s wall-clock]
Generated 129 rules.
Computing model... [0.040s CPU, 0.045s wall-clock]
3346 relevant atoms
4080 auxiliary atoms
7426 final queue length
21468 total queue pushes
Completing instantiation... [0.130s CPU, 0.127s wall-clock]
Instantiating: [0.180s CPU, 0.180s wall-clock]
Computing fact groups...
Finding invariants...
28 initial candidates
Finding invariants: [0.000s CPU, 0.005s wall-clock]
Checking invariant weight... [0.000s CPU, 0.000s wall-clock]
Instantiating groups... [0.000s CPU, 0.000s wall-clock]
Collecting mutex groups... [0.000s CPU, 0.000s wall-clock]
Choosing groups...
162 uncovered facts
Choosing groups: [0.000s CPU, 0.000s wall-clock]
Building translation key... [0.000s CPU, 0.000s wall-clock]
Computing fact groups: [0.000s CPU, 0.007s wall-clock]
Building STRIPS to SAS dictionary... [0.000s CPU, 0.000s wall-clock]
Building dictionary for full mutex groups... [0.000s CPU, 0.000s wall-clock]
Building mutex information...
Building mutex information: [0.000s CPU, 0.000s wall-clock]
Translating task...
Processing axioms...
Simplifying axioms... [0.000s CPU, 0.000s wall-clock]
Translator axioms removed by simplifying: 0
Processing axioms: [0.010s CPU, 0.010s wall-clock]
Translating task: [0.220s CPU, 0.218s wall-clock]
4207 effect conditions simplified
0 implied preconditions added
Detecting unreachable propositions...
0 operators removed
0 axioms removed
19 propositions removed
Detecting unreachable propositions: [0.110s CPU, 0.101s wall-clock]
Reordering and filtering variables...
170 of 172 variables necessary.
0 of 13 mutex groups necessary.
2870 of 2870 operators necessary.
0 of 0 axiom rules necessary.
Reordering and filtering variables: [0.060s CPU, 0.065s wall-clock]
Translator variables: 170
Translator derived variables: 0
Translator facts: 454
Translator goal facts: 17
Translator mutex groups: 0
Translator total mutex groups size: 0
Translator operators: 2870
Translator axioms: 0
Translator task size: 44385
Translator peak memory: 53372 KB
Writing output... [0.040s CPU, 0.042s wall-clock]
Done! [0.630s CPU, 0.629s wall-clock]
translate exit code: 0

INFO     Running search (release).
INFO     search stdin: output.sas
INFO     search time limit: 299s
INFO     search memory limit: 4096 MB
INFO     search command line string: /home/buser/planopt/planopt-hs25/demo/fast-downward/builds/release/bin/downward --search 'astar(lmcut())' --internal-plan-file /home/buser/KRP_Project/runs/noaxioms_opt_p01_lmcut.plan < output.sas
[t=0.003136s, 14580 KB] reading input...
[t=0.023101s, 16040 KB] done reading input!
[t=0.027088s, 17452 KB] Initializing landmark cut heuristic...
[t=0.027088s, 17452 KB] Building successor generator...done!
[t=0.027088s, 17980 KB] peak memory difference for successor generator creation: 528 KB
[t=0.027088s, 17980 KB] time for successor generation creation: 0.000000s
[t=0.027088s, 17980 KB] Variables: 170
[t=0.027088s, 17980 KB] FactPairs: 454
[t=0.027088s, 17980 KB] Bytes per state: 28
[t=0.027088s, 17980 KB] Conducting best first search with reopening closed nodes, (real) bound = 2147483647
[t=0.031089s, 17980 KB] New best heuristic value for lmcut: 8
[t=0.031089s, 17980 KB] g=0, 1 evaluated, 0 expanded
[t=0.031089s, 17980 KB] f = 8, 1 evaluated, 0 expanded
[t=0.031089s, 17980 KB] Initial heuristic value for lmcut: 8
[t=0.031089s, 17980 KB] pruning method: none
[t=0.031089s, 17980 KB] New best heuristic value for lmcut: 7
[t=0.031089s, 17980 KB] g=1, 2 evaluated, 1 expanded
[t=0.031089s, 17980 KB] New best heuristic value for lmcut: 6
[t=0.031089s, 17980 KB] g=1, 3 evaluated, 1 expanded
[t=0.035102s, 17980 KB] New best heuristic value for lmcut: 5
[t=0.035102s, 17980 KB] g=2, 8 evaluated, 5 expanded
[t=0.051086s, 17980 KB] f = 9, 30 evaluated, 24 expanded, 1 reopened
[t=0.063094s, 17980 KB] f = 10, 42 evaluated, 33 expanded, 1 reopened
[t=0.071097s, 17980 KB] New best heuristic value for lmcut: 4
[t=0.071097s, 17980 KB] g=4, 52 evaluated, 42 expanded, 1 reopened
[t=0.075110s, 17980 KB] New best heuristic value for lmcut: 3
[t=0.075110s, 17980 KB] g=5, 63 evaluated, 46 expanded, 1 reopened
[t=0.103087s, 17980 KB] f = 11, 95 evaluated, 72 expanded, 1 reopened
[t=0.127091s, 17980 KB] f = 12, 123 evaluated, 91 expanded, 1 reopened
[t=0.179085s, 17980 KB] New best heuristic value for lmcut: 2
[t=0.179085s, 17980 KB] g=7, 202 evaluated, 146 expanded, 1 reopened
[t=0.255086s, 17980 KB] f = 13, 312 evaluated, 229 expanded, 1 reopened
[t=0.359085s, 17980 KB] f = 14, 460 evaluated, 361 expanded, 11 reopened
[t=0.479133s, 17980 KB] f = 15, 624 evaluated, 491 expanded, 12 reopened
[t=0.710813s, 17980 KB] f = 16, 952 evaluated, 726 expanded, 12 reopened
[t=0.850534s, 17980 KB] New best heuristic value for lmcut: 1
[t=0.850534s, 17980 KB] g=15, 1215 evaluated, 900 expanded, 12 reopened
[t=0.850534s, 17980 KB] New best heuristic value for lmcut: 0
[t=0.850534s, 17980 KB] g=16, 1224 evaluated, 904 expanded, 12 reopened
[t=0.850534s, 17980 KB] Solution found!
[t=0.850534s, 17980 KB] Actual search time: 0.819445s
start-dealing  (1)
deal-card card-d0-s1-v0 card-d0-s0-v0 deal-0 card-d0-s3-v2 pile-0 (0)
make-unmovable-and-stop-at-unmovable card-d0-s3-v2 card-d0-s1-v2 (0)
deal-card card-d0-s0-v0 card-d0-s3-v1 deal-0 card-d0-s2-v2 pile-1 (0)
make-unmovable-and-stop-at-unmovable card-d0-s2-v2 card-d0-s2-v1 (0)
deal-card card-d0-s3-v1 deal-0 deal-0 card-d0-s0-v1 pile-2 (0)
make-unmovable-and-stop-at-unmovable card-d0-s0-v1 card-d0-s2-v0 (0)
finish-dealing deal-0 deal-1 (0)
start-dealing  (1)
deal-card card-d0-s1-v1 card-d0-s0-v2 deal-1 card-d0-s1-v0 pile-0 (0)
make-unmovable-and-stop-at-unmovable card-d0-s1-v0 card-d0-s3-v2 (0)
deal-card card-d0-s0-v2 card-d0-s3-v0 deal-1 card-d0-s0-v0 pile-1 (0)
make-unmovable-and-stop-at-unmovable card-d0-s0-v0 card-d0-s2-v2 (0)
deal-card card-d0-s3-v0 deal-1 deal-1 card-d0-s3-v1 pile-2 (0)
finish-dealing deal-1 deal-2 (0)
move-to-card card-d0-s1-v1 card-d0-s1-v0 card-d0-s0-v2 pile-1 (1)
change-tableau-and-stop card-d0-s1-v1 pile-0 pile-1 (0)
make-unmovable-and-stop-at-unmovable card-d0-s0-v2 card-d0-s0-v0 (0)
make-movable-and-stop card-d0-s1-v0 card-d0-s3-v2 (0)
move-to-card card-d0-s1-v0 card-d0-s3-v2 card-d0-s1-v1 pile-1 (1)
change-tableau-and-stop card-d0-s1-v0 pile-0 pile-1 (0)
make-movable-and-stop card-d0-s3-v2 card-d0-s1-v2 (0)
move-to-card card-d0-s3-v1 card-d0-s0-v1 card-d0-s3-v2 pile-0 (1)
change-tableau-and-continue card-d0-s3-v1 pile-2 pile-0 card-d0-s3-v0 (0)
change-tableau-and-stop card-d0-s3-v0 pile-2 pile-0 (0)
make-movable-and-stop card-d0-s0-v1 card-d0-s2-v0 (0)
start-collecting-deck card-d0-s3-v0 (1)
collect-card card-d0-s3-v0 card-d0-s3-v1 pile-0 (0)
collect-card card-d0-s3-v1 card-d0-s3-v2 pile-0 (0)
finish-collecting-deck card-d0-s3-v2 card-d0-s1-v2 pile-0 (0)
make-movable-and-stop card-d0-s1-v2 pile-0 (0)
move-to-card card-d0-s1-v1 card-d0-s0-v2 card-d0-s1-v2 pile-0 (1)
change-tableau-and-continue card-d0-s1-v1 pile-1 pile-0 card-d0-s1-v0 (0)
change-tableau-and-stop card-d0-s1-v0 pile-1 pile-0 (0)
make-movable-and-stop card-d0-s0-v2 card-d0-s0-v0 (0)
move-to-card card-d0-s0-v1 card-d0-s2-v0 card-d0-s0-v2 pile-1 (1)
change-tableau-and-stop card-d0-s0-v1 pile-2 pile-1 (0)
make-movable-and-stop card-d0-s2-v0 pile-2 (0)
start-collecting-deck card-d0-s1-v0 (1)
collect-card card-d0-s1-v0 card-d0-s1-v1 pile-0 (0)
collect-card card-d0-s1-v1 card-d0-s1-v2 pile-0 (0)
finish-collecting-deck card-d0-s1-v2 pile-0 pile-0 (0)
make-movable-ignore-pile pile-0 (0)
move-to-tableau card-d0-s0-v2 card-d0-s0-v0 pile-0 (1)
change-tableau-and-continue card-d0-s0-v2 pile-1 pile-0 card-d0-s0-v1 (0)
change-tableau-and-stop card-d0-s0-v1 pile-1 pile-0 (0)
make-movable-and-stop card-d0-s0-v0 card-d0-s2-v2 (0)
move-to-card card-d0-s0-v0 card-d0-s2-v2 card-d0-s0-v1 pile-0 (1)
change-tableau-and-stop card-d0-s0-v0 pile-1 pile-0 (0)
make-movable-and-stop card-d0-s2-v2 card-d0-s2-v1 (0)
start-collecting-deck card-d0-s0-v0 (1)
collect-card card-d0-s0-v0 card-d0-s0-v1 pile-0 (0)
collect-card card-d0-s0-v1 card-d0-s0-v2 pile-0 (0)
finish-collecting-deck card-d0-s0-v2 pile-0 pile-0 (0)
make-movable-ignore-pile pile-0 (0)
move-to-tableau card-d0-s2-v2 card-d0-s2-v1 pile-0 (1)
change-tableau-and-stop card-d0-s2-v2 pile-1 pile-0 (0)
make-movable-and-stop card-d0-s2-v1 pile-1 (0)
move-to-card card-d0-s2-v0 pile-2 card-d0-s2-v1 pile-1 (1)
change-tableau-and-stop card-d0-s2-v0 pile-2 pile-1 (0)
make-movable-ignore-pile pile-2 (0)
move-to-card card-d0-s2-v1 pile-1 card-d0-s2-v2 pile-0 (1)
change-tableau-and-continue card-d0-s2-v1 pile-1 pile-0 card-d0-s2-v0 (0)
change-tableau-and-stop card-d0-s2-v0 pile-1 pile-0 (0)
make-movable-ignore-pile pile-1 (0)
start-collecting-deck card-d0-s2-v0 (1)
collect-card card-d0-s2-v0 card-d0-s2-v1 pile-0 (0)
collect-card card-d0-s2-v1 card-d0-s2-v2 pile-0 (0)
finish-collecting-deck card-d0-s2-v2 pile-0 pile-0 (0)
[t=0.850534s, 17980 KB] Plan length: 69 step(s).
[t=0.850534s, 17980 KB] Plan cost: 16
[t=0.850534s, 17980 KB] Expanded 908 state(s).
[t=0.850534s, 17980 KB] Reopened 12 state(s).
[t=0.850534s, 17980 KB] Evaluated 1232 state(s).
[t=0.850534s, 17980 KB] Evaluations: 1232
[t=0.850534s, 17980 KB] Generated 1330 state(s).
[t=0.850534s, 17980 KB] Dead ends: 198 state(s).
[t=0.850534s, 17980 KB] Expanded until last jump: 726 state(s).
[t=0.850534s, 17980 KB] Reopened until last jump: 12 state(s).
[t=0.850534s, 17980 KB] Evaluated until last jump: 952 state(s).
[t=0.850534s, 17980 KB] Generated until last jump: 1042 state(s).
[t=0.850534s, 17980 KB] Number of registered states: 1232
[t=0.850534s, 17980 KB] Int hash set load factor: 1232/2048 = 0.601562
[t=0.850534s, 17980 KB] Int hash set resizes: 11
[t=0.850534s, 17980 KB] Search time: 0.823446s
[t=0.850534s, 17980 KB] Total time: 0.850534s
Solution found.
Peak memory: 17980 KB
Remove intermediate file output.sas
search exit code: 0

INFO     Planner time: 1.62s
