INFO     planner time limit: 300s
INFO     planner memory limit: 4096 MB

INFO     Running translator.
INFO     translator stdin: None
INFO     translator time limit: 299s
INFO     translator memory limit: 4096 MB
INFO     translator command line string: /usr/bin/python3 /home/buser/planopt/planopt-hs25/demo/fast-downward/builds/release/bin/translate/translate.py /home/buser/KRP_Project/Spider_NoAxioms/domain.pddl /home/buser/KRP_Project/Spider_NoAxioms/instances/opt_p11.pddl --sas-file output.sas
Parsing...
Parsing: [0.010s CPU, 0.008s wall-clock]
Normalizing task... [0.000s CPU, 0.000s wall-clock]
Instantiating...
Generating Datalog program... [0.000s CPU, 0.001s wall-clock]
Normalizing Datalog program...
Trivial rules: Converted to facts.
Normalizing Datalog program: [0.000s CPU, 0.003s wall-clock]
Preparing model... [0.010s CPU, 0.002s wall-clock]
Generated 129 rules.
Computing model... [0.330s CPU, 0.327s wall-clock]
24301 relevant atoms
22330 auxiliary atoms
46631 final queue length
156993 total queue pushes
Completing instantiation... [1.420s CPU, 1.418s wall-clock]
Instantiating: [1.770s CPU, 1.764s wall-clock]
Computing fact groups...
Finding invariants...
28 initial candidates
Finding invariants: [0.010s CPU, 0.009s wall-clock]
Checking invariant weight... [0.000s CPU, 0.000s wall-clock]
Instantiating groups... [0.000s CPU, 0.001s wall-clock]
Collecting mutex groups... [0.000s CPU, 0.001s wall-clock]
Choosing groups...
472 uncovered facts
Choosing groups: [0.000s CPU, 0.001s wall-clock]
Building translation key... [0.000s CPU, 0.002s wall-clock]
Computing fact groups: [0.020s CPU, 0.018s wall-clock]
Building STRIPS to SAS dictionary... [0.000s CPU, 0.001s wall-clock]
Building dictionary for full mutex groups... [0.000s CPU, 0.001s wall-clock]
Building mutex information...
Building mutex information: [0.000s CPU, 0.000s wall-clock]
Translating task...
Processing axioms...
Simplifying axioms... [0.000s CPU, 0.000s wall-clock]
Translator axioms removed by simplifying: 0
Processing axioms: [0.080s CPU, 0.080s wall-clock]
Translating task: [1.740s CPU, 1.744s wall-clock]
33022 effect conditions simplified
0 implied preconditions added
Detecting unreachable propositions...
0 operators removed
0 axioms removed
39 propositions removed
Detecting unreachable propositions: [1.180s CPU, 1.175s wall-clock]
Reordering and filtering variables...
494 of 496 variables necessary.
0 of 29 mutex groups necessary.
22863 of 22863 operators necessary.
0 of 0 axiom rules necessary.
Reordering and filtering variables: [0.500s CPU, 0.501s wall-clock]
Translator variables: 494
Translator derived variables: 0
Translator facts: 1452
Translator goal facts: 35
Translator mutex groups: 0
Translator total mutex groups size: 0
Translator operators: 22863
Translator axioms: 0
Translator task size: 337704
Translator peak memory: 197668 KB
Writing output... [0.410s CPU, 0.414s wall-clock]
Done! [5.690s CPU, 5.683s wall-clock]
translate exit code: 0

INFO     Running search (release).
INFO     search stdin: output.sas
INFO     search time limit: 294s
INFO     search memory limit: 4096 MB
INFO     search command line string: /home/buser/planopt/planopt-hs25/demo/fast-downward/builds/release/bin/downward --search 'astar(lmcut())' --internal-plan-file /home/buser/KRP_Project/runs/noaxioms_opt_p11_lmcut.plan < output.sas
[t=0.000000s, 14580 KB] reading input...
[t=0.191893s, 26228 KB] done reading input!
[t=0.211895s, 35684 KB] Initializing landmark cut heuristic...
[t=0.211895s, 35684 KB] Building successor generator...done!
[t=0.223899s, 39760 KB] peak memory difference for successor generator creation: 4076 KB
[t=0.223899s, 39760 KB] time for successor generation creation: 0.012004s
[t=0.223899s, 39760 KB] Variables: 494
[t=0.223899s, 39760 KB] FactPairs: 1452
[t=0.223899s, 39760 KB] Bytes per state: 76
[t=0.223899s, 39760 KB] Conducting best first search with reopening closed nodes, (real) bound = 2147483647
[t=0.239900s, 39760 KB] New best heuristic value for lmcut: 10
[t=0.239900s, 39760 KB] g=0, 1 evaluated, 0 expanded
[t=0.239900s, 39760 KB] f = 10, 1 evaluated, 0 expanded
[t=0.239900s, 39760 KB] Initial heuristic value for lmcut: 10
[t=0.239900s, 39760 KB] pruning method: none
[t=0.247897s, 39760 KB] New best heuristic value for lmcut: 9
[t=0.247897s, 39760 KB] g=1, 2 evaluated, 1 expanded
[t=0.499958s, 39760 KB] f = 11, 25 evaluated, 10 expanded
[t=0.603898s, 39760 KB] New best heuristic value for lmcut: 8
[t=0.603898s, 39760 KB] g=1, 35 evaluated, 22 expanded
[t=0.715897s, 39760 KB] New best heuristic value for lmcut: 7
[t=0.715897s, 39760 KB] g=2, 47 evaluated, 28 expanded
[t=1.519898s, 39760 KB] New best heuristic value for lmcut: 6
[t=1.519898s, 39760 KB] g=4, 131 evaluated, 85 expanded, 2 reopened
[t=1.863878s, 39760 KB] f = 12, 169 evaluated, 125 expanded, 17 reopened
[t=2.587885s, 39760 KB] New best heuristic value for lmcut: 5
[t=2.587885s, 39760 KB] g=7, 251 evaluated, 170 expanded, 17 reopened
[t=4.883864s, 39760 KB] f = 13, 491 evaluated, 318 expanded, 22 reopened
[t=6.099703s, 39760 KB] New best heuristic value for lmcut: 4
[t=6.099703s, 39760 KB] g=7, 631 evaluated, 440 expanded, 22 reopened
[t=15.467432s, 39760 KB] f = 14, 1560 evaluated, 1380 expanded, 277 reopened
[t=30.735089s, 39760 KB] f = 15, 3048 evaluated, 2719 expanded, 375 reopened
[t=58.626944s, 39760 KB] f = 16, 5780 evaluated, 4884 expanded, 494 reopened
[t=128.205089s, 39760 KB] f = 17, 12593 evaluated, 10816 expanded, 1122 reopened
[t=287.129731s, 40568 KB] f = 18, 29154 evaluated, 23564 expanded, 2006 reopened
Peak memory: 41172 KB
caught signal 24 -- exiting
Time limit has been reached.
Remove intermediate file output.sas
search exit code: 23

Driver aborting after search
INFO     Planner time: 299.92s
