INFO     planner time limit: 300s
INFO     planner memory limit: 4096 MB

INFO     Running translator.
INFO     translator stdin: None
INFO     translator time limit: 299s
INFO     translator memory limit: 4096 MB
INFO     translator command line string: /usr/bin/python3 /home/buser/planopt/planopt-hs25/demo/fast-downward/builds/release/bin/translate/translate.py /home/buser/KRP_Project/Spider_NoAxioms/domain.pddl /home/buser/KRP_Project/Spider_NoAxioms/instances/opt_p15.pddl --sas-file output.sas
Parsing...
Parsing: [0.000s CPU, 0.008s wall-clock]
Normalizing task... [0.000s CPU, 0.000s wall-clock]
Instantiating...
Generating Datalog program... [0.010s CPU, 0.001s wall-clock]
Normalizing Datalog program...
Trivial rules: Converted to facts.
Normalizing Datalog program: [0.000s CPU, 0.003s wall-clock]
Preparing model... [0.000s CPU, 0.002s wall-clock]
Generated 129 rules.
Computing model... [0.070s CPU, 0.072s wall-clock]
5092 relevant atoms
6344 auxiliary atoms
11436 final queue length
32329 total queue pushes
Completing instantiation... [0.210s CPU, 0.202s wall-clock]
Instantiating: [0.290s CPU, 0.282s wall-clock]
Computing fact groups...
Finding invariants...
28 initial candidates
Finding invariants: [0.000s CPU, 0.006s wall-clock]
Checking invariant weight... [0.000s CPU, 0.000s wall-clock]
Instantiating groups... [0.010s CPU, 0.002s wall-clock]
Collecting mutex groups... [0.000s CPU, 0.000s wall-clock]
Choosing groups...
211 uncovered facts
Choosing groups: [0.000s CPU, 0.001s wall-clock]
Building translation key... [0.000s CPU, 0.001s wall-clock]
Computing fact groups: [0.010s CPU, 0.010s wall-clock]
Building STRIPS to SAS dictionary... [0.000s CPU, 0.000s wall-clock]
Building dictionary for full mutex groups... [0.000s CPU, 0.000s wall-clock]
Building mutex information...
Building mutex information: [0.000s CPU, 0.000s wall-clock]
Translating task...
Processing axioms...
Simplifying axioms... [0.000s CPU, 0.000s wall-clock]
Translator axioms removed by simplifying: 0
Processing axioms: [0.020s CPU, 0.018s wall-clock]
Translating task: [0.330s CPU, 0.327s wall-clock]
6784 effect conditions simplified
0 implied preconditions added
Detecting unreachable propositions...
0 operators removed
0 axioms removed
23 propositions removed
Detecting unreachable propositions: [0.160s CPU, 0.169s wall-clock]
Reordering and filtering variables...
222 of 225 variables necessary.
0 of 17 mutex groups necessary.
4387 of 4387 operators necessary.
0 of 0 axiom rules necessary.
Reordering and filtering variables: [0.110s CPU, 0.105s wall-clock]
Translator variables: 222
Translator derived variables: 0
Translator facts: 614
Translator goal facts: 21
Translator mutex groups: 0
Translator total mutex groups size: 0
Translator operators: 4387
Translator axioms: 0
Translator task size: 63661
Translator peak memory: 63564 KB
Writing output... [0.060s CPU, 0.063s wall-clock]
Done! [0.970s CPU, 0.978s wall-clock]
translate exit code: 0

INFO     Running search (release).
INFO     search stdin: output.sas
INFO     search time limit: 298s
INFO     search memory limit: 4096 MB
INFO     search command line string: /home/buser/planopt/planopt-hs25/demo/fast-downward/builds/release/bin/downward --search 'astar(blind())' --internal-plan-file /home/buser/KRP_Project/runs/noaxioms_opt_p15_blind.plan < output.sas
[t=0.000000s, 14580 KB] reading input...
[t=0.040068s, 16840 KB] done reading input!
[t=0.044077s, 17104 KB] Initializing blind search heuristic...
[t=0.044077s, 17104 KB] Building successor generator...done!
[t=0.044077s, 17772 KB] peak memory difference for successor generator creation: 668 KB
[t=0.044077s, 17772 KB] time for successor generation creation: 0.000000s
[t=0.044077s, 17772 KB] Variables: 222
[t=0.044077s, 17772 KB] FactPairs: 614
[t=0.044077s, 17772 KB] Bytes per state: 36
[t=0.044077s, 17772 KB] Conducting best first search with reopening closed nodes, (real) bound = 2147483647
[t=0.044077s, 17772 KB] New best heuristic value for blind: 0
[t=0.044077s, 17772 KB] g=0, 1 evaluated, 0 expanded
[t=0.044077s, 17772 KB] f = 0, 1 evaluated, 0 expanded
[t=0.044077s, 17772 KB] Initial heuristic value for blind: 0
[t=0.044077s, 17772 KB] pruning method: none
[t=0.044077s, 17772 KB] f = 1, 3 evaluated, 1 expanded
[t=0.048178s, 17772 KB] f = 2, 11 evaluated, 9 expanded
[t=0.048178s, 17772 KB] f = 3, 25 evaluated, 20 expanded
[t=0.048178s, 17772 KB] f = 4, 50 evaluated, 38 expanded
[t=0.048178s, 17772 KB] f = 5, 85 evaluated, 69 expanded
[t=0.048178s, 17772 KB] f = 6, 129 evaluated, 108 expanded
[t=0.048178s, 17772 KB] f = 7, 182 evaluated, 152 expanded
[t=0.048178s, 17772 KB] f = 8, 266 evaluated, 224 expanded
[t=0.048178s, 17772 KB] f = 9, 371 evaluated, 317 expanded
[t=0.048178s, 17772 KB] f = 10, 490 evaluated, 425 expanded
[t=0.048178s, 17772 KB] f = 11, 622 evaluated, 553 expanded
[t=0.048178s, 17772 KB] f = 12, 774 evaluated, 704 expanded
[t=0.048178s, 17772 KB] f = 13, 897 evaluated, 838 expanded
[t=0.052129s, 17772 KB] f = 14, 1024 evaluated, 958 expanded
[t=0.052129s, 17772 KB] f = 15, 1113 evaluated, 1065 expanded
[t=0.052129s, 17772 KB] f = 16, 1235 evaluated, 1159 expanded
[t=0.052129s, 17772 KB] f = 17, 1422 evaluated, 1310 expanded
[t=0.052129s, 17772 KB] Solution found!
[t=0.052129s, 17772 KB] Actual search time: 0.008052s
start-dealing  (1)
deal-card card-d0-s0-v1 card-d1-s0-v1 deal-0 card-d0-s0-v2 pile-0 (0)
deal-card card-d1-s0-v1 card-d3-s0-v3 deal-0 card-d2-s0-v0 pile-1 (0)
make-unmovable-and-stop-at-unmovable card-d2-s0-v0 card-d1-s0-v0 (0)
deal-card card-d3-s0-v3 deal-0 deal-0 card-d1-s0-v2 pile-2 (0)
make-unmovable-and-stop-at-unmovable card-d1-s0-v2 card-d2-s0-v2 (0)
finish-dealing deal-0 deal-1 (0)
start-dealing  (1)
deal-card card-d1-s0-v3 card-d3-s0-v0 deal-1 card-d0-s0-v1 pile-0 (0)
make-unmovable-and-continue card-d0-s0-v1 card-d0-s0-v2 (0)
make-unmovable-and-stop-at-unmovable card-d0-s0-v2 card-d3-s0-v1 (0)
deal-card card-d3-s0-v0 card-d3-s0-v2 deal-1 card-d1-s0-v1 pile-1 (0)
deal-card card-d3-s0-v2 deal-1 deal-1 card-d3-s0-v3 pile-2 (0)
finish-dealing deal-1 deal-2 (0)
move-to-card card-d3-s0-v2 card-d3-s0-v3 card-d1-s0-v3 pile-0 (1)
change-tableau-and-stop card-d3-s0-v2 pile-2 pile-0 (0)
move-to-card card-d1-s0-v1 card-d2-s0-v0 card-d3-s0-v2 pile-0 (1)
change-tableau-and-continue card-d1-s0-v1 pile-1 pile-0 card-d3-s0-v0 (0)
change-tableau-and-stop card-d3-s0-v0 pile-1 pile-0 (0)
make-movable-and-stop card-d2-s0-v0 card-d1-s0-v0 (0)
start-collecting-deck card-d3-s0-v0 (1)
collect-card card-d3-s0-v0 card-d1-s0-v1 pile-0 (0)
collect-card card-d1-s0-v1 card-d3-s0-v2 pile-0 (0)
collect-card card-d3-s0-v2 card-d1-s0-v3 pile-0 (0)
finish-collecting-deck card-d1-s0-v3 card-d0-s0-v1 pile-0 (0)
make-movable-and-continue card-d0-s0-v1 card-d0-s0-v2 (0)
make-movable-and-stop card-d0-s0-v2 card-d3-s0-v1 (0)
move-to-card card-d0-s0-v2 card-d3-s0-v1 card-d3-s0-v3 pile-2 (1)
change-tableau-and-continue card-d0-s0-v2 pile-0 pile-2 card-d0-s0-v1 (0)
change-tableau-and-stop card-d0-s0-v1 pile-0 pile-2 (0)
make-movable-and-stop card-d3-s0-v1 card-d0-s0-v0 (0)
move-to-card card-d2-s0-v0 card-d1-s0-v0 card-d0-s0-v1 pile-2 (1)
change-tableau-and-stop card-d2-s0-v0 pile-1 pile-2 (0)
make-movable-and-stop card-d1-s0-v0 card-d2-s0-v3 (0)
start-collecting-deck card-d2-s0-v0 (1)
collect-card card-d2-s0-v0 card-d0-s0-v1 pile-2 (0)
collect-card card-d0-s0-v1 card-d0-s0-v2 pile-2 (0)
collect-card card-d0-s0-v2 card-d3-s0-v3 pile-2 (0)
finish-collecting-deck card-d3-s0-v3 card-d1-s0-v2 pile-2 (0)
make-movable-and-stop card-d1-s0-v2 card-d2-s0-v2 (0)
move-to-card card-d1-s0-v0 card-d2-s0-v3 card-d3-s0-v1 pile-0 (1)
change-tableau-and-stop card-d1-s0-v0 pile-1 pile-0 (0)
make-movable-and-stop card-d2-s0-v3 pile-1 (0)
move-to-card card-d1-s0-v2 card-d2-s0-v2 card-d2-s0-v3 pile-1 (1)
change-tableau-and-stop card-d1-s0-v2 pile-2 pile-1 (0)
make-movable-and-stop card-d2-s0-v2 card-d2-s0-v1 (0)
move-to-card card-d3-s0-v1 card-d0-s0-v0 card-d1-s0-v2 pile-1 (1)
change-tableau-and-continue card-d3-s0-v1 pile-0 pile-1 card-d1-s0-v0 (0)
change-tableau-and-stop card-d1-s0-v0 pile-0 pile-1 (0)
make-movable-and-stop card-d0-s0-v0 card-d0-s0-v3 (0)
start-collecting-deck card-d1-s0-v0 (1)
collect-card card-d1-s0-v0 card-d3-s0-v1 pile-1 (0)
collect-card card-d3-s0-v1 card-d1-s0-v2 pile-1 (0)
collect-card card-d1-s0-v2 card-d2-s0-v3 pile-1 (0)
finish-collecting-deck card-d2-s0-v3 pile-1 pile-1 (0)
make-movable-ignore-pile pile-1 (0)
move-to-tableau card-d0-s0-v0 card-d0-s0-v3 pile-1 (1)
change-tableau-and-stop card-d0-s0-v0 pile-0 pile-1 (0)
make-movable-and-stop card-d0-s0-v3 pile-0 (0)
move-to-card card-d2-s0-v2 card-d2-s0-v1 card-d0-s0-v3 pile-0 (1)
change-tableau-and-stop card-d2-s0-v2 pile-2 pile-0 (0)
make-movable-and-stop card-d2-s0-v1 pile-2 (0)
move-to-card card-d2-s0-v1 pile-2 card-d2-s0-v2 pile-0 (1)
change-tableau-and-stop card-d2-s0-v1 pile-2 pile-0 (0)
make-movable-ignore-pile pile-2 (0)
move-to-card card-d0-s0-v0 pile-1 card-d2-s0-v1 pile-0 (1)
change-tableau-and-stop card-d0-s0-v0 pile-1 pile-0 (0)
make-movable-ignore-pile pile-1 (0)
start-collecting-deck card-d0-s0-v0 (1)
collect-card card-d0-s0-v0 card-d2-s0-v1 pile-0 (0)
collect-card card-d2-s0-v1 card-d2-s0-v2 pile-0 (0)
collect-card card-d2-s0-v2 card-d0-s0-v3 pile-0 (0)
finish-collecting-deck card-d0-s0-v3 pile-0 pile-0 (0)
[t=0.052129s, 17772 KB] Plan length: 73 step(s).
[t=0.052129s, 17772 KB] Plan cost: 17
[t=0.052129s, 17772 KB] Expanded 1535 state(s).
[t=0.052129s, 17772 KB] Reopened 0 state(s).
[t=0.052129s, 17772 KB] Evaluated 1684 state(s).
[t=0.052129s, 17772 KB] Evaluations: 1684
[t=0.052129s, 17772 KB] Generated 1922 state(s).
[t=0.052129s, 17772 KB] Dead ends: 0 state(s).
[t=0.052129s, 17772 KB] Expanded until last jump: 1310 state(s).
[t=0.052129s, 17772 KB] Reopened until last jump: 0 state(s).
[t=0.052129s, 17772 KB] Evaluated until last jump: 1422 state(s).
[t=0.052129s, 17772 KB] Generated until last jump: 1600 state(s).
[t=0.052129s, 17772 KB] Number of registered states: 1684
[t=0.052129s, 17772 KB] Int hash set load factor: 1684/2048 = 0.822266
[t=0.052129s, 17772 KB] Int hash set resizes: 11
[t=0.052129s, 17772 KB] Search time: 0.008052s
[t=0.052129s, 17772 KB] Total time: 0.052129s
Solution found.
Peak memory: 17772 KB
Remove intermediate file output.sas
search exit code: 0

INFO     Planner time: 1.22s
